
Allocating common symbols
Common symbol       size              file

netbufpool          0x4               binaries/net.o
readylist           0x2               binaries/ready.o
rfltab              0x5a0             binaries/rflinit.o
netportseed         0x8               binaries/net.o
sleepq              0x2               binaries/clkinit.o
nnames              0x4               binaries/naminit.o
udptab              0x168             binaries/udp.o
minheap             0x4               binaries/meminit.o
marks               0x50              binaries/mark.o
currpid             0x4               binaries/initialize.o
Lf_data             0x20c             binaries/lfsinit.o
porttab             0x2d0             binaries/ptinit.o
girmask             0x2               binaries/evec.o
ttytab              0x110             binaries/ttyinit.o
proctab             0x15e0            binaries/initialize.o
prcount             0x4               binaries/initialize.o
lfltab              0xf00             binaries/lflinit.o
rdstab              0x8c              binaries/rdsinit.o
ethertab            0x130             binaries/ethinit.o
NetData             0xb0              binaries/net.o
nmarks              0x4               binaries/mark.o
initsp              0x4               binaries/i386.o
Defer               0x8               binaries/resched.o
semtab              0x4b0             binaries/initialize.o
maxheap             0x4               binaries/meminit.o
preempt             0x4               binaries/clkinit.o
buftab              0xf0              binaries/bufinit.o
Rf_data             0x18              binaries/rfsinit.o
mkmutex             0x4               binaries/mark.o
clktime             0x4               binaries/clkinit.o
arpcache            0x140             binaries/arp.o
icmptab             0x230             binaries/icmp.o
nbpools             0x4               binaries/bufinit.o
queuetab            0x980             binaries/queue.o
ptnextid            0x4               binaries/ptinit.o
Ram                 0x19000           binaries/raminit.o
ipoqueue            0x2c              binaries/ip.o
memlist             0x8               binaries/initialize.o
nametab             0x19a0            binaries/naminit.o
ptfree              0x4               binaries/ptinit.o

Memory Configuration

Name             Origin             Length             Attributes
*default*        0x0000000000000000 0xffffffffffffffff

Linker script and memory map

                0x0000000000100000                physbase = 0x100000
                0x0000000000100000                . = physbase
                0x0000000000100000                . = ALIGN (0x1000)

.text           0x0000000000100000    0x1a000
                0x0000000000100000                text = ABSOLUTE (.)
 *(.text .text.*)
 .text          0x0000000000100000      0x165 binaries/start.o
                0x0000000000100020                entry
                0x000000000010003d                start
                0x00000000001000a5                inb
                0x00000000001000ad                inw
                0x00000000001000b6                inl
                0x00000000001000be                outb
                0x00000000001000c8                outw
                0x00000000001000d3                outl
                0x00000000001000dd                _rtcin
                0x00000000001000e8                ___udivsi3
                0x00000000001000f3                ___divsi3
                0x00000000001000ff                sbzero
                0x000000000010010f                bcopy
                0x0000000000100123                insw
                0x0000000000100139                outsw
                0x000000000010014f                lidt
                0x0000000000100157                jumptocode
                0x000000000010015e                jumptobootcode
 .text          0x0000000000100165      0x3e3 binaries/ascdate.o
                0x0000000000100165                ascdate
 .text          0x0000000000100548       0x14 binaries/bufinit.o
                0x0000000000100548                bufinit
 .text          0x000000000010055c       0x94 binaries/chprio.o
                0x000000000010055c                chprio
 .text          0x00000000001005f0       0x96 binaries/clkhandler.o
                0x00000000001005f0                clkhandler
 .text          0x0000000000100686       0x7e binaries/clkinit.o
                0x0000000000100686                clkinit
 .text          0x0000000000100704       0x75 binaries/close.o
                0x0000000000100704                close
 .text          0x0000000000100779        0x0 binaries/conf.o
 .text          0x0000000000100779       0x7b binaries/control.o
                0x0000000000100779                control
 .text          0x00000000001007f4      0x2c0 binaries/create.o
                0x00000000001007f4                create
 .text          0x0000000000100ab4      0x359 binaries/evec.o
                0x0000000000100ab4                initevec
                0x0000000000100b0b                set_evec
                0x0000000000100bad                trap
 .text          0x0000000000100e0d       0x19 binaries/exit.o
                0x0000000000100e0d                exit
 .text          0x0000000000100e26       0x8c binaries/freebuf.o
                0x0000000000100e26                freebuf
 .text          0x0000000000100eb2      0x172 binaries/freemem.o
                0x0000000000100eb2                freemem
 .text          0x0000000000101024       0x8a binaries/getbuf.o
                0x0000000000101024                getbuf
 .text          0x00000000001010ae       0x75 binaries/getc.o
                0x00000000001010ae                getc
 .text          0x0000000000101123       0x74 binaries/getdev.o
                0x0000000000101123                getdev
 .text          0x0000000000101197       0xd0 binaries/getitem.o
                0x0000000000101197                getfirst
                0x00000000001011dc                getlast
                0x0000000000101223                getitem
 .text          0x0000000000101267      0x10a binaries/getmem.o
                0x0000000000101267                getmem
 .text          0x0000000000101371        0xa binaries/getpid.o
                0x0000000000101371                getpid
 .text          0x000000000010137b       0x7d binaries/getprio.o
                0x000000000010137b                getprio
 .text          0x00000000001013f8       0xfb binaries/getstk.o
                0x00000000001013f8                getstk
 .text          0x00000000001014f3       0x16 binaries/getticks.o
                0x00000000001014f3                getticks
 .text          0x0000000000101509       0x3a binaries/gettime.o
                0x0000000000101509                gettime
 .text          0x0000000000101543      0x1e4 binaries/getutime.o
                0x0000000000101543                getutime
 .text          0x0000000000101727      0x3c5 binaries/i386.o
                0x0000000000101727                setsegs
                0x0000000000101839                init8259
                0x00000000001018eb                pseg
                0x0000000000101a93                setirmask
 .text          0x0000000000101aec       0x75 binaries/init.o
                0x0000000000101aec                init
 .text          0x0000000000101b61      0x3c8 binaries/initialize.o
                0x0000000000101b61                nulluser
                0x0000000000101ed0                stop
                0x0000000000101efb                delay
 .text          0x0000000000101f29       0xde binaries/insert.o
                0x0000000000101f29                insert
 .text          0x0000000000102007      0x110 binaries/insertd.o
                0x0000000000102007                insertd
 .text          0x0000000000102117        0xa binaries/ioerr.o
                0x0000000000102117                ioerr
 .text          0x0000000000102121        0xa binaries/ionull.o
                0x0000000000102121                ionull
 .text          0x000000000010212b      0x19d binaries/kill.o
                0x000000000010212b                kill
 .text          0x00000000001022c8      0x14e binaries/kprintf.o
                0x00000000001022c8                kputc
                0x000000000010235b                kgetc
                0x00000000001023ec                kprintf
 .text          0x0000000000102416      0x158 binaries/main.o
                0x0000000000102416                main
                0x0000000000102514                priohog_func
                0x0000000000102541                victim_func
 .text          0x000000000010256e       0xb5 binaries/mark.o
                0x000000000010256e                markinit
                0x0000000000102592                mark
 .text          0x0000000000102623       0xcc binaries/meminit.o
                0x0000000000102623                meminit
 .text          0x00000000001026ef      0x174 binaries/mkbufpool.o
                0x00000000001026ef                mkbufpool
 .text          0x0000000000102863       0x94 binaries/newqueue.o
                0x0000000000102863                newqueue
 .text          0x00000000001028f7       0x7b binaries/open.o
                0x00000000001028f7                open
 .text          0x0000000000102972       0x20 binaries/panic.o
                0x0000000000102972                panic
 .text          0x0000000000102992      0x489 binaries/pci.o
                0x0000000000102992                pci_init
                0x0000000000102c4f                find_pci_device
                0x0000000000102c9d                pci_bios_read_config_byte
                0x0000000000102cdc                pci_bios_read_config_word
                0x0000000000102d1e                pci_bios_read_config_dword
                0x0000000000102d5d                pci_bios_write_config_byte
                0x0000000000102d9e                pci_bios_write_config_word
                0x0000000000102de0                pci_bios_write_config_dword
 .text          0x0000000000102e1b       0xbb binaries/print_ready_list.o
                0x0000000000102e1b                print_ready_list
 .text          0x0000000000102ed6       0xf1 binaries/ptclear.o
                0x0000000000102ed6                _ptclear
 .text          0x0000000000102fc7       0x9d binaries/ptcount.o
                0x0000000000102fc7                ptcount
 .text          0x0000000000103064      0x116 binaries/ptcreate.o
                0x0000000000103064                ptcreate
 .text          0x000000000010317a       0x7f binaries/ptdelete.o
                0x000000000010317a                ptdelete
 .text          0x00000000001031f9       0xbf binaries/ptinit.o
                0x00000000001031f9                ptinit
 .text          0x00000000001032b8      0x11b binaries/ptrecv.o
                0x00000000001032b8                ptrecv
 .text          0x00000000001033d3       0x77 binaries/ptreset.o
                0x00000000001033d3                ptreset
 .text          0x000000000010344a      0x13d binaries/ptsend.o
                0x000000000010344a                ptsend
 .text          0x0000000000103587       0x80 binaries/putc.o
                0x0000000000103587                putc
 .text          0x0000000000103607      0x111 binaries/queue.o
                0x0000000000103607                enqueue
                0x00000000001036ab                dequeue
 .text          0x0000000000103718       0x7b binaries/read.o
                0x0000000000103718                read
 .text          0x0000000000103793       0x7e binaries/ready.o
                0x0000000000103793                ready
 .text          0x0000000000103811       0x62 binaries/receive.o
                0x0000000000103811                receive
 .text          0x0000000000103873       0x5e binaries/recvclr.o
                0x0000000000103873                recvclr
 .text          0x00000000001038d1       0xbd binaries/recvtime.o
                0x00000000001038d1                recvtime
 .text          0x000000000010398e      0x16c binaries/resched.o
                0x000000000010398e                resched
                0x0000000000103a85                resched_cntl
 .text          0x0000000000103afa       0xb1 binaries/resume.o
                0x0000000000103afa                resume
 .text          0x0000000000103bab       0x79 binaries/seek.o
                0x0000000000103bab                seek
 .text          0x0000000000103c24       0x70 binaries/semcount.o
                0x0000000000103c24                semcount
 .text          0x0000000000103c94       0xd6 binaries/semcreate.o
                0x0000000000103c94                semcreate
 .text          0x0000000000103d6a       0xcd binaries/semdelete.o
                0x0000000000103d6a                semdelete
 .text          0x0000000000103e37       0xcb binaries/semreset.o
                0x0000000000103e37                semreset
 .text          0x0000000000103f02       0xed binaries/send.o
                0x0000000000103f02                send
 .text          0x0000000000103fef       0xa8 binaries/signal.o
                0x0000000000103fef                signal
 .text          0x0000000000104097       0xd6 binaries/signaln.o
                0x0000000000104097                signaln
 .text          0x000000000010416d       0xed binaries/sleep.o
                0x000000000010416d                sleep
                0x00000000001041bb                sleepms
 .text          0x000000000010425a      0x192 binaries/stacktrace.o
                0x000000000010425a                stacktrace
 .text          0x00000000001043ec       0xe7 binaries/suspend.o
                0x00000000001043ec                suspend
 .text          0x00000000001044d3       0xe9 binaries/unsleep.o
                0x00000000001044d3                unsleep
 .text          0x00000000001045bc       0x19 binaries/userret.o
                0x00000000001045bc                userret
 .text          0x00000000001045d5       0xdd binaries/wait.o
                0x00000000001045d5                wait
 .text          0x00000000001046b2       0x72 binaries/wakeup.o
                0x00000000001046b2                wakeup
 .text          0x0000000000104724       0x7b binaries/write.o
                0x0000000000104724                write
 .text          0x000000000010479f       0x1d binaries/xdone.o
                0x000000000010479f                xdone
 .text          0x00000000001047bc       0x28 binaries/yield.o
                0x00000000001047bc                yield
 .text          0x00000000001047e4       0x11 binaries/abs.o
                0x00000000001047e4                abs
 .text          0x00000000001047f5       0x8f binaries/atoi.o
                0x00000000001047f5                atoi
 .text          0x0000000000104884       0x8f binaries/atol.o
                0x0000000000104884                atol
 .text          0x0000000000104913       0x31 binaries/bzero.o
                0x0000000000104913                bzero
 .text          0x0000000000104944        0x0 binaries/ctype_.o
 .text          0x0000000000104944      0x8ed binaries/doprnt.o
                0x0000000000104944                _doprnt
 .text          0x0000000000105231      0x65c binaries/doscan.o
                0x0000000000105231                _doscan
 .text          0x000000000010588d      0x711 binaries/fdoprnt.o
                0x000000000010588d                _fdoprnt
 .text          0x0000000000105f9e       0x29 binaries/fgetc.o
                0x0000000000105f9e                fgetc
 .text          0x0000000000105fc7       0x75 binaries/fgets.o
                0x0000000000105fc7                fgets
 .text          0x000000000010603c       0x2a binaries/fprintf.o
                0x000000000010603c                fprintf
 .text          0x0000000000106066       0x2c binaries/fputc.o
                0x0000000000106066                fputc
 .text          0x0000000000106092       0x43 binaries/fputs.o
                0x0000000000106092                fputs
 .text          0x00000000001060d5       0x8a binaries/fscanf.o
                0x00000000001060d5                fscanf
 .text          0x000000000010615f       0x32 binaries/getchar.o
                0x000000000010615f                getchar
 .text          0x0000000000106191       0x11 binaries/labs.o
                0x0000000000106191                labs
 .text          0x00000000001061a2        0x0 binaries/memchr.o
 .text          0x00000000001061a2       0x51 binaries/memcmp.o
                0x00000000001061a2                memcmp
 .text          0x00000000001061f3       0x3f binaries/memcpy.o
                0x00000000001061f3                memcpy
 .text          0x0000000000106232       0x30 binaries/memset.o
                0x0000000000106232                memset
 .text          0x0000000000106262       0x48 binaries/printf.o
                0x0000000000106262                printf
 .text          0x00000000001062aa       0x35 binaries/putchar.o
                0x00000000001062aa                putchar
 .text          0x00000000001062df      0x27e binaries/qsort.o
                0x00000000001062df                qsort
 .text          0x000000000010655d       0x63 binaries/rand.o
                0x000000000010655d                rand
                0x0000000000106575                rand_r
                0x00000000001065b3                srand
 .text          0x00000000001065c0       0x66 binaries/sprintf.o
                0x00000000001065c0                sprintf
 .text          0x0000000000106626       0x70 binaries/sscanf.o
                0x0000000000106626                sscanf
 .text          0x0000000000106696       0x3c binaries/strchr.o
                0x0000000000106696                strchr
 .text          0x00000000001066d2       0x45 binaries/strcmp.o
                0x00000000001066d2                strcmp
 .text          0x0000000000106717       0x27 binaries/strcpy.o
                0x0000000000106717                strcpy
 .text          0x000000000010673e       0x26 binaries/strlen.o
                0x000000000010673e                strlen
 .text          0x0000000000106764       0x56 binaries/strncat.o
                0x0000000000106764                strncat
 .text          0x00000000001067ba       0x5f binaries/strncmp.o
                0x00000000001067ba                strncmp
 .text          0x0000000000106819       0x4f binaries/strncpy.o
                0x0000000000106819                strncpy
 .text          0x0000000000106868       0x2e binaries/strnlen.o
                0x0000000000106868                strnlen
 .text          0x0000000000106896       0x45 binaries/strrchr.o
                0x0000000000106896                strrchr
 .text          0x00000000001068db       0x6d binaries/strstr.o
                0x00000000001068db                strstr
 .text          0x0000000000106948       0xe4 binaries/ttycontrol.o
                0x0000000000106948                ttycontrol
 .text          0x0000000000106a2c       0x97 binaries/ttygetc.o
                0x0000000000106a2c                ttygetc
 .text          0x0000000000106ac3      0x6ee binaries/ttyhandle_in.o
                0x0000000000106ac3                ttyhandle_in
 .text          0x00000000001071b1      0x1ae binaries/ttyhandle_out.o
                0x00000000001071b1                ttyhandle_out
 .text          0x000000000010735f       0xce binaries/ttyhandler.o
                0x000000000010735f                ttyhandler
 .text          0x000000000010742d      0x22f binaries/ttyinit.o
                0x000000000010742d                ttyinit
 .text          0x000000000010765c       0x1b binaries/ttykickout.o
                0x000000000010765c                ttykickout
 .text          0x0000000000107677       0xb7 binaries/ttyputc.o
                0x0000000000107677                ttyputc
 .text          0x000000000010772e      0x11b binaries/ttyread.o
                0x000000000010772e                ttyread
 .text          0x0000000000107849       0x4f binaries/ttywrite.o
                0x0000000000107849                ttywrite
 .text          0x0000000000107898      0x14b binaries/mount.o
                0x0000000000107898                mount
                0x00000000001079ad                namlen
 .text          0x00000000001079e3      0x1ea binaries/naminit.o
                0x00000000001079e3                naminit
 .text          0x0000000000107bcd      0x211 binaries/nammap.o
                0x0000000000107bcd                nammap
                0x0000000000107c58                namrepl
                0x0000000000107d8e                namcpy
 .text          0x0000000000107dde       0x4e binaries/namopen.o
                0x0000000000107dde                namopen
 .text          0x0000000000107e2c      0xec3 binaries/82545EMInit.o
                0x0000000000107e8a                _82545EMInit
                0x0000000000108b5b                _82545EM_read_phy_reg
                0x0000000000108c21                _82545EM_write_phy_reg
 .text          0x0000000000108cef      0x241 binaries/ethcontrol.o
                0x0000000000108d4d                ethcontrol
                0x0000000000108ec3                ethIrqDisable
                0x0000000000108ef8                ethIrqEnable
 .text          0x0000000000108f30      0x252 binaries/ethhandler.o
                0x00000000001090a0                ethhandler
 .text          0x0000000000109182      0x126 binaries/ethinit.o
                0x0000000000109182                ethinit
 .text          0x00000000001092a8      0x1f4 binaries/ethread.o
                0x0000000000109306                ethread
 .text          0x000000000010949c      0x19f binaries/ethwrite.o
                0x00000000001094fa                ethwrite
 .text          0x000000000010963b       0x9e binaries/rdsbufalloc.o
                0x000000000010963b                rdsbufalloc
 .text          0x00000000001096d9       0xcc binaries/rdsclose.o
                0x00000000001096d9                rdsclose
 .text          0x00000000001097a5      0x2e8 binaries/rdscomm.o
                0x00000000001097a5                rdscomm
 .text          0x0000000000109a8d      0x233 binaries/rdscontrol.o
                0x0000000000109a8d                rdscontrol
 .text          0x0000000000109cc0      0x1f3 binaries/rdsinit.o
                0x0000000000109cc0                rdsinit
 .text          0x0000000000109eb3      0x19b binaries/rdsopen.o
                0x0000000000109eb3                rdsopen
 .text          0x000000000010a04e      0x461 binaries/rdsprocess.o
                0x000000000010a04e                rdsprocess
 .text          0x000000000010a4af      0x259 binaries/rdsread.o
                0x000000000010a4af                rdsread
 .text          0x000000000010a708      0x1fe binaries/rdswrite.o
                0x000000000010a708                rdswrite
 .text          0x000000000010a906        0xa binaries/ramclose.o
                0x000000000010a906                ramclose
 .text          0x000000000010a910       0x3e binaries/raminit.o
                0x000000000010a910                raminit
 .text          0x000000000010a94e        0xa binaries/ramopen.o
                0x000000000010a94e                ramopen
 .text          0x000000000010a958       0x32 binaries/ramread.o
                0x000000000010a958                ramread
 .text          0x000000000010a98a       0x32 binaries/ramwrite.o
                0x000000000010a98a                ramwrite
 .text          0x000000000010a9bc       0x98 binaries/lfdballoc.o
                0x000000000010a9bc                lfdballoc
 .text          0x000000000010aa54       0x58 binaries/lfdbfree.o
                0x000000000010aa54                lfdbfree
 .text          0x000000000010aaac       0xb6 binaries/lfflush.o
                0x000000000010aaac                lfflush
 .text          0x000000000010ab62       0xd8 binaries/lfgetmode.o
                0x000000000010ab62                lfgetmode
 .text          0x000000000010ac3a       0x68 binaries/lfiballoc.o
                0x000000000010ac3a                lfiballoc
 .text          0x000000000010aca2       0x3b binaries/lfibclear.o
                0x000000000010aca2                lfibclear
 .text          0x000000000010acdd       0xad binaries/lfibget.o
                0x000000000010acdd                lfibget
 .text          0x000000000010ad8a       0xdc binaries/lfibput.o
                0x000000000010ad8a                lfibput
 .text          0x000000000010ae66       0xa2 binaries/lflclose.o
                0x000000000010ae66                lflclose
 .text          0x000000000010af08       0xd0 binaries/lflcontrol.o
                0x000000000010af08                lflcontrol
 .text          0x000000000010afd8       0xf2 binaries/lflgetc.o
                0x000000000010afd8                lflgetc
 .text          0x000000000010b0ca       0xf1 binaries/lflinit.o
                0x000000000010b0ca                lflinit
 .text          0x000000000010b1bb      0x122 binaries/lflputc.o
                0x000000000010b1bb                lflputc
 .text          0x000000000010b2dd       0x70 binaries/lflread.o
                0x000000000010b2dd                lflread
 .text          0x000000000010b34d       0xac binaries/lflseek.o
                0x000000000010b34d                lflseek
 .text          0x000000000010b3f9       0x55 binaries/lflwrite.o
                0x000000000010b3f9                lflwrite
 .text          0x000000000010b44e       0x62 binaries/lfscheck.o
                0x000000000010b44e                lfscheck
 .text          0x000000000010b4b0      0x175 binaries/lfsckfmt.o
                0x000000000010b4b0                lfsckfmt
 .text          0x000000000010b625      0x1ad binaries/lfscreate.o
                0x000000000010b625                lfscreate
 .text          0x000000000010b7d2      0x278 binaries/lfsetup.o
                0x000000000010b7d2                lfsetup
 .text          0x000000000010ba4a       0x51 binaries/lfsinit.o
                0x000000000010ba4a                lfsinit
 .text          0x000000000010ba9b      0x3c0 binaries/lfsopen.o
                0x000000000010ba9b                lfsopen
 .text          0x000000000010be5b      0x15e binaries/lftruncate.o
                0x000000000010be5b                lftruncate
 .text          0x000000000010bfb9       0x71 binaries/rflclose.o
                0x000000000010bfb9                rflclose
 .text          0x000000000010c02a       0x32 binaries/rflgetc.o
                0x000000000010c02a                rflgetc
 .text          0x000000000010c05c       0x76 binaries/rflinit.o
                0x000000000010c05c                rflinit
 .text          0x000000000010c0d2       0x33 binaries/rflputc.o
                0x000000000010c0d2                rflputc
 .text          0x000000000010c105      0x360 binaries/rflread.o
                0x000000000010c105                rflread
 .text          0x000000000010c465       0x74 binaries/rflseek.o
                0x000000000010c465                rflseek
 .text          0x000000000010c4d9      0x34d binaries/rflwrite.o
                0x000000000010c4d9                rflwrite
 .text          0x000000000010c826      0x1e2 binaries/rfscomm.o
                0x000000000010c826                rfscomm
 .text          0x000000000010ca08      0x26d binaries/rfscontrol.o
                0x000000000010ca08                rfscontrol
 .text          0x000000000010cc75       0xd8 binaries/rfsgetmode.o
                0x000000000010cc75                rfsgetmode
 .text          0x000000000010cd4d       0x86 binaries/rfsinit.o
                0x000000000010cd4d                rfsinit
 .text          0x000000000010cdd3      0x111 binaries/rfsndmsg.o
                0x000000000010cdd3                rfsndmsg
 .text          0x000000000010cee4      0x2aa binaries/rfsopen.o
                0x000000000010cee4                rfsopen
 .text          0x000000000010d18e      0x836 binaries/arp.o
                0x000000000010d18e                arp_init
                0x000000000010d1c0                arp_resolve
                0x000000000010d474                arp_in
                0x000000000010d72c                arp_alloc
                0x000000000010d7ec                arp_ntoh
                0x000000000010d8d8                arp_hton
 .text          0x000000000010d9c4      0x8e3 binaries/dhcp.o
                0x000000000010d9c4                dhcp_get_opt_val
                0x000000000010da1d                dhcp_bld_bootp_msg
                0x000000000010db2a                dhcp_bld_disc
                0x000000000010dc13                dhcp_bld_req
                0x000000000010dd85                getlocalip
 .text          0x000000000010e2a7      0x59f binaries/dns.o
                0x000000000010e2a7                dnslookup
 .text          0x000000000010e846       0xe8 binaries/dot2ip.o
                0x000000000010e846                dot2ip
 .text          0x000000000010e92e      0x4c4 binaries/hexdump.o
                0x000000000010e92e                hexdump
                0x000000000010ead5                hexadump
 .text          0x000000000010edf2      0x8af binaries/icmp.o
                0x000000000010edf2                icmp_init
                0x000000000010ee29                icmp_in
                0x000000000010efff                icmp_register
                0x000000000010f0fa                icmp_recv
                0x000000000010f286                icmp_send
                0x000000000010f30e                icmp_mkpkt
                0x000000000010f428                icmp_release
                0x000000000010f526                icmp_cksum
                0x000000000010f5b9                icmp_hton
                0x000000000010f62d                icmp_ntoh
 .text          0x000000000010f6a1      0x8a5 binaries/ip.o
                0x000000000010f6a1                ip_in
                0x000000000010f825                ip_send
                0x000000000010f980                ip_local
                0x000000000010f9cc                ip_out
                0x000000000010fb05                ipcksum
                0x000000000010fb8b                ip_ntoh
                0x000000000010fc77                ip_hton
                0x000000000010fd63                ipout
                0x000000000010fe92                ip_enqueue
 .text          0x000000000010ff46      0x2cd binaries/net.o
                0x000000000010ff46                net_init
                0x000000000011006e                netin
                0x000000000011012b                eth_hton
                0x0000000000110155                eth_ntoh
                0x000000000011017f                getport
 .text          0x0000000000110213     0x147f binaries/pdump.o
                0x0000000000110213                pdump
                0x0000000000110fd0                pdumph
 .text          0x0000000000111692      0x613 binaries/tftp.o
                0x0000000000111692                tftp_send1
                0x000000000011180a                tftpget
                0x000000000011183c                tftpget_mb
 .text          0x0000000000111ca5      0xb82 binaries/udp.o
                0x0000000000111ca5                udp_init
                0x0000000000111cda                udp_in
                0x0000000000111e1c                udp_register
                0x0000000000111f59                udp_recv
                0x00000000001120f5                udp_recvaddr
                0x00000000001122a9                udp_send
                0x0000000000112491                udp_sendto
                0x0000000000112642                udp_release
                0x000000000011273d                udp_ntoh
                0x00000000001127b2                udp_hton
 .text          0x0000000000112827      0x13b binaries/addargs.o
                0x0000000000112827                addargs
 .text          0x0000000000112962      0x2c9 binaries/lexan.o
                0x0000000000112962                lexan
 .text          0x0000000000112c2b      0x667 binaries/shell.o
                0x0000000000112c2b                shell
 .text          0x0000000000113292       0x69 binaries/xsh_argecho.o
                0x0000000000113292                xsh_argecho
 .text          0x00000000001132fb      0x275 binaries/xsh_arp.o
                0x00000000001132fb                xsh_arp
 .text          0x0000000000113570      0x275 binaries/xsh_cat.o
                0x0000000000113570                xsh_cat
 .text          0x00000000001137e5       0x5f binaries/xsh_clear.o
                0x00000000001137e5                xsh_clear
 .text          0x0000000000113844      0x2ff binaries/xsh_date.o
                0x0000000000113844                xsh_date
 .text          0x0000000000113b43       0xaf binaries/xsh_devdump.o
                0x0000000000113b43                xsh_devdump
 .text          0x0000000000113bf2       0x72 binaries/xsh_echo.o
                0x0000000000113bf2                xsh_echo
 .text          0x0000000000113c64        0xa binaries/xsh_exit.o
                0x0000000000113c64                xsh_exit
 .text          0x0000000000113c6e      0x38b binaries/xsh_help.o
                0x0000000000113c6e                xsh_help
 .text          0x0000000000113ff9      0x24e binaries/xsh_kill.o
                0x0000000000113ff9                xsh_kill
 .text          0x0000000000114247      0x54b binaries/xsh_memdump.o
                0x0000000000114247                xsh_memdump
 .text          0x0000000000114792      0x2b1 binaries/xsh_memstat.o
                0x0000000000114792                xsh_memstat
 .text          0x0000000000114a43      0x511 binaries/xsh_netinfo.o
                0x0000000000114a43                xsh_netinfo
 .text          0x0000000000114f54      0x498 binaries/xsh_ping.o
                0x0000000000114f54                xsh_ping
 .text          0x00000000001153ec      0x229 binaries/xsh_ps.o
                0x00000000001153ec                xsh_ps
 .text          0x0000000000115615      0x22a binaries/xsh_sleep.o
                0x0000000000115615                xsh_sleep
 .text          0x000000000011583f      0x27c binaries/xsh_udpdump.o
                0x000000000011583f                xsh_udpdump
 .text          0x0000000000115abb      0x4cc binaries/xsh_udpecho.o
                0x0000000000115abb                xsh_udpecho
 .text          0x0000000000115f87      0x2b6 binaries/xsh_udpserver.o
                0x0000000000115f87                xsh_udpeserver
 .text          0x000000000011623d      0x1f5 binaries/xsh_uptime.o
                0x000000000011623d                xsh_uptime
 .text          0x0000000000116432        0xe binaries/clkdisp.o
                0x0000000000116432                clkdisp
 .text          0x0000000000116440       0x19 binaries/ctxsw.o
                0x0000000000116440                ctxsw
 .text          0x0000000000116459      0x36b binaries/intr.o
                0x0000000000116459                disable
                0x0000000000116462                restore
                0x0000000000116470                enable
                0x0000000000116472                pause
                0x0000000000116479                halt
                0x000000000011647f                spurious_irq7
                0x0000000000116484                spurious_irq15
                0x0000000000116493                _Xint0
                0x000000000011649e                _Xint1
                0x00000000001164a9                _Xint2
                0x00000000001164b4                _Xint3
                0x00000000001164bf                _Xint4
                0x00000000001164ca                _Xint5
                0x00000000001164d5                _Xint6
                0x00000000001164e0                _Xint7
                0x00000000001164eb                _Xint8
                0x00000000001164f6                _Xint9
                0x0000000000116501                _Xint10
                0x000000000011650c                _Xint11
                0x000000000011651a                _Xint12
                0x0000000000116528                _Xint13
                0x0000000000116536                _Xint14
                0x0000000000116544                _Xint15
                0x0000000000116552                _Xint16
                0x0000000000116560                _Xint17
                0x000000000011656e                _Xint18
                0x000000000011657c                _Xint19
                0x000000000011658a                _Xint20
                0x0000000000116598                _Xint21
                0x00000000001165a6                _Xint22
                0x00000000001165b4                _Xint23
                0x00000000001165c2                _Xint24
                0x00000000001165d0                _Xint25
                0x00000000001165de                _Xint26
                0x00000000001165ec                _Xint27
                0x00000000001165fa                _Xint28
                0x0000000000116608                _Xint29
                0x0000000000116616                _Xint30
                0x0000000000116624                _Xint31
                0x0000000000116632                _Xint32
                0x0000000000116640                _Xint33
                0x000000000011664e                _Xint34
                0x000000000011665c                _Xint35
                0x000000000011666a                _Xint36
                0x0000000000116678                _Xint37
                0x0000000000116686                _Xint38
                0x0000000000116694                _Xint39
                0x00000000001166a2                _Xint40
                0x00000000001166b0                _Xint41
                0x00000000001166be                _Xint42
                0x00000000001166cc                _Xint43
                0x00000000001166da                _Xint44
                0x00000000001166e8                _Xint45
                0x00000000001166f6                _Xint46
                0x0000000000116704                defevec
 .text          0x00000000001167c4        0xf binaries/ttydispatch.o
                0x00000000001167c4                ttydispatch
 .text          0x00000000001167d3       0x13 binaries/ethdispatch.o
                0x00000000001167d3                ethdispatch
 *(.rodata .rodata.*)
 *fill*         0x00000000001167e6        0x2 
 .rodata        0x00000000001167e8       0x8e binaries/ascdate.o
 .rodata        0x0000000000116876       0xae binaries/conf.o
 .rodata        0x0000000000116924      0x22f binaries/evec.o
 *fill*         0x0000000000116b53        0x1 
 .rodata        0x0000000000116b54       0x61 binaries/getutime.o
 *fill*         0x0000000000116bb5        0x3 
 .rodata        0x0000000000116bb8       0x90 binaries/i386.o
 .rodata        0x0000000000116c48      0x180 binaries/initialize.o
 .rodata        0x0000000000116dc8       0x20 binaries/kill.o
 .rodata        0x0000000000116de8       0x8b binaries/main.o
 .rodata        0x0000000000116e73        0xf binaries/panic.o
 *fill*         0x0000000000116e82        0x2 
 .rodata        0x0000000000116e84      0x1ec binaries/pci.o
 .rodata        0x0000000000117070       0x52 binaries/print_ready_list.o
 .rodata        0x00000000001170c2       0x1d binaries/ptinit.o
 *fill*         0x00000000001170df        0x1 
 .rodata        0x00000000001170e0       0x25 binaries/ptsend.o
 *fill*         0x0000000000117105        0x3 
 .rodata        0x0000000000117108       0xb7 binaries/stacktrace.o
 *fill*         0x00000000001171bf        0x1 
 .rodata        0x00000000001171c0       0x27 binaries/xdone.o
 *fill*         0x00000000001171e7       0x19 
 .rodata        0x0000000000117200       0x81 binaries/ctype_.o
                0x0000000000117200                _ctype_
 *fill*         0x0000000000117281        0x3 
 .rodata        0x0000000000117284       0xee binaries/doprnt.o
 *fill*         0x0000000000117372        0x2 
 .rodata        0x0000000000117374       0x98 binaries/doscan.o
 .rodata        0x000000000011740c       0xae binaries/fdoprnt.o
 *fill*         0x00000000001174ba        0x2 
 .rodata        0x00000000001174bc       0x20 binaries/ttycontrol.o
 .rodata        0x00000000001174dc       0x34 binaries/ttyhandler.o
 .rodata        0x0000000000117510       0x80 binaries/naminit.o
 .rodata        0x0000000000117590       0x2e binaries/82545EMInit.o
 *fill*         0x00000000001175be        0x2 
 .rodata        0x00000000001175c0       0x78 binaries/ethinit.o
 .rodata        0x0000000000117638       0x18 binaries/ethread.o
 .rodata        0x0000000000117650       0x2c binaries/rdsbufalloc.o
 .rodata        0x000000000011767c       0x76 binaries/rdscomm.o
 *fill*         0x00000000001176f2        0x2 
 .rodata        0x00000000001176f4       0x48 binaries/rdscontrol.o
 .rodata        0x000000000011773c       0x96 binaries/rdsinit.o
 *fill*         0x00000000001177d2        0x2 
 .rodata        0x00000000001177d4       0x22 binaries/rdsopen.o
 *fill*         0x00000000001177f6        0x2 
 .rodata        0x00000000001177f8       0x4d binaries/rdsprocess.o
 .rodata        0x0000000000117845        0x9 binaries/raminit.o
 *fill*         0x000000000011784e        0x2 
 .rodata        0x0000000000117850       0x37 binaries/lfdballoc.o
 .rodata        0x0000000000117887       0x14 binaries/lfiballoc.o
 *fill*         0x000000000011789b        0x1 
 .rodata        0x000000000011789c       0x23 binaries/lflcontrol.o
 *fill*         0x00000000001178bf        0x1 
 .rodata        0x00000000001178c0      0x11b binaries/lfsckfmt.o
 *fill*         0x00000000001179db        0x1 
 .rodata        0x00000000001179dc       0x2a binaries/lfsopen.o
 *fill*         0x0000000000117a06        0x2 
 .rodata        0x0000000000117a08       0x21 binaries/rflread.o
 *fill*         0x0000000000117a29        0x3 
 .rodata        0x0000000000117a2c       0x21 binaries/rflwrite.o
 *fill*         0x0000000000117a4d        0x3 
 .rodata        0x0000000000117a50       0x75 binaries/rfscomm.o
 *fill*         0x0000000000117ac5        0x3 
 .rodata        0x0000000000117ac8       0x3c binaries/rfscontrol.o
 .rodata        0x0000000000117b04       0x63 binaries/rfsinit.o
 *fill*         0x0000000000117b67        0x1 
 .rodata        0x0000000000117b68       0x2a binaries/rfsndmsg.o
 *fill*         0x0000000000117b92        0x2 
 .rodata        0x0000000000117b94       0x22 binaries/rfsopen.o
 *fill*         0x0000000000117bb6        0x2 
 .rodata        0x0000000000117bb8       0x3a binaries/arp.o
 *fill*         0x0000000000117bf2        0x2 
 .rodata        0x0000000000117bf4       0xcf binaries/dhcp.o
 .rodata        0x0000000000117cc3       0x1a binaries/dns.o
 *fill*         0x0000000000117cdd        0x3 
 .rodata        0x0000000000117ce0       0xc9 binaries/hexdump.o
 *fill*         0x0000000000117da9        0x3 
 .rodata        0x0000000000117dac       0x29 binaries/icmp.o
 *fill*         0x0000000000117dd5        0x3 
 .rodata        0x0000000000117dd8       0x6e binaries/ip.o
 *fill*         0x0000000000117e46        0x2 
 .rodata        0x0000000000117e48       0x4f binaries/net.o
 *fill*         0x0000000000117e97        0x1 
 .rodata        0x0000000000117e98      0x26f binaries/pdump.o
 *fill*         0x0000000000118107        0x1 
 .rodata        0x0000000000118108      0x154 binaries/tftp.o
 *fill*         0x000000000011825c        0x4 
 .rodata        0x0000000000118260      0x3c1 binaries/shell.o
                0x00000000001182e0                cmdtab
 .rodata        0x0000000000118621       0x28 binaries/xsh_argecho.o
 *fill*         0x0000000000118649        0x3 
 .rodata        0x000000000011864c      0x123 binaries/xsh_arp.o
 *fill*         0x000000000011876f        0x1 
 .rodata        0x0000000000118770       0xc9 binaries/xsh_cat.o
 .rodata        0x0000000000118839       0x19 binaries/xsh_clear.o
 *fill*         0x0000000000118852        0x2 
 .rodata        0x0000000000118854      0x1c3 binaries/xsh_date.o
 .rodata        0x0000000000118a17       0x5d binaries/xsh_devdump.o
 .rodata        0x0000000000118a74        0x9 binaries/xsh_echo.o
 *fill*         0x0000000000118a7d        0x3 
 .rodata        0x0000000000118a80      0x169 binaries/xsh_help.o
 *fill*         0x0000000000118be9        0x3 
 .rodata        0x0000000000118bec      0x12e binaries/xsh_kill.o
 *fill*         0x0000000000118d1a        0x2 
 .rodata        0x0000000000118d1c      0x266 binaries/xsh_memdump.o
 *fill*         0x0000000000118f82        0x2 
 .rodata        0x0000000000118f84      0x225 binaries/xsh_memstat.o
 *fill*         0x00000000001191a9        0x3 
 .rodata        0x00000000001191ac      0x1b0 binaries/xsh_netinfo.o
 .rodata        0x000000000011935c      0x1a1 binaries/xsh_ping.o
 *fill*         0x00000000001194fd        0x3 
 .rodata        0x0000000000119500      0x1e0 binaries/xsh_ps.o
 .rodata        0x00000000001196e0       0xeb binaries/xsh_sleep.o
 *fill*         0x00000000001197cb        0x1 
 .rodata        0x00000000001197cc      0x1b8 binaries/xsh_udpdump.o
 .rodata        0x0000000000119984      0x215 binaries/xsh_udpecho.o
 *fill*         0x0000000000119b99        0x3 
 .rodata        0x0000000000119b9c      0x12b binaries/xsh_udpserver.o
 *fill*         0x0000000000119cc7        0x1 
 .rodata        0x0000000000119cc8      0x105 binaries/xsh_uptime.o
                0x0000000000119dcd                etext = ABSOLUTE (.)
                0x000000000011a000                . = ALIGN (0x1000)
 *fill*         0x0000000000119dcd      0x233 

.eh_frame       0x000000000011a000     0x2c80
 .eh_frame      0x000000000011a000       0x38 binaries/ascdate.o
 .eh_frame      0x000000000011a038       0x20 binaries/bufinit.o
                                         0x38 (size before relaxing)
 .eh_frame      0x000000000011a058       0x20 binaries/chprio.o
                                         0x38 (size before relaxing)
 .eh_frame      0x000000000011a078       0x20 binaries/clkhandler.o
                                         0x38 (size before relaxing)
 .eh_frame      0x000000000011a098       0x20 binaries/clkinit.o
                                         0x38 (size before relaxing)
 .eh_frame      0x000000000011a0b8       0x20 binaries/close.o
                                         0x38 (size before relaxing)
 .eh_frame      0x000000000011a0d8       0x20 binaries/control.o
                                         0x38 (size before relaxing)
 .eh_frame      0x000000000011a0f8       0x40 binaries/create.o
                                         0x58 (size before relaxing)
 .eh_frame      0x000000000011a138       0x60 binaries/evec.o
                                         0x78 (size before relaxing)
 .eh_frame      0x000000000011a198       0x20 binaries/exit.o
                                         0x38 (size before relaxing)
 .eh_frame      0x000000000011a1b8       0x20 binaries/freebuf.o
                                         0x38 (size before relaxing)
 .eh_frame      0x000000000011a1d8       0x20 binaries/freemem.o
                                         0x38 (size before relaxing)
 .eh_frame      0x000000000011a1f8       0x20 binaries/getbuf.o
                                         0x38 (size before relaxing)
 .eh_frame      0x000000000011a218       0x20 binaries/getc.o
                                         0x38 (size before relaxing)
 .eh_frame      0x000000000011a238       0x20 binaries/getdev.o
                                         0x38 (size before relaxing)
 .eh_frame      0x000000000011a258       0x60 binaries/getitem.o
                                         0x78 (size before relaxing)
 .eh_frame      0x000000000011a2b8       0x20 binaries/getmem.o
                                         0x38 (size before relaxing)
 .eh_frame      0x000000000011a2d8       0x20 binaries/getpid.o
                                         0x38 (size before relaxing)
 .eh_frame      0x000000000011a2f8       0x20 binaries/getprio.o
                                         0x38 (size before relaxing)
 .eh_frame      0x000000000011a318       0x20 binaries/getstk.o
                                         0x38 (size before relaxing)
 .eh_frame      0x000000000011a338       0x20 binaries/getticks.o
                                         0x38 (size before relaxing)
 .eh_frame      0x000000000011a358       0x20 binaries/gettime.o
                                         0x38 (size before relaxing)
 .eh_frame      0x000000000011a378       0x20 binaries/getutime.o
                                         0x38 (size before relaxing)
 .eh_frame      0x000000000011a398       0x8c binaries/i386.o
                                         0xa4 (size before relaxing)
 .eh_frame      0x000000000011a424       0x20 binaries/init.o
                                         0x38 (size before relaxing)
 .eh_frame      0x000000000011a444       0xa0 binaries/initialize.o
                                         0xb8 (size before relaxing)
 .eh_frame      0x000000000011a4e4       0x20 binaries/insert.o
                                         0x38 (size before relaxing)
 .eh_frame      0x000000000011a504       0x20 binaries/insertd.o
                                         0x38 (size before relaxing)
 .eh_frame      0x000000000011a524       0x20 binaries/ioerr.o
                                         0x38 (size before relaxing)
 .eh_frame      0x000000000011a544       0x20 binaries/ionull.o
                                         0x38 (size before relaxing)
 .eh_frame      0x000000000011a564       0x20 binaries/kill.o
                                         0x38 (size before relaxing)
 .eh_frame      0x000000000011a584       0x60 binaries/kprintf.o
                                         0x78 (size before relaxing)
 .eh_frame      0x000000000011a5e4       0x5c binaries/main.o
                                         0x74 (size before relaxing)
 .eh_frame      0x000000000011a640       0x40 binaries/mark.o
                                         0x58 (size before relaxing)
 .eh_frame      0x000000000011a680       0x20 binaries/meminit.o
                                         0x38 (size before relaxing)
 .eh_frame      0x000000000011a6a0       0x20 binaries/mkbufpool.o
                                         0x38 (size before relaxing)
 .eh_frame      0x000000000011a6c0       0x20 binaries/newqueue.o
                                         0x38 (size before relaxing)
 .eh_frame      0x000000000011a6e0       0x20 binaries/open.o
                                         0x38 (size before relaxing)
 .eh_frame      0x000000000011a700       0x1c binaries/panic.o
                                         0x34 (size before relaxing)
 .eh_frame      0x000000000011a71c      0x1c8 binaries/pci.o
                                        0x1e0 (size before relaxing)
 .eh_frame      0x000000000011a8e4       0x20 binaries/print_ready_list.o
                                         0x38 (size before relaxing)
 .eh_frame      0x000000000011a904       0x20 binaries/ptclear.o
                                         0x38 (size before relaxing)
 .eh_frame      0x000000000011a924       0x20 binaries/ptcount.o
                                         0x38 (size before relaxing)
 .eh_frame      0x000000000011a944       0x20 binaries/ptcreate.o
                                         0x38 (size before relaxing)
 .eh_frame      0x000000000011a964       0x20 binaries/ptdelete.o
                                         0x38 (size before relaxing)
 .eh_frame      0x000000000011a984       0x20 binaries/ptinit.o
                                         0x38 (size before relaxing)
 .eh_frame      0x000000000011a9a4       0x20 binaries/ptrecv.o
                                         0x38 (size before relaxing)
 .eh_frame      0x000000000011a9c4       0x20 binaries/ptreset.o
                                         0x38 (size before relaxing)
 .eh_frame      0x000000000011a9e4       0x20 binaries/ptsend.o
                                         0x38 (size before relaxing)
 .eh_frame      0x000000000011aa04       0x20 binaries/putc.o
                                         0x38 (size before relaxing)
 .eh_frame      0x000000000011aa24       0x40 binaries/queue.o
                                         0x58 (size before relaxing)
 .eh_frame      0x000000000011aa64       0x20 binaries/read.o
                                         0x38 (size before relaxing)
 .eh_frame      0x000000000011aa84       0x24 binaries/ready.o
                                         0x3c (size before relaxing)
 .eh_frame      0x000000000011aaa8       0x20 binaries/receive.o
                                         0x38 (size before relaxing)
 .eh_frame      0x000000000011aac8       0x20 binaries/recvclr.o
                                         0x38 (size before relaxing)
 .eh_frame      0x000000000011aae8       0x20 binaries/recvtime.o
                                         0x38 (size before relaxing)
 .eh_frame      0x000000000011ab08       0x40 binaries/resched.o
                                         0x58 (size before relaxing)
 .eh_frame      0x000000000011ab48       0x20 binaries/resume.o
                                         0x38 (size before relaxing)
 .eh_frame      0x000000000011ab68       0x20 binaries/seek.o
                                         0x38 (size before relaxing)
 .eh_frame      0x000000000011ab88       0x20 binaries/semcount.o
                                         0x38 (size before relaxing)
 .eh_frame      0x000000000011aba8       0x40 binaries/semcreate.o
                                         0x58 (size before relaxing)
 .eh_frame      0x000000000011abe8       0x20 binaries/semdelete.o
                                         0x38 (size before relaxing)
 .eh_frame      0x000000000011ac08       0x20 binaries/semreset.o
                                         0x38 (size before relaxing)
 .eh_frame      0x000000000011ac28       0x20 binaries/send.o
                                         0x38 (size before relaxing)
 .eh_frame      0x000000000011ac48       0x20 binaries/signal.o
                                         0x38 (size before relaxing)
 .eh_frame      0x000000000011ac68       0x20 binaries/signaln.o
                                         0x38 (size before relaxing)
 .eh_frame      0x000000000011ac88       0x40 binaries/sleep.o
                                         0x58 (size before relaxing)
 .eh_frame      0x000000000011acc8       0x20 binaries/stacktrace.o
                                         0x38 (size before relaxing)
 .eh_frame      0x000000000011ace8       0x20 binaries/suspend.o
                                         0x38 (size before relaxing)
 .eh_frame      0x000000000011ad08       0x20 binaries/unsleep.o
                                         0x38 (size before relaxing)
 .eh_frame      0x000000000011ad28       0x20 binaries/userret.o
                                         0x38 (size before relaxing)
 .eh_frame      0x000000000011ad48       0x20 binaries/wait.o
                                         0x38 (size before relaxing)
 .eh_frame      0x000000000011ad68       0x20 binaries/wakeup.o
                                         0x38 (size before relaxing)
 .eh_frame      0x000000000011ad88       0x20 binaries/write.o
                                         0x38 (size before relaxing)
 .eh_frame      0x000000000011ada8       0x20 binaries/xdone.o
                                         0x38 (size before relaxing)
 .eh_frame      0x000000000011adc8       0x20 binaries/yield.o
                                         0x38 (size before relaxing)
 .eh_frame      0x000000000011ade8       0x20 binaries/abs.o
                                         0x38 (size before relaxing)
 .eh_frame      0x000000000011ae08       0x20 binaries/atoi.o
                                         0x38 (size before relaxing)
 .eh_frame      0x000000000011ae28       0x20 binaries/atol.o
                                         0x38 (size before relaxing)
 .eh_frame      0x000000000011ae48       0x20 binaries/bzero.o
                                         0x38 (size before relaxing)
 .eh_frame      0x000000000011ae68       0xe0 binaries/doprnt.o
                                         0xf8 (size before relaxing)
 .eh_frame      0x000000000011af48       0xb0 binaries/doscan.o
                                         0xc8 (size before relaxing)
 .eh_frame      0x000000000011aff8       0xc0 binaries/fdoprnt.o
                                         0xd8 (size before relaxing)
 .eh_frame      0x000000000011b0b8       0x20 binaries/fgetc.o
                                         0x38 (size before relaxing)
 .eh_frame      0x000000000011b0d8       0x20 binaries/fgets.o
                                         0x38 (size before relaxing)
 .eh_frame      0x000000000011b0f8       0x20 binaries/fprintf.o
                                         0x38 (size before relaxing)
 .eh_frame      0x000000000011b118       0x20 binaries/fputc.o
                                         0x38 (size before relaxing)
 .eh_frame      0x000000000011b138       0x20 binaries/fputs.o
                                         0x38 (size before relaxing)
 .eh_frame      0x000000000011b158       0x60 binaries/fscanf.o
                                         0x78 (size before relaxing)
 .eh_frame      0x000000000011b1b8       0x20 binaries/getchar.o
                                         0x38 (size before relaxing)
 .eh_frame      0x000000000011b1d8       0x20 binaries/labs.o
                                         0x38 (size before relaxing)
 .eh_frame      0x000000000011b1f8       0x20 binaries/memcmp.o
                                         0x38 (size before relaxing)
 .eh_frame      0x000000000011b218       0x24 binaries/memcpy.o
                                         0x3c (size before relaxing)
 .eh_frame      0x000000000011b23c       0x24 binaries/memset.o
                                         0x3c (size before relaxing)
 .eh_frame      0x000000000011b260       0x20 binaries/printf.o
                                         0x38 (size before relaxing)
 .eh_frame      0x000000000011b280       0x20 binaries/putchar.o
                                         0x38 (size before relaxing)
 .eh_frame      0x000000000011b2a0       0xa8 binaries/qsort.o
                                         0xc0 (size before relaxing)
 .eh_frame      0x000000000011b348       0x60 binaries/rand.o
                                         0x78 (size before relaxing)
 .eh_frame      0x000000000011b3a8       0x40 binaries/sprintf.o
                                         0x58 (size before relaxing)
 .eh_frame      0x000000000011b3e8       0x60 binaries/sscanf.o
                                         0x78 (size before relaxing)
 .eh_frame      0x000000000011b448       0x20 binaries/strchr.o
                                         0x38 (size before relaxing)
 .eh_frame      0x000000000011b468       0x20 binaries/strcmp.o
                                         0x38 (size before relaxing)
 .eh_frame      0x000000000011b488       0x20 binaries/strcpy.o
                                         0x38 (size before relaxing)
 .eh_frame      0x000000000011b4a8       0x20 binaries/strlen.o
                                         0x38 (size before relaxing)
 .eh_frame      0x000000000011b4c8       0x20 binaries/strncat.o
                                         0x38 (size before relaxing)
 .eh_frame      0x000000000011b4e8       0x20 binaries/strncmp.o
                                         0x38 (size before relaxing)
 .eh_frame      0x000000000011b508       0x28 binaries/strncpy.o
                                         0x40 (size before relaxing)
 .eh_frame      0x000000000011b530       0x20 binaries/strnlen.o
                                         0x38 (size before relaxing)
 .eh_frame      0x000000000011b550       0x20 binaries/strrchr.o
                                         0x38 (size before relaxing)
 .eh_frame      0x000000000011b570       0x20 binaries/strstr.o
                                         0x38 (size before relaxing)
 .eh_frame      0x000000000011b590       0x20 binaries/ttycontrol.o
                                         0x38 (size before relaxing)
 .eh_frame      0x000000000011b5b0       0x20 binaries/ttygetc.o
                                         0x38 (size before relaxing)
 .eh_frame      0x000000000011b5d0       0x80 binaries/ttyhandle_in.o
                                         0x98 (size before relaxing)
 .eh_frame      0x000000000011b650       0x20 binaries/ttyhandle_out.o
                                         0x38 (size before relaxing)
 .eh_frame      0x000000000011b670       0x20 binaries/ttyhandler.o
                                         0x38 (size before relaxing)
 .eh_frame      0x000000000011b690       0x20 binaries/ttyinit.o
                                         0x38 (size before relaxing)
 .eh_frame      0x000000000011b6b0       0x20 binaries/ttykickout.o
                                         0x38 (size before relaxing)
 .eh_frame      0x000000000011b6d0       0x20 binaries/ttyputc.o
                                         0x38 (size before relaxing)
 .eh_frame      0x000000000011b6f0       0x24 binaries/ttyread.o
                                         0x3c (size before relaxing)
 .eh_frame      0x000000000011b714       0x20 binaries/ttywrite.o
                                         0x38 (size before relaxing)
 .eh_frame      0x000000000011b734       0x40 binaries/mount.o
                                         0x58 (size before relaxing)
 .eh_frame      0x000000000011b774       0x20 binaries/naminit.o
                                         0x38 (size before relaxing)
 .eh_frame      0x000000000011b794       0x60 binaries/nammap.o
                                         0x78 (size before relaxing)
 .eh_frame      0x000000000011b7f4       0x20 binaries/namopen.o
                                         0x38 (size before relaxing)
 .eh_frame      0x000000000011b814      0x150 binaries/82545EMInit.o
                                        0x168 (size before relaxing)
 .eh_frame      0x000000000011b964       0xa0 binaries/ethcontrol.o
                                         0xb8 (size before relaxing)
 .eh_frame      0x000000000011ba04       0x80 binaries/ethhandler.o
                                         0x98 (size before relaxing)
 .eh_frame      0x000000000011ba84       0x20 binaries/ethinit.o
                                         0x38 (size before relaxing)
 .eh_frame      0x000000000011baa4       0x60 binaries/ethread.o
                                         0x78 (size before relaxing)
 .eh_frame      0x000000000011bb04       0x60 binaries/ethwrite.o
                                         0x78 (size before relaxing)
 .eh_frame      0x000000000011bb64       0x20 binaries/rdsbufalloc.o
                                         0x38 (size before relaxing)
 .eh_frame      0x000000000011bb84       0x20 binaries/rdsclose.o
                                         0x38 (size before relaxing)
 .eh_frame      0x000000000011bba4       0x20 binaries/rdscomm.o
                                         0x38 (size before relaxing)
 .eh_frame      0x000000000011bbc4       0x20 binaries/rdscontrol.o
                                         0x38 (size before relaxing)
 .eh_frame      0x000000000011bbe4       0x20 binaries/rdsinit.o
                                         0x38 (size before relaxing)
 .eh_frame      0x000000000011bc04       0x20 binaries/rdsopen.o
                                         0x38 (size before relaxing)
 .eh_frame      0x000000000011bc24       0x1c binaries/rdsprocess.o
                                         0x34 (size before relaxing)
 .eh_frame      0x000000000011bc40       0x20 binaries/rdsread.o
                                         0x38 (size before relaxing)
 .eh_frame      0x000000000011bc60       0x20 binaries/rdswrite.o
                                         0x38 (size before relaxing)
 .eh_frame      0x000000000011bc80       0x20 binaries/ramclose.o
                                         0x38 (size before relaxing)
 .eh_frame      0x000000000011bca0       0x20 binaries/raminit.o
                                         0x38 (size before relaxing)
 .eh_frame      0x000000000011bcc0       0x20 binaries/ramopen.o
                                         0x38 (size before relaxing)
 .eh_frame      0x000000000011bce0       0x20 binaries/ramread.o
                                         0x38 (size before relaxing)
 .eh_frame      0x000000000011bd00       0x20 binaries/ramwrite.o
                                         0x38 (size before relaxing)
 .eh_frame      0x000000000011bd20       0x20 binaries/lfdballoc.o
                                         0x38 (size before relaxing)
 .eh_frame      0x000000000011bd40       0x20 binaries/lfdbfree.o
                                         0x38 (size before relaxing)
 .eh_frame      0x000000000011bd60       0x20 binaries/lfflush.o
                                         0x38 (size before relaxing)
 .eh_frame      0x000000000011bd80       0x20 binaries/lfgetmode.o
                                         0x38 (size before relaxing)
 .eh_frame      0x000000000011bda0       0x20 binaries/lfiballoc.o
                                         0x38 (size before relaxing)
 .eh_frame      0x000000000011bdc0       0x20 binaries/lfibclear.o
                                         0x38 (size before relaxing)
 .eh_frame      0x000000000011bde0       0x20 binaries/lfibget.o
                                         0x38 (size before relaxing)
 .eh_frame      0x000000000011be00       0x20 binaries/lfibput.o
                                         0x38 (size before relaxing)
 .eh_frame      0x000000000011be20       0x20 binaries/lflclose.o
                                         0x38 (size before relaxing)
 .eh_frame      0x000000000011be40       0x20 binaries/lflcontrol.o
                                         0x38 (size before relaxing)
 .eh_frame      0x000000000011be60       0x20 binaries/lflgetc.o
                                         0x38 (size before relaxing)
 .eh_frame      0x000000000011be80       0x20 binaries/lflinit.o
                                         0x38 (size before relaxing)
 .eh_frame      0x000000000011bea0       0x20 binaries/lflputc.o
                                         0x38 (size before relaxing)
 .eh_frame      0x000000000011bec0       0x20 binaries/lflread.o
                                         0x38 (size before relaxing)
 .eh_frame      0x000000000011bee0       0x20 binaries/lflseek.o
                                         0x38 (size before relaxing)
 .eh_frame      0x000000000011bf00       0x20 binaries/lflwrite.o
                                         0x38 (size before relaxing)
 .eh_frame      0x000000000011bf20       0x20 binaries/lfscheck.o
                                         0x38 (size before relaxing)
 .eh_frame      0x000000000011bf40       0x20 binaries/lfsckfmt.o
                                         0x38 (size before relaxing)
 .eh_frame      0x000000000011bf60       0x20 binaries/lfscreate.o
                                         0x38 (size before relaxing)
 .eh_frame      0x000000000011bf80       0x20 binaries/lfsetup.o
                                         0x38 (size before relaxing)
 .eh_frame      0x000000000011bfa0       0x20 binaries/lfsinit.o
                                         0x38 (size before relaxing)
 .eh_frame      0x000000000011bfc0       0x20 binaries/lfsopen.o
                                         0x38 (size before relaxing)
 .eh_frame      0x000000000011bfe0       0x20 binaries/lftruncate.o
                                         0x38 (size before relaxing)
 .eh_frame      0x000000000011c000       0x20 binaries/rflclose.o
                                         0x38 (size before relaxing)
 .eh_frame      0x000000000011c020       0x20 binaries/rflgetc.o
                                         0x38 (size before relaxing)
 .eh_frame      0x000000000011c040       0x20 binaries/rflinit.o
                                         0x38 (size before relaxing)
 .eh_frame      0x000000000011c060       0x20 binaries/rflputc.o
                                         0x38 (size before relaxing)
 .eh_frame      0x000000000011c080       0x20 binaries/rflread.o
                                         0x38 (size before relaxing)
 .eh_frame      0x000000000011c0a0       0x20 binaries/rflseek.o
                                         0x38 (size before relaxing)
 .eh_frame      0x000000000011c0c0       0x20 binaries/rflwrite.o
                                         0x38 (size before relaxing)
 .eh_frame      0x000000000011c0e0       0x20 binaries/rfscomm.o
                                         0x38 (size before relaxing)
 .eh_frame      0x000000000011c100       0x20 binaries/rfscontrol.o
                                         0x38 (size before relaxing)
 .eh_frame      0x000000000011c120       0x20 binaries/rfsgetmode.o
                                         0x38 (size before relaxing)
 .eh_frame      0x000000000011c140       0x20 binaries/rfsinit.o
                                         0x38 (size before relaxing)
 .eh_frame      0x000000000011c160       0x20 binaries/rfsndmsg.o
                                         0x38 (size before relaxing)
 .eh_frame      0x000000000011c180       0x20 binaries/rfsopen.o
                                         0x38 (size before relaxing)
 .eh_frame      0x000000000011c1a0       0xc0 binaries/arp.o
                                         0xd8 (size before relaxing)
 .eh_frame      0x000000000011c260       0xa0 binaries/dhcp.o
                                         0xb8 (size before relaxing)
 .eh_frame      0x000000000011c300       0x80 binaries/dns.o
                                         0x98 (size before relaxing)
 .eh_frame      0x000000000011c380       0x20 binaries/dot2ip.o
                                         0x38 (size before relaxing)
 .eh_frame      0x000000000011c3a0       0x40 binaries/hexdump.o
                                         0x58 (size before relaxing)
 .eh_frame      0x000000000011c3e0      0x14c binaries/icmp.o
                                        0x164 (size before relaxing)
 .eh_frame      0x000000000011c52c      0x11c binaries/ip.o
                                        0x134 (size before relaxing)
 .eh_frame      0x000000000011c648       0xa0 binaries/net.o
                                         0xb8 (size before relaxing)
 .eh_frame      0x000000000011c6e8       0x60 binaries/pdump.o
                                         0x78 (size before relaxing)
 .eh_frame      0x000000000011c748       0x60 binaries/tftp.o
                                         0x78 (size before relaxing)
 .eh_frame      0x000000000011c7a8      0x140 binaries/udp.o
                                        0x158 (size before relaxing)
 .eh_frame      0x000000000011c8e8       0x20 binaries/addargs.o
                                         0x38 (size before relaxing)
 .eh_frame      0x000000000011c908       0x20 binaries/lexan.o
                                         0x38 (size before relaxing)
 .eh_frame      0x000000000011c928       0x20 binaries/shell.o
                                         0x38 (size before relaxing)
 .eh_frame      0x000000000011c948       0x20 binaries/xsh_argecho.o
                                         0x38 (size before relaxing)
 .eh_frame      0x000000000011c968       0x40 binaries/xsh_arp.o
                                         0x58 (size before relaxing)
 .eh_frame      0x000000000011c9a8       0x20 binaries/xsh_cat.o
                                         0x38 (size before relaxing)
 .eh_frame      0x000000000011c9c8       0x20 binaries/xsh_clear.o
                                         0x38 (size before relaxing)
 .eh_frame      0x000000000011c9e8       0x20 binaries/xsh_date.o
                                         0x38 (size before relaxing)
 .eh_frame      0x000000000011ca08       0x20 binaries/xsh_devdump.o
                                         0x38 (size before relaxing)
 .eh_frame      0x000000000011ca28       0x20 binaries/xsh_echo.o
                                         0x38 (size before relaxing)
 .eh_frame      0x000000000011ca48       0x20 binaries/xsh_exit.o
                                         0x38 (size before relaxing)
 .eh_frame      0x000000000011ca68       0x20 binaries/xsh_help.o
                                         0x38 (size before relaxing)
 .eh_frame      0x000000000011ca88       0x20 binaries/xsh_kill.o
                                         0x38 (size before relaxing)
 .eh_frame      0x000000000011caa8       0x40 binaries/xsh_memdump.o
                                         0x58 (size before relaxing)
 .eh_frame      0x000000000011cae8       0x60 binaries/xsh_memstat.o
                                         0x78 (size before relaxing)
 .eh_frame      0x000000000011cb48       0x30 binaries/xsh_netinfo.o
                                         0x48 (size before relaxing)
 .eh_frame      0x000000000011cb78       0x24 binaries/xsh_ping.o
                                         0x3c (size before relaxing)
 .eh_frame      0x000000000011cb9c       0x30 binaries/xsh_ps.o
                                         0x48 (size before relaxing)
 .eh_frame      0x000000000011cbcc       0x20 binaries/xsh_sleep.o
                                         0x38 (size before relaxing)
 .eh_frame      0x000000000011cbec       0x20 binaries/xsh_udpdump.o
                                         0x38 (size before relaxing)
 .eh_frame      0x000000000011cc0c       0x30 binaries/xsh_udpecho.o
                                         0x48 (size before relaxing)
 .eh_frame      0x000000000011cc3c       0x24 binaries/xsh_udpserver.o
                                         0x3c (size before relaxing)
 .eh_frame      0x000000000011cc60       0x20 binaries/xsh_uptime.o
                                         0x38 (size before relaxing)

.iplt           0x000000000011cc80        0x0
 .iplt          0x000000000011cc80        0x0 binaries/start.o

.rel.dyn        0x000000000011cc80        0x0
 .rel.iplt      0x000000000011cc80        0x0 binaries/start.o
 .rel.text      0x000000000011cc80        0x0 binaries/start.o
 .rel.data      0x000000000011cc80        0x0 binaries/start.o
 .rel.rodata    0x000000000011cc80        0x0 binaries/start.o

.data           0x000000000011cc80     0x1380
                0x000000000011cc80                data = ABSOLUTE (.)
 *(.data .data.*)
 .data          0x000000000011cc80      0x460 binaries/start.o
                0x000000000011cc80                gdt
                0x000000000011ccc0                gdtr
                0x000000000011ccc6                idt
                0x000000000011d0c6                idtr
                0x000000000011d0cc                cpudelay
                0x000000000011d0d0                _bootdev
                0x000000000011d0d4                _cyloffset
 .data          0x000000000011d0e0       0x88 binaries/ascdate.o
                0x000000000011d0e0                Date
 .data          0x000000000011d168        0x0 binaries/bufinit.o
 .data          0x000000000011d168        0x0 binaries/chprio.o
 .data          0x000000000011d168        0x4 binaries/clkhandler.o
 .data          0x000000000011d16c        0x0 binaries/clkinit.o
 .data          0x000000000011d16c        0x0 binaries/close.o
 *fill*         0x000000000011d16c       0x14 
 .data          0x000000000011d180      0x5a0 binaries/conf.o
                0x000000000011d180                devtab
 .data          0x000000000011d720        0x0 binaries/control.o
 .data          0x000000000011d720        0x4 binaries/create.o
 *fill*         0x000000000011d724       0x1c 
 .data          0x000000000011d740       0x40 binaries/evec.o
                0x000000000011d740                inames
 .data          0x000000000011d780        0x0 binaries/exit.o
 .data          0x000000000011d780        0x0 binaries/freebuf.o
 .data          0x000000000011d780        0x0 binaries/freemem.o
 .data          0x000000000011d780        0x0 binaries/getbuf.o
 .data          0x000000000011d780        0x0 binaries/getc.o
 .data          0x000000000011d780        0x0 binaries/getdev.o
 .data          0x000000000011d780        0x0 binaries/getitem.o
 .data          0x000000000011d780        0x0 binaries/getmem.o
 .data          0x000000000011d780        0x0 binaries/getpid.o
 .data          0x000000000011d780        0x0 binaries/getprio.o
 .data          0x000000000011d780        0x0 binaries/getstk.o
 .data          0x000000000011d780        0x0 binaries/getticks.o
 .data          0x000000000011d780        0x0 binaries/gettime.o
 .data          0x000000000011d780        0x0 binaries/getutime.o
 .data          0x000000000011d780       0x40 binaries/i386.o
                0x000000000011d780                gdt_copy
 .data          0x000000000011d7c0        0x0 binaries/init.o
 .data          0x000000000011d7c0        0x0 binaries/initialize.o
 .data          0x000000000011d7c0        0x0 binaries/insert.o
 .data          0x000000000011d7c0        0x0 binaries/insertd.o
 .data          0x000000000011d7c0        0x0 binaries/ioerr.o
 .data          0x000000000011d7c0        0x0 binaries/ionull.o
 .data          0x000000000011d7c0        0x0 binaries/kill.o
 .data          0x000000000011d7c0        0x0 binaries/kprintf.o
 .data          0x000000000011d7c0        0x0 binaries/main.o
 .data          0x000000000011d7c0        0x0 binaries/mark.o
 .data          0x000000000011d7c0        0x0 binaries/meminit.o
 .data          0x000000000011d7c0        0x0 binaries/mkbufpool.o
 .data          0x000000000011d7c0        0x2 binaries/newqueue.o
 .data          0x000000000011d7c2        0x0 binaries/open.o
 .data          0x000000000011d7c2        0x0 binaries/panic.o
 *fill*         0x000000000011d7c2        0x2 
 .data          0x000000000011d7c4       0x10 binaries/pci.o
 .data          0x000000000011d7d4        0x0 binaries/print_ready_list.o
 .data          0x000000000011d7d4        0x0 binaries/ptclear.o
 .data          0x000000000011d7d4        0x0 binaries/ptcount.o
 .data          0x000000000011d7d4        0x0 binaries/ptcreate.o
 .data          0x000000000011d7d4        0x0 binaries/ptdelete.o
 .data          0x000000000011d7d4        0x0 binaries/ptinit.o
 .data          0x000000000011d7d4        0x0 binaries/ptrecv.o
 .data          0x000000000011d7d4        0x0 binaries/ptreset.o
 .data          0x000000000011d7d4        0x0 binaries/ptsend.o
 .data          0x000000000011d7d4        0x0 binaries/putc.o
 .data          0x000000000011d7d4        0x0 binaries/queue.o
 .data          0x000000000011d7d4        0x0 binaries/read.o
 .data          0x000000000011d7d4        0x0 binaries/ready.o
 .data          0x000000000011d7d4        0x0 binaries/receive.o
 .data          0x000000000011d7d4        0x0 binaries/recvclr.o
 .data          0x000000000011d7d4        0x0 binaries/recvtime.o
 .data          0x000000000011d7d4        0x0 binaries/resched.o
 .data          0x000000000011d7d4        0x0 binaries/resume.o
[...]
 .comment       0x000000000000001d       0x1e binaries/dns.o
 .comment       0x000000000000001d       0x1e binaries/dot2ip.o
 .comment       0x000000000000001d       0x1e binaries/hexdump.o
 .comment       0x000000000000001d       0x1e binaries/icmp.o
 .comment       0x000000000000001d       0x1e binaries/ip.o
 .comment       0x000000000000001d       0x1e binaries/net.o
 .comment       0x000000000000001d       0x1e binaries/pdump.o
 .comment       0x000000000000001d       0x1e binaries/tftp.o
 .comment       0x000000000000001d       0x1e binaries/udp.o
 .comment       0x000000000000001d       0x1e binaries/addargs.o
 .comment       0x000000000000001d       0x1e binaries/lexan.o
 .comment       0x000000000000001d       0x1e binaries/shell.o
 .comment       0x000000000000001d       0x1e binaries/xsh_argecho.o
 .comment       0x000000000000001d       0x1e binaries/xsh_arp.o
 .comment       0x000000000000001d       0x1e binaries/xsh_cat.o
 .comment       0x000000000000001d       0x1e binaries/xsh_clear.o
 .comment       0x000000000000001d       0x1e binaries/xsh_date.o
 .comment       0x000000000000001d       0x1e binaries/xsh_devdump.o
 .comment       0x000000000000001d       0x1e binaries/xsh_echo.o
 .comment       0x000000000000001d       0x1e binaries/xsh_exit.o
 .comment       0x000000000000001d       0x1e binaries/xsh_help.o
 .comment       0x000000000000001d       0x1e binaries/xsh_kill.o
 .comment       0x000000000000001d       0x1e binaries/xsh_memdump.o
 .comment       0x000000000000001d       0x1e binaries/xsh_memstat.o
 .comment       0x000000000000001d       0x1e binaries/xsh_netinfo.o
 .comment       0x000000000000001d       0x1e binaries/xsh_ping.o
 .comment       0x000000000000001d       0x1e binaries/xsh_ps.o
 .comment       0x000000000000001d       0x1e binaries/xsh_sleep.o
 .comment       0x000000000000001d       0x1e binaries/xsh_udpdump.o
 .comment       0x000000000000001d       0x1e binaries/xsh_udpecho.o
 .comment       0x000000000000001d       0x1e binaries/xsh_udpserver.o
 .comment       0x000000000000001d       0x1e binaries/xsh_uptime.o

.note.GNU-stack
                0x0000000000000000        0x0
 .note.GNU-stack
                0x0000000000000000        0x0 binaries/ascdate.o
 .note.GNU-stack
                0x0000000000000000        0x0 binaries/bufinit.o
 .note.GNU-stack
                0x0000000000000000        0x0 binaries/chprio.o
 .note.GNU-stack
                0x0000000000000000        0x0 binaries/clkhandler.o
 .note.GNU-stack
                0x0000000000000000        0x0 binaries/clkinit.o
 .note.GNU-stack
                0x0000000000000000        0x0 binaries/close.o
 .note.GNU-stack
                0x0000000000000000        0x0 binaries/conf.o
 .note.GNU-stack
                0x0000000000000000        0x0 binaries/control.o
 .note.GNU-stack
                0x0000000000000000        0x0 binaries/create.o
 .note.GNU-stack
                0x0000000000000000        0x0 binaries/evec.o
 .note.GNU-stack
                0x0000000000000000        0x0 binaries/exit.o
 .note.GNU-stack
                0x0000000000000000        0x0 binaries/freebuf.o
 .note.GNU-stack
                0x0000000000000000        0x0 binaries/freemem.o
 .note.GNU-stack
                0x0000000000000000        0x0 binaries/getbuf.o
 .note.GNU-stack
                0x0000000000000000        0x0 binaries/getc.o
 .note.GNU-stack
                0x0000000000000000        0x0 binaries/getdev.o
 .note.GNU-stack
                0x0000000000000000        0x0 binaries/getitem.o
 .note.GNU-stack
                0x0000000000000000        0x0 binaries/getmem.o
 .note.GNU-stack
                0x0000000000000000        0x0 binaries/getpid.o
 .note.GNU-stack
                0x0000000000000000        0x0 binaries/getprio.o
 .note.GNU-stack
                0x0000000000000000        0x0 binaries/getstk.o
 .note.GNU-stack
                0x0000000000000000        0x0 binaries/getticks.o
 .note.GNU-stack
                0x0000000000000000        0x0 binaries/gettime.o
 .note.GNU-stack
                0x0000000000000000        0x0 binaries/getutime.o
 .note.GNU-stack
                0x0000000000000000        0x0 binaries/i386.o
 .note.GNU-stack
                0x0000000000000000        0x0 binaries/init.o
 .note.GNU-stack
                0x0000000000000000        0x0 binaries/initialize.o
 .note.GNU-stack
                0x0000000000000000        0x0 binaries/insert.o
 .note.GNU-stack
                0x0000000000000000        0x0 binaries/insertd.o
 .note.GNU-stack
                0x0000000000000000        0x0 binaries/ioerr.o
 .note.GNU-stack
                0x0000000000000000        0x0 binaries/ionull.o
 .note.GNU-stack
                0x0000000000000000        0x0 binaries/kill.o
 .note.GNU-stack
                0x0000000000000000        0x0 binaries/kprintf.o
 .note.GNU-stack
                0x0000000000000000        0x0 binaries/main.o
 .note.GNU-stack
                0x0000000000000000        0x0 binaries/mark.o
 .note.GNU-stack
                0x0000000000000000        0x0 binaries/meminit.o
 .note.GNU-stack
                0x0000000000000000        0x0 binaries/mkbufpool.o
 .note.GNU-stack
                0x0000000000000000        0x0 binaries/newqueue.o
 .note.GNU-stack
                0x0000000000000000        0x0 binaries/open.o
 .note.GNU-stack
                0x0000000000000000        0x0 binaries/panic.o
 .note.GNU-stack
                0x0000000000000000        0x0 binaries/pci.o
 .note.GNU-stack
                0x0000000000000000        0x0 binaries/print_ready_list.o
 .note.GNU-stack
                0x0000000000000000        0x0 binaries/ptclear.o
 .note.GNU-stack
                0x0000000000000000        0x0 binaries/ptcount.o
 .note.GNU-stack
                0x0000000000000000        0x0 binaries/ptcreate.o
 .note.GNU-stack
                0x0000000000000000        0x0 binaries/ptdelete.o
 .note.GNU-stack
                0x0000000000000000        0x0 binaries/ptinit.o
 .note.GNU-stack
                0x0000000000000000        0x0 binaries/ptrecv.o
 .note.GNU-stack
                0x0000000000000000        0x0 binaries/ptreset.o
 .note.GNU-stack
                0x0000000000000000        0x0 binaries/ptsend.o
 .note.GNU-stack
                0x0000000000000000        0x0 binaries/putc.o
 .note.GNU-stack
                0x0000000000000000        0x0 binaries/queue.o
 .note.GNU-stack
                0x0000000000000000        0x0 binaries/read.o
 .note.GNU-stack
                0x0000000000000000        0x0 binaries/ready.o
 .note.GNU-stack
                0x0000000000000000        0x0 binaries/receive.o
 .note.GNU-stack
                0x0000000000000000        0x0 binaries/recvclr.o
 .note.GNU-stack
                0x0000000000000000        0x0 binaries/recvtime.o
 .note.GNU-stack
                0x0000000000000000        0x0 binaries/resched.o
 .note.GNU-stack
                0x0000000000000000        0x0 binaries/resume.o
 .note.GNU-stack
                0x0000000000000000        0x0 binaries/seek.o
 .note.GNU-stack
                0x0000000000000000        0x0 binaries/semcount.o
 .note.GNU-stack
                0x0000000000000000        0x0 binaries/semcreate.o
 .note.GNU-stack
                0x0000000000000000        0x0 binaries/semdelete.o
 .note.GNU-stack
                0x0000000000000000        0x0 binaries/semreset.o
 .note.GNU-stack
                0x0000000000000000        0x0 binaries/send.o
 .note.GNU-stack
                0x0000000000000000        0x0 binaries/signal.o
 .note.GNU-stack
                0x0000000000000000        0x0 binaries/signaln.o
 .note.GNU-stack
                0x0000000000000000        0x0 binaries/sleep.o
 .note.GNU-stack
                0x0000000000000000        0x0 binaries/stacktrace.o
 .note.GNU-stack
                0x0000000000000000        0x0 binaries/suspend.o
 .note.GNU-stack
                0x0000000000000000        0x0 binaries/unsleep.o
 .note.GNU-stack
                0x0000000000000000        0x0 binaries/userret.o
 .note.GNU-stack
                0x0000000000000000        0x0 binaries/wait.o
 .note.GNU-stack
                0x0000000000000000        0x0 binaries/wakeup.o
 .note.GNU-stack
                0x0000000000000000        0x0 binaries/write.o
 .note.GNU-stack
                0x0000000000000000        0x0 binaries/xdone.o
 .note.GNU-stack
                0x0000000000000000        0x0 binaries/yield.o
 .note.GNU-stack
                0x0000000000000000        0x0 binaries/abs.o
 .note.GNU-stack
                0x0000000000000000        0x0 binaries/atoi.o
 .note.GNU-stack
                0x0000000000000000        0x0 binaries/atol.o
 .note.GNU-stack
                0x0000000000000000        0x0 binaries/bzero.o
 .note.GNU-stack
                0x0000000000000000        0x0 binaries/ctype_.o
 .note.GNU-stack
                0x0000000000000000        0x0 binaries/doprnt.o
 .note.GNU-stack
                0x0000000000000000        0x0 binaries/doscan.o
 .note.GNU-stack
                0x0000000000000000        0x0 binaries/fdoprnt.o
 .note.GNU-stack
                0x0000000000000000        0x0 binaries/fgetc.o
 .note.GNU-stack
                0x0000000000000000        0x0 binaries/fgets.o
 .note.GNU-stack
                0x0000000000000000        0x0 binaries/fprintf.o
 .note.GNU-stack
                0x0000000000000000        0x0 binaries/fputc.o
 .note.GNU-stack
                0x0000000000000000        0x0 binaries/fputs.o
 .note.GNU-stack
                0x0000000000000000        0x0 binaries/fscanf.o
 .note.GNU-stack
                0x0000000000000000        0x0 binaries/getchar.o
 .note.GNU-stack
                0x0000000000000000        0x0 binaries/labs.o
 .note.GNU-stack
                0x0000000000000000        0x0 binaries/memchr.o
 .note.GNU-stack
                0x0000000000000000        0x0 binaries/memcmp.o
 .note.GNU-stack
                0x0000000000000000        0x0 binaries/memcpy.o
 .note.GNU-stack
                0x0000000000000000        0x0 binaries/memset.o
 .note.GNU-stack
                0x0000000000000000        0x0 binaries/printf.o
 .note.GNU-stack
                0x0000000000000000        0x0 binaries/putchar.o
 .note.GNU-stack
                0x0000000000000000        0x0 binaries/qsort.o
 .note.GNU-stack
                0x0000000000000000        0x0 binaries/rand.o
 .note.GNU-stack
                0x0000000000000000        0x0 binaries/sprintf.o
 .note.GNU-stack
                0x0000000000000000        0x0 binaries/sscanf.o
 .note.GNU-stack
                0x0000000000000000        0x0 binaries/strchr.o
 .note.GNU-stack
                0x0000000000000000        0x0 binaries/strcmp.o
 .note.GNU-stack
                0x0000000000000000        0x0 binaries/strcpy.o
 .note.GNU-stack
                0x0000000000000000        0x0 binaries/strlen.o
 .note.GNU-stack
                0x0000000000000000        0x0 binaries/strncat.o
 .note.GNU-stack
                0x0000000000000000        0x0 binaries/strncmp.o
 .note.GNU-stack
                0x0000000000000000        0x0 binaries/strncpy.o
 .note.GNU-stack
                0x0000000000000000        0x0 binaries/strnlen.o
 .note.GNU-stack
                0x0000000000000000        0x0 binaries/strrchr.o
 .note.GNU-stack
                0x0000000000000000        0x0 binaries/strstr.o
 .note.GNU-stack
                0x0000000000000000        0x0 binaries/ttycontrol.o
 .note.GNU-stack
                0x0000000000000000        0x0 binaries/ttygetc.o
 .note.GNU-stack
                0x0000000000000000        0x0 binaries/ttyhandle_in.o
 .note.GNU-stack
                0x0000000000000000        0x0 binaries/ttyhandle_out.o
 .note.GNU-stack
                0x0000000000000000        0x0 binaries/ttyhandler.o
 .note.GNU-stack
                0x0000000000000000        0x0 binaries/ttyinit.o
 .note.GNU-stack
                0x0000000000000000        0x0 binaries/ttykickout.o
 .note.GNU-stack
                0x0000000000000000        0x0 binaries/ttyputc.o
 .note.GNU-stack
                0x0000000000000000        0x0 binaries/ttyread.o
 .note.GNU-stack
                0x0000000000000000        0x0 binaries/ttywrite.o
 .note.GNU-stack
                0x0000000000000000        0x0 binaries/mount.o
 .note.GNU-stack
                0x0000000000000000        0x0 binaries/naminit.o
 .note.GNU-stack
                0x0000000000000000        0x0 binaries/nammap.o
 .note.GNU-stack
                0x0000000000000000        0x0 binaries/namopen.o
 .note.GNU-stack
                0x0000000000000000        0x0 binaries/82545EMInit.o
 .note.GNU-stack
                0x0000000000000000        0x0 binaries/ethcontrol.o
 .note.GNU-stack
                0x0000000000000000        0x0 binaries/ethhandler.o
 .note.GNU-stack
                0x0000000000000000        0x0 binaries/ethinit.o
 .note.GNU-stack
                0x0000000000000000        0x0 binaries/ethread.o
 .note.GNU-stack
                0x0000000000000000        0x0 binaries/ethwrite.o
 .note.GNU-stack
                0x0000000000000000        0x0 binaries/rdsbufalloc.o
 .note.GNU-stack
                0x0000000000000000        0x0 binaries/rdsclose.o
 .note.GNU-stack
                0x0000000000000000        0x0 binaries/rdscomm.o
 .note.GNU-stack
                0x0000000000000000        0x0 binaries/rdscontrol.o
 .note.GNU-stack
                0x0000000000000000        0x0 binaries/rdsinit.o
 .note.GNU-stack
                0x0000000000000000        0x0 binaries/rdsopen.o
 .note.GNU-stack
                0x0000000000000000        0x0 binaries/rdsprocess.o
 .note.GNU-stack
                0x0000000000000000        0x0 binaries/rdsread.o
 .note.GNU-stack
                0x0000000000000000        0x0 binaries/rdswrite.o
 .note.GNU-stack
                0x0000000000000000        0x0 binaries/ramclose.o
 .note.GNU-stack
                0x0000000000000000        0x0 binaries/raminit.o
 .note.GNU-stack
                0x0000000000000000        0x0 binaries/ramopen.o
 .note.GNU-stack
                0x0000000000000000        0x0 binaries/ramread.o
 .note.GNU-stack
                0x0000000000000000        0x0 binaries/ramwrite.o
 .note.GNU-stack
                0x0000000000000000        0x0 binaries/lfdballoc.o
 .note.GNU-stack
                0x0000000000000000        0x0 binaries/lfdbfree.o
 .note.GNU-stack
                0x0000000000000000        0x0 binaries/lfflush.o
 .note.GNU-stack
                0x0000000000000000        0x0 binaries/lfgetmode.o
 .note.GNU-stack
                0x0000000000000000        0x0 binaries/lfiballoc.o
 .note.GNU-stack
                0x0000000000000000        0x0 binaries/lfibclear.o
 .note.GNU-stack
                0x0000000000000000        0x0 binaries/lfibget.o
 .note.GNU-stack
                0x0000000000000000        0x0 binaries/lfibput.o
 .note.GNU-stack
                0x0000000000000000        0x0 binaries/lflclose.o
 .note.GNU-stack
                0x0000000000000000        0x0 binaries/lflcontrol.o
 .note.GNU-stack
                0x0000000000000000        0x0 binaries/lflgetc.o
 .note.GNU-stack
                0x0000000000000000        0x0 binaries/lflinit.o
 .note.GNU-stack
                0x0000000000000000        0x0 binaries/lflputc.o
 .note.GNU-stack
                0x0000000000000000        0x0 binaries/lflread.o
 .note.GNU-stack
                0x0000000000000000        0x0 binaries/lflseek.o
 .note.GNU-stack
                0x0000000000000000        0x0 binaries/lflwrite.o
 .note.GNU-stack
                0x0000000000000000        0x0 binaries/lfscheck.o
 .note.GNU-stack
                0x0000000000000000        0x0 binaries/lfsckfmt.o
 .note.GNU-stack
                0x0000000000000000        0x0 binaries/lfscreate.o
 .note.GNU-stack
                0x0000000000000000        0x0 binaries/lfsetup.o
 .note.GNU-stack
                0x0000000000000000        0x0 binaries/lfsinit.o
 .note.GNU-stack
                0x0000000000000000        0x0 binaries/lfsopen.o
 .note.GNU-stack
                0x0000000000000000        0x0 binaries/lftruncate.o
 .note.GNU-stack
                0x0000000000000000        0x0 binaries/rflclose.o
 .note.GNU-stack
                0x0000000000000000        0x0 binaries/rflgetc.o
 .note.GNU-stack
                0x0000000000000000        0x0 binaries/rflinit.o
 .note.GNU-stack
                0x0000000000000000        0x0 binaries/rflputc.o
 .note.GNU-stack
                0x0000000000000000        0x0 binaries/rflread.o
 .note.GNU-stack
                0x0000000000000000        0x0 binaries/rflseek.o
 .note.GNU-stack
                0x0000000000000000        0x0 binaries/rflwrite.o
 .note.GNU-stack
                0x0000000000000000        0x0 binaries/rfscomm.o
 .note.GNU-stack
                0x0000000000000000        0x0 binaries/rfscontrol.o
 .note.GNU-stack
                0x0000000000000000        0x0 binaries/rfsgetmode.o
 .note.GNU-stack
                0x0000000000000000        0x0 binaries/rfsinit.o
 .note.GNU-stack
                0x0000000000000000        0x0 binaries/rfsndmsg.o
 .note.GNU-stack
                0x0000000000000000        0x0 binaries/rfsopen.o
 .note.GNU-stack
                0x0000000000000000        0x0 binaries/arp.o
 .note.GNU-stack
                0x0000000000000000        0x0 binaries/dhcp.o
 .note.GNU-stack
                0x0000000000000000        0x0 binaries/dns.o
 .note.GNU-stack
                0x0000000000000000        0x0 binaries/dot2ip.o
 .note.GNU-stack
                0x0000000000000000        0x0 binaries/hexdump.o
 .note.GNU-stack
                0x0000000000000000        0x0 binaries/icmp.o
 .note.GNU-stack
                0x0000000000000000        0x0 binaries/ip.o
 .note.GNU-stack
                0x0000000000000000        0x0 binaries/net.o
 .note.GNU-stack
                0x0000000000000000        0x0 binaries/pdump.o
 .note.GNU-stack
                0x0000000000000000        0x0 binaries/tftp.o
 .note.GNU-stack
                0x0000000000000000        0x0 binaries/udp.o
 .note.GNU-stack
                0x0000000000000000        0x0 binaries/addargs.o
 .note.GNU-stack
                0x0000000000000000        0x0 binaries/lexan.o
 .note.GNU-stack
                0x0000000000000000        0x0 binaries/shell.o
 .note.GNU-stack
                0x0000000000000000        0x0 binaries/xsh_argecho.o
 .note.GNU-stack
                0x0000000000000000        0x0 binaries/xsh_arp.o
 .note.GNU-stack
                0x0000000000000000        0x0 binaries/xsh_cat.o
 .note.GNU-stack
                0x0000000000000000        0x0 binaries/xsh_clear.o
 .note.GNU-stack
                0x0000000000000000        0x0 binaries/xsh_date.o
 .note.GNU-stack
                0x0000000000000000        0x0 binaries/xsh_devdump.o
 .note.GNU-stack
                0x0000000000000000        0x0 binaries/xsh_echo.o
 .note.GNU-stack
                0x0000000000000000        0x0 binaries/xsh_exit.o
 .note.GNU-stack
                0x0000000000000000        0x0 binaries/xsh_help.o
 .note.GNU-stack
                0x0000000000000000        0x0 binaries/xsh_kill.o
 .note.GNU-stack
                0x0000000000000000        0x0 binaries/xsh_memdump.o
 .note.GNU-stack
                0x0000000000000000        0x0 binaries/xsh_memstat.o
 .note.GNU-stack
                0x0000000000000000        0x0 binaries/xsh_netinfo.o
 .note.GNU-stack
                0x0000000000000000        0x0 binaries/xsh_ping.o
 .note.GNU-stack
                0x0000000000000000        0x0 binaries/xsh_ps.o
 .note.GNU-stack
                0x0000000000000000        0x0 binaries/xsh_sleep.o
 .note.GNU-stack
                0x0000000000000000        0x0 binaries/xsh_udpdump.o
 .note.GNU-stack
                0x0000000000000000        0x0 binaries/xsh_udpecho.o
 .note.GNU-stack
                0x0000000000000000        0x0 binaries/xsh_udpserver.o
 .note.GNU-stack
                0x0000000000000000        0x0 binaries/xsh_uptime.o
