
Allocating common symbols
Common symbol       size              file

netbufpool          0x4               binaries/net.o
readylist           0x2               binaries/ready.o
rfltab              0x5a0             binaries/rflinit.o
netportseed         0x8               binaries/net.o
sleepq              0x2               binaries/clkinit.o
nnames              0x4               binaries/naminit.o
prC                 0x4               binaries/main.o
udptab              0x168             binaries/udp.o
minheap             0x4               binaries/meminit.o
marks               0x50              binaries/mark.o
currpid             0x4               binaries/initialize.o
Lf_data             0x20c             binaries/lfsinit.o
porttab             0x2d0             binaries/ptinit.o
girmask             0x2               binaries/evec.o
ttytab              0x110             binaries/ttyinit.o
proctab             0x2580            binaries/initialize.o
prcount             0x4               binaries/initialize.o
lfltab              0xf00             binaries/lflinit.o
prA                 0x4               binaries/main.o
rdstab              0x8c              binaries/rdsinit.o
ethertab            0x130             binaries/ethinit.o
NetData             0xb0              binaries/net.o
nmarks              0x4               binaries/mark.o
initsp              0x4               binaries/i386.o
Defer               0x8               binaries/resched.o
semtab              0x4b0             binaries/initialize.o
maxheap             0x4               binaries/meminit.o
preempt             0x4               binaries/clkinit.o
buftab              0xf0              binaries/bufinit.o
Rf_data             0x18              binaries/rfsinit.o
mkmutex             0x4               binaries/mark.o
user_list_low       0x2               binaries/ready.o
user_list_high      0x2               binaries/ready.o
clktime             0x4               binaries/clkinit.o
time_to_boost       0x4               binaries/initialize.o
arpcache            0x140             binaries/arp.o
icmptab             0x230             binaries/icmp.o
nbpools             0x4               binaries/bufinit.o
queuetab            0x9b0             binaries/queue.o
ptnextid            0x4               binaries/ptinit.o
Ram                 0x19000           binaries/raminit.o
ipoqueue            0x2c              binaries/ip.o
prB                 0x4               binaries/main.o
user_list_med       0x2               binaries/ready.o
memlist             0x8               binaries/initialize.o
nametab             0x19a0            binaries/naminit.o
ptfree              0x4               binaries/ptinit.o

Memory Configuration

Name             Origin             Length             Attributes
*default*        0x0000000000000000 0xffffffffffffffff

Linker script and memory map

                0x0000000000100000                physbase = 0x100000
                0x0000000000100000                . = physbase
                0x0000000000100000                . = ALIGN (0x1000)

.text           0x0000000000100000    0x1b000
                0x0000000000100000                text = ABSOLUTE (.)
 *(.text .text.*)
 .text          0x0000000000100000      0x165 binaries/start.o
                0x0000000000100020                entry
                0x000000000010003d                start
                0x00000000001000a5                inb
                0x00000000001000ad                inw
                0x00000000001000b6                inl
                0x00000000001000be                outb
                0x00000000001000c8                outw
                0x00000000001000d3                outl
                0x00000000001000dd                _rtcin
                0x00000000001000e8                ___udivsi3
                0x00000000001000f3                ___divsi3
                0x00000000001000ff                sbzero
                0x000000000010010f                bcopy
                0x0000000000100123                insw
                0x0000000000100139                outsw
                0x000000000010014f                lidt
                0x0000000000100157                jumptocode
                0x000000000010015e                jumptobootcode
 .text          0x0000000000100165      0x3e3 binaries/ascdate.o
                0x0000000000100165                ascdate
 .text          0x0000000000100548       0x14 binaries/bufinit.o
                0x0000000000100548                bufinit
 .text          0x000000000010055c       0x8b binaries/chprio.o
                0x000000000010055c                chprio
 .text          0x00000000001005e7      0x1e9 binaries/clkhandler.o
                0x00000000001005e7                clkhandler
 .text          0x00000000001007d0       0x7e binaries/clkinit.o
                0x00000000001007d0                clkinit
 .text          0x000000000010084e       0x75 binaries/close.o
                0x000000000010084e                close
 .text          0x00000000001008c3        0x0 binaries/conf.o
 .text          0x00000000001008c3       0x7b binaries/control.o
                0x00000000001008c3                control
 .text          0x000000000010093e      0x31e binaries/create.o
                0x000000000010093e                create
 .text          0x0000000000100c5c      0x768 binaries/create_user_proc.o
                0x0000000000100c5c                create_user_proc
                0x0000000000100f8b                burst_execution
                0x0000000000100f90                priority_boost
                0x0000000000101227                rearrange_queues
 .text          0x00000000001013c4      0x355 binaries/evec.o
                0x00000000001013c4                initevec
                0x000000000010141b                set_evec
                0x00000000001014bd                trap
 .text          0x0000000000101719       0x19 binaries/exit.o
                0x0000000000101719                exit
 .text          0x0000000000101732       0x8c binaries/freebuf.o
                0x0000000000101732                freebuf
 .text          0x00000000001017be      0x172 binaries/freemem.o
                0x00000000001017be                freemem
 .text          0x0000000000101930       0x8a binaries/getbuf.o
                0x0000000000101930                getbuf
 .text          0x00000000001019ba       0x75 binaries/getc.o
                0x00000000001019ba                getc
 .text          0x0000000000101a2f       0x74 binaries/getdev.o
                0x0000000000101a2f                getdev
 .text          0x0000000000101aa3       0xd0 binaries/getitem.o
                0x0000000000101aa3                getfirst
                0x0000000000101ae8                getlast
                0x0000000000101b2f                getitem
 .text          0x0000000000101b73      0x10a binaries/getmem.o
                0x0000000000101b73                getmem
 .text          0x0000000000101c7d        0xa binaries/getpid.o
                0x0000000000101c7d                getpid
 .text          0x0000000000101c87       0x73 binaries/getprio.o
                0x0000000000101c87                getprio
 .text          0x0000000000101cfa       0xfb binaries/getstk.o
                0x0000000000101cfa                getstk
 .text          0x0000000000101df5       0x16 binaries/getticks.o
                0x0000000000101df5                getticks
 .text          0x0000000000101e0b       0x3a binaries/gettime.o
                0x0000000000101e0b                gettime
 .text          0x0000000000101e45      0x1e0 binaries/getutime.o
                0x0000000000101e45                getutime
 .text          0x0000000000102025      0x3c5 binaries/i386.o
                0x0000000000102025                setsegs
                0x0000000000102137                init8259
                0x00000000001021e9                pseg
                0x0000000000102391                setirmask
 .text          0x00000000001023ea       0x75 binaries/init.o
                0x00000000001023ea                init
 .text          0x000000000010245f      0x4be binaries/initialize.o
                0x000000000010245f                nulluser
                0x00000000001028c4                stop
                0x00000000001028ef                delay
 .text          0x000000000010291d       0xd9 binaries/insert.o
                0x000000000010291d                insert
 .text          0x00000000001029f6      0x10b binaries/insertd.o
                0x00000000001029f6                insertd
 .text          0x0000000000102b01        0xa binaries/ioerr.o
                0x0000000000102b01                ioerr
 .text          0x0000000000102b0b        0xa binaries/ionull.o
                0x0000000000102b0b                ionull
 .text          0x0000000000102b15      0x1ac binaries/kill.o
                0x0000000000102b15                kill
 .text          0x0000000000102cc1      0x14e binaries/kprintf.o
                0x0000000000102cc1                kputc
                0x0000000000102d54                kgetc
                0x0000000000102de5                kprintf
 .text          0x0000000000102e0f      0x29e binaries/main.o
                0x0000000000102e0f                main
                0x0000000000103023                proc_a
                0x0000000000103051                proc_b
                0x000000000010307f                proc_c
 .text          0x00000000001030ad       0xb5 binaries/mark.o
                0x00000000001030ad                markinit
                0x00000000001030d1                mark
 .text          0x0000000000103162       0xcc binaries/meminit.o
                0x0000000000103162                meminit
 .text          0x000000000010322e      0x174 binaries/mkbufpool.o
                0x000000000010322e                mkbufpool
 .text          0x00000000001033a2       0x94 binaries/newqueue.o
                0x00000000001033a2                newqueue
 .text          0x0000000000103436       0x7b binaries/open.o
                0x0000000000103436                open
 .text          0x00000000001034b1       0x20 binaries/panic.o
                0x00000000001034b1                panic
 .text          0x00000000001034d1      0x489 binaries/pci.o
                0x00000000001034d1                pci_init
                0x000000000010378e                find_pci_device
                0x00000000001037dc                pci_bios_read_config_byte
                0x000000000010381b                pci_bios_read_config_word
                0x000000000010385d                pci_bios_read_config_dword
                0x000000000010389c                pci_bios_write_config_byte
                0x00000000001038dd                pci_bios_write_config_word
                0x000000000010391f                pci_bios_write_config_dword
 .text          0x000000000010395a       0xf1 binaries/ptclear.o
                0x000000000010395a                _ptclear
 .text          0x0000000000103a4b       0x9d binaries/ptcount.o
                0x0000000000103a4b                ptcount
 .text          0x0000000000103ae8      0x116 binaries/ptcreate.o
                0x0000000000103ae8                ptcreate
 .text          0x0000000000103bfe       0x7f binaries/ptdelete.o
                0x0000000000103bfe                ptdelete
 .text          0x0000000000103c7d       0xbf binaries/ptinit.o
                0x0000000000103c7d                ptinit
 .text          0x0000000000103d3c      0x11b binaries/ptrecv.o
                0x0000000000103d3c                ptrecv
 .text          0x0000000000103e57       0x77 binaries/ptreset.o
                0x0000000000103e57                ptreset
 .text          0x0000000000103ece      0x13d binaries/ptsend.o
                0x0000000000103ece                ptsend
 .text          0x000000000010400b       0x80 binaries/putc.o
                0x000000000010400b                putc
 .text          0x000000000010408b      0x10c binaries/queue.o
                0x000000000010408b                enqueue
                0x000000000010412a                dequeue
 .text          0x0000000000104197       0x7b binaries/read.o
                0x0000000000104197                read
 .text          0x0000000000104212       0xdb binaries/ready.o
                0x0000000000104212                ready
 .text          0x00000000001042ed       0x5f binaries/receive.o
                0x00000000001042ed                receive
 .text          0x000000000010434c       0x5b binaries/recvclr.o
                0x000000000010434c                recvclr
 .text          0x00000000001043a7       0xba binaries/recvtime.o
                0x00000000001043a7                recvtime
 .text          0x0000000000104461      0x544 binaries/resched.o
                0x0000000000104461                resched
                0x0000000000104930                resched_cntl
 .text          0x00000000001049a5       0xa8 binaries/resume.o
                0x00000000001049a5                resume
 .text          0x0000000000104a4d       0x79 binaries/seek.o
                0x0000000000104a4d                seek
 .text          0x0000000000104ac6       0x70 binaries/semcount.o
                0x0000000000104ac6                semcount
 .text          0x0000000000104b36       0xd6 binaries/semcreate.o
                0x0000000000104b36                semcreate
 .text          0x0000000000104c0c       0xcd binaries/semdelete.o
                0x0000000000104c0c                semdelete
 .text          0x0000000000104cd9       0xcb binaries/semreset.o
                0x0000000000104cd9                semreset
 .text          0x0000000000104da4       0xe4 binaries/send.o
                0x0000000000104da4                send
 .text          0x0000000000104e88       0xa8 binaries/signal.o
                0x0000000000104e88                signal
 .text          0x0000000000104f30       0xd6 binaries/signaln.o
                0x0000000000104f30                signaln
 .text          0x0000000000105006       0xe1 binaries/sleep.o
                0x0000000000105006                sleep
                0x0000000000105054                sleepms
 .text          0x00000000001050e7      0x189 binaries/stacktrace.o
                0x00000000001050e7                stacktrace
 .text          0x0000000000105270       0xde binaries/suspend.o
                0x0000000000105270                suspend
 .text          0x000000000010534e       0xe0 binaries/unsleep.o
                0x000000000010534e                unsleep
 .text          0x000000000010542e       0x19 binaries/userret.o
                0x000000000010542e                userret
 .text          0x0000000000105447       0xda binaries/wait.o
                0x0000000000105447                wait
 .text          0x0000000000105521       0x72 binaries/wakeup.o
                0x0000000000105521                wakeup
 .text          0x0000000000105593       0x7b binaries/write.o
                0x0000000000105593                write
 .text          0x000000000010560e       0x1d binaries/xdone.o
                0x000000000010560e                xdone
 .text          0x000000000010562b       0x28 binaries/yield.o
                0x000000000010562b                yield
 .text          0x0000000000105653       0x11 binaries/abs.o
                0x0000000000105653                abs
 .text          0x0000000000105664       0x8f binaries/atoi.o
                0x0000000000105664                atoi
 .text          0x00000000001056f3       0x8f binaries/atol.o
                0x00000000001056f3                atol
 .text          0x0000000000105782       0x31 binaries/bzero.o
                0x0000000000105782                bzero
 .text          0x00000000001057b3        0x0 binaries/ctype_.o
 .text          0x00000000001057b3      0x8ed binaries/doprnt.o
                0x00000000001057b3                _doprnt
 .text          0x00000000001060a0      0x65c binaries/doscan.o
                0x00000000001060a0                _doscan
 .text          0x00000000001066fc      0x711 binaries/fdoprnt.o
                0x00000000001066fc                _fdoprnt
 .text          0x0000000000106e0d       0x29 binaries/fgetc.o
                0x0000000000106e0d                fgetc
 .text          0x0000000000106e36       0x75 binaries/fgets.o
                0x0000000000106e36                fgets
 .text          0x0000000000106eab       0x2a binaries/fprintf.o
                0x0000000000106eab                fprintf
 .text          0x0000000000106ed5       0x2c binaries/fputc.o
                0x0000000000106ed5                fputc
 .text          0x0000000000106f01       0x43 binaries/fputs.o
                0x0000000000106f01                fputs
 .text          0x0000000000106f44       0x8a binaries/fscanf.o
                0x0000000000106f44                fscanf
 .text          0x0000000000106fce       0x30 binaries/getchar.o
                0x0000000000106fce                getchar
 .text          0x0000000000106ffe       0x11 binaries/labs.o
                0x0000000000106ffe                labs
 .text          0x000000000010700f        0x0 binaries/memchr.o
 .text          0x000000000010700f       0x51 binaries/memcmp.o
                0x000000000010700f                memcmp
 .text          0x0000000000107060       0x3f binaries/memcpy.o
                0x0000000000107060                memcpy
 .text          0x000000000010709f       0x30 binaries/memset.o
                0x000000000010709f                memset
 .text          0x00000000001070cf       0x46 binaries/printf.o
                0x00000000001070cf                printf
 .text          0x0000000000107115       0x33 binaries/putchar.o
                0x0000000000107115                putchar
 .text          0x0000000000107148      0x27e binaries/qsort.o
                0x0000000000107148                qsort
 .text          0x00000000001073c6       0x63 binaries/rand.o
                0x00000000001073c6                rand
                0x00000000001073de                rand_r
                0x000000000010741c                srand
 .text          0x0000000000107429       0x66 binaries/sprintf.o
                0x0000000000107429                sprintf
 .text          0x000000000010748f       0x70 binaries/sscanf.o
                0x000000000010748f                sscanf
 .text          0x00000000001074ff       0x3c binaries/strchr.o
                0x00000000001074ff                strchr
 .text          0x000000000010753b       0x45 binaries/strcmp.o
                0x000000000010753b                strcmp
 .text          0x0000000000107580       0x27 binaries/strcpy.o
                0x0000000000107580                strcpy
 .text          0x00000000001075a7       0x26 binaries/strlen.o
                0x00000000001075a7                strlen
 .text          0x00000000001075cd       0x56 binaries/strncat.o
                0x00000000001075cd                strncat
 .text          0x0000000000107623       0x5f binaries/strncmp.o
                0x0000000000107623                strncmp
 .text          0x0000000000107682       0x4f binaries/strncpy.o
                0x0000000000107682                strncpy
 .text          0x00000000001076d1       0x2e binaries/strnlen.o
                0x00000000001076d1                strnlen
 .text          0x00000000001076ff       0x45 binaries/strrchr.o
                0x00000000001076ff                strrchr
 .text          0x0000000000107744       0x6d binaries/strstr.o
                0x0000000000107744                strstr
 .text          0x00000000001077b1       0xe4 binaries/ttycontrol.o
                0x00000000001077b1                ttycontrol
 .text          0x0000000000107895       0x97 binaries/ttygetc.o
                0x0000000000107895                ttygetc
 .text          0x000000000010792c      0x6ee binaries/ttyhandle_in.o
                0x000000000010792c                ttyhandle_in
 .text          0x000000000010801a      0x1ae binaries/ttyhandle_out.o
                0x000000000010801a                ttyhandle_out
 .text          0x00000000001081c8       0xce binaries/ttyhandler.o
                0x00000000001081c8                ttyhandler
 .text          0x0000000000108296      0x22f binaries/ttyinit.o
                0x0000000000108296                ttyinit
 .text          0x00000000001084c5       0x1b binaries/ttykickout.o
                0x00000000001084c5                ttykickout
 .text          0x00000000001084e0       0xb7 binaries/ttyputc.o
                0x00000000001084e0                ttyputc
 .text          0x0000000000108597      0x11b binaries/ttyread.o
                0x0000000000108597                ttyread
 .text          0x00000000001086b2       0x4f binaries/ttywrite.o
                0x00000000001086b2                ttywrite
 .text          0x0000000000108701      0x14b binaries/mount.o
                0x0000000000108701                mount
                0x0000000000108816                namlen
 .text          0x000000000010884c      0x1ea binaries/naminit.o
                0x000000000010884c                naminit
 .text          0x0000000000108a36      0x211 binaries/nammap.o
                0x0000000000108a36                nammap
                0x0000000000108ac1                namrepl
                0x0000000000108bf7                namcpy
 .text          0x0000000000108c47       0x4e binaries/namopen.o
                0x0000000000108c47                namopen
 .text          0x0000000000108c95      0xec3 binaries/82545EMInit.o
                0x0000000000108cf3                _82545EMInit
                0x00000000001099c4                _82545EM_read_phy_reg
                0x0000000000109a8a                _82545EM_write_phy_reg
 .text          0x0000000000109b58      0x241 binaries/ethcontrol.o
                0x0000000000109bb6                ethcontrol
                0x0000000000109d2c                ethIrqDisable
                0x0000000000109d61                ethIrqEnable
 .text          0x0000000000109d99      0x252 binaries/ethhandler.o
                0x0000000000109f09                ethhandler
 .text          0x0000000000109feb      0x126 binaries/ethinit.o
                0x0000000000109feb                ethinit
 .text          0x000000000010a111      0x1f4 binaries/ethread.o
                0x000000000010a16f                ethread
 .text          0x000000000010a305      0x19f binaries/ethwrite.o
                0x000000000010a363                ethwrite
 .text          0x000000000010a4a4       0x9e binaries/rdsbufalloc.o
                0x000000000010a4a4                rdsbufalloc
 .text          0x000000000010a542       0xcc binaries/rdsclose.o
                0x000000000010a542                rdsclose
 .text          0x000000000010a60e      0x2e8 binaries/rdscomm.o
                0x000000000010a60e                rdscomm
 .text          0x000000000010a8f6      0x233 binaries/rdscontrol.o
                0x000000000010a8f6                rdscontrol
 .text          0x000000000010ab29      0x1f3 binaries/rdsinit.o
                0x000000000010ab29                rdsinit
 .text          0x000000000010ad1c      0x19b binaries/rdsopen.o
                0x000000000010ad1c                rdsopen
 .text          0x000000000010aeb7      0x461 binaries/rdsprocess.o
                0x000000000010aeb7                rdsprocess
 .text          0x000000000010b318      0x259 binaries/rdsread.o
                0x000000000010b318                rdsread
 .text          0x000000000010b571      0x1fe binaries/rdswrite.o
                0x000000000010b571                rdswrite
 .text          0x000000000010b76f        0xa binaries/ramclose.o
                0x000000000010b76f                ramclose
 .text          0x000000000010b779       0x3e binaries/raminit.o
                0x000000000010b779                raminit
 .text          0x000000000010b7b7        0xa binaries/ramopen.o
                0x000000000010b7b7                ramopen
 .text          0x000000000010b7c1       0x32 binaries/ramread.o
                0x000000000010b7c1                ramread
 .text          0x000000000010b7f3       0x32 binaries/ramwrite.o
                0x000000000010b7f3                ramwrite
 .text          0x000000000010b825       0x98 binaries/lfdballoc.o
                0x000000000010b825                lfdballoc
 .text          0x000000000010b8bd       0x58 binaries/lfdbfree.o
                0x000000000010b8bd                lfdbfree
 .text          0x000000000010b915       0xb6 binaries/lfflush.o
                0x000000000010b915                lfflush
 .text          0x000000000010b9cb       0xd8 binaries/lfgetmode.o
                0x000000000010b9cb                lfgetmode
 .text          0x000000000010baa3       0x68 binaries/lfiballoc.o
                0x000000000010baa3                lfiballoc
 .text          0x000000000010bb0b       0x3b binaries/lfibclear.o
                0x000000000010bb0b                lfibclear
 .text          0x000000000010bb46       0xad binaries/lfibget.o
                0x000000000010bb46                lfibget
 .text          0x000000000010bbf3       0xdc binaries/lfibput.o
                0x000000000010bbf3                lfibput
 .text          0x000000000010bccf       0xa2 binaries/lflclose.o
                0x000000000010bccf                lflclose
 .text          0x000000000010bd71       0xd0 binaries/lflcontrol.o
                0x000000000010bd71                lflcontrol
 .text          0x000000000010be41       0xf2 binaries/lflgetc.o
                0x000000000010be41                lflgetc
 .text          0x000000000010bf33       0xf1 binaries/lflinit.o
                0x000000000010bf33                lflinit
 .text          0x000000000010c024      0x122 binaries/lflputc.o
                0x000000000010c024                lflputc
 .text          0x000000000010c146       0x70 binaries/lflread.o
                0x000000000010c146                lflread
 .text          0x000000000010c1b6       0xac binaries/lflseek.o
                0x000000000010c1b6                lflseek
 .text          0x000000000010c262       0x55 binaries/lflwrite.o
                0x000000000010c262                lflwrite
 .text          0x000000000010c2b7       0x62 binaries/lfscheck.o
                0x000000000010c2b7                lfscheck
 .text          0x000000000010c319      0x175 binaries/lfsckfmt.o
                0x000000000010c319                lfsckfmt
 .text          0x000000000010c48e      0x1ad binaries/lfscreate.o
                0x000000000010c48e                lfscreate
 .text          0x000000000010c63b      0x278 binaries/lfsetup.o
                0x000000000010c63b                lfsetup
 .text          0x000000000010c8b3       0x51 binaries/lfsinit.o
                0x000000000010c8b3                lfsinit
 .text          0x000000000010c904      0x3c0 binaries/lfsopen.o
                0x000000000010c904                lfsopen
 .text          0x000000000010ccc4      0x15e binaries/lftruncate.o
                0x000000000010ccc4                lftruncate
 .text          0x000000000010ce22       0x71 binaries/rflclose.o
                0x000000000010ce22                rflclose
 .text          0x000000000010ce93       0x32 binaries/rflgetc.o
                0x000000000010ce93                rflgetc
 .text          0x000000000010cec5       0x76 binaries/rflinit.o
                0x000000000010cec5                rflinit
 .text          0x000000000010cf3b       0x33 binaries/rflputc.o
                0x000000000010cf3b                rflputc
 .text          0x000000000010cf6e      0x360 binaries/rflread.o
                0x000000000010cf6e                rflread
 .text          0x000000000010d2ce       0x74 binaries/rflseek.o
                0x000000000010d2ce                rflseek
 .text          0x000000000010d342      0x34d binaries/rflwrite.o
                0x000000000010d342                rflwrite
 .text          0x000000000010d68f      0x1e2 binaries/rfscomm.o
                0x000000000010d68f                rfscomm
 .text          0x000000000010d871      0x26d binaries/rfscontrol.o
                0x000000000010d871                rfscontrol
 .text          0x000000000010dade       0xd8 binaries/rfsgetmode.o
                0x000000000010dade                rfsgetmode
 .text          0x000000000010dbb6       0x86 binaries/rfsinit.o
                0x000000000010dbb6                rfsinit
 .text          0x000000000010dc3c      0x111 binaries/rfsndmsg.o
                0x000000000010dc3c                rfsndmsg
 .text          0x000000000010dd4d      0x2aa binaries/rfsopen.o
                0x000000000010dd4d                rfsopen
 .text          0x000000000010dff7      0x836 binaries/arp.o
                0x000000000010dff7                arp_init
                0x000000000010e029                arp_resolve
                0x000000000010e2dd                arp_in
                0x000000000010e595                arp_alloc
                0x000000000010e655                arp_ntoh
                0x000000000010e741                arp_hton
 .text          0x000000000010e82d      0x8e3 binaries/dhcp.o
                0x000000000010e82d                dhcp_get_opt_val
                0x000000000010e886                dhcp_bld_bootp_msg
                0x000000000010e993                dhcp_bld_disc
                0x000000000010ea7c                dhcp_bld_req
                0x000000000010ebee                getlocalip
 .text          0x000000000010f110      0x59f binaries/dns.o
                0x000000000010f110                dnslookup
 .text          0x000000000010f6af       0xe8 binaries/dot2ip.o
                0x000000000010f6af                dot2ip
 .text          0x000000000010f797      0x4c4 binaries/hexdump.o
                0x000000000010f797                hexdump
                0x000000000010f93e                hexadump
 .text          0x000000000010fc5b      0x8af binaries/icmp.o
                0x000000000010fc5b                icmp_init
                0x000000000010fc92                icmp_in
                0x000000000010fe68                icmp_register
                0x000000000010ff63                icmp_recv
                0x00000000001100ef                icmp_send
                0x0000000000110177                icmp_mkpkt
                0x0000000000110291                icmp_release
                0x000000000011038f                icmp_cksum
                0x0000000000110422                icmp_hton
                0x0000000000110496                icmp_ntoh
 .text          0x000000000011050a      0x8a5 binaries/ip.o
                0x000000000011050a                ip_in
                0x000000000011068e                ip_send
                0x00000000001107e9                ip_local
                0x0000000000110835                ip_out
                0x000000000011096e                ipcksum
                0x00000000001109f4                ip_ntoh
                0x0000000000110ae0                ip_hton
                0x0000000000110bcc                ipout
                0x0000000000110cfb                ip_enqueue
 .text          0x0000000000110daf      0x2cd binaries/net.o
                0x0000000000110daf                net_init
                0x0000000000110ed7                netin
                0x0000000000110f94                eth_hton
                0x0000000000110fbe                eth_ntoh
                0x0000000000110fe8                getport
 .text          0x000000000011107c     0x147f binaries/pdump.o
                0x000000000011107c                pdump
                0x0000000000111e39                pdumph
 .text          0x00000000001124fb      0x613 binaries/tftp.o
                0x00000000001124fb                tftp_send1
                0x0000000000112673                tftpget
                0x00000000001126a5                tftpget_mb
 .text          0x0000000000112b0e      0xb82 binaries/udp.o
                0x0000000000112b0e                udp_init
                0x0000000000112b43                udp_in
                0x0000000000112c85                udp_register
                0x0000000000112dc2                udp_recv
                0x0000000000112f5e                udp_recvaddr
                0x0000000000113112                udp_send
                0x00000000001132fa                udp_sendto
                0x00000000001134ab                udp_release
                0x00000000001135a6                udp_ntoh
                0x000000000011361b                udp_hton
 .text          0x0000000000113690      0x137 binaries/addargs.o
                0x0000000000113690                addargs
 .text          0x00000000001137c7      0x2c9 binaries/lexan.o
                0x00000000001137c7                lexan
 .text          0x0000000000113a90      0x661 binaries/shell.o
                0x0000000000113a90                shell
 .text          0x00000000001140f1       0x69 binaries/xsh_argecho.o
                0x00000000001140f1                xsh_argecho
 .text          0x000000000011415a      0x275 binaries/xsh_arp.o
                0x000000000011415a                xsh_arp
 .text          0x00000000001143cf      0x269 binaries/xsh_cat.o
                0x00000000001143cf                xsh_cat
 .text          0x0000000000114638       0x5d binaries/xsh_clear.o
                0x0000000000114638                xsh_clear
 .text          0x0000000000114695      0x2f2 binaries/xsh_date.o
                0x0000000000114695                xsh_date
 .text          0x0000000000114987       0xad binaries/xsh_devdump.o
                0x0000000000114987                xsh_devdump
 .text          0x0000000000114a34       0x72 binaries/xsh_echo.o
                0x0000000000114a34                xsh_echo
 .text          0x0000000000114aa6        0xa binaries/xsh_exit.o
                0x0000000000114aa6                xsh_exit
 .text          0x0000000000114ab0      0x387 binaries/xsh_help.o
                0x0000000000114ab0                xsh_help
 .text          0x0000000000114e37      0x244 binaries/xsh_kill.o
                0x0000000000114e37                xsh_kill
 .text          0x000000000011507b      0x53f binaries/xsh_memdump.o
                0x000000000011507b                xsh_memdump
 .text          0x00000000001155ba      0x2a3 binaries/xsh_memstat.o
                0x00000000001155ba                xsh_memstat
 .text          0x000000000011585d      0x509 binaries/xsh_netinfo.o
                0x000000000011585d                xsh_netinfo
 .text          0x0000000000115d66      0x486 binaries/xsh_ping.o
                0x0000000000115d66                xsh_ping
 .text          0x00000000001161ec      0x21d binaries/xsh_ps.o
                0x00000000001161ec                xsh_ps
 .text          0x0000000000116409      0x220 binaries/xsh_sleep.o
                0x0000000000116409                xsh_sleep
 .text          0x0000000000116629      0x278 binaries/xsh_udpdump.o
                0x0000000000116629                xsh_udpdump
 .text          0x00000000001168a1      0x4b5 binaries/xsh_udpecho.o
                0x00000000001168a1                xsh_udpecho
 .text          0x0000000000116d56      0x2aa binaries/xsh_udpserver.o
                0x0000000000116d56                xsh_udpeserver
 .text          0x0000000000117000      0x1f1 binaries/xsh_uptime.o
                0x0000000000117000                xsh_uptime
 .text          0x00000000001171f1        0xe binaries/clkdisp.o
                0x00000000001171f1                clkdisp
 .text          0x00000000001171ff       0x19 binaries/ctxsw.o
                0x00000000001171ff                ctxsw
 .text          0x0000000000117218      0x36b binaries/intr.o
                0x0000000000117218                disable
                0x0000000000117221                restore
                0x000000000011722f                enable
                0x0000000000117231                pause
                0x0000000000117238                halt
                0x000000000011723e                spurious_irq7
                0x0000000000117243                spurious_irq15
                0x0000000000117252                _Xint0
                0x000000000011725d                _Xint1
                0x0000000000117268                _Xint2
                0x0000000000117273                _Xint3
                0x000000000011727e                _Xint4
                0x0000000000117289                _Xint5
                0x0000000000117294                _Xint6
                0x000000000011729f                _Xint7
                0x00000000001172aa                _Xint8
                0x00000000001172b5                _Xint9
                0x00000000001172c0                _Xint10
                0x00000000001172cb                _Xint11
                0x00000000001172d9                _Xint12
                0x00000000001172e7                _Xint13
                0x00000000001172f5                _Xint14
                0x0000000000117303                _Xint15
                0x0000000000117311                _Xint16
                0x000000000011731f                _Xint17
                0x000000000011732d                _Xint18
                0x000000000011733b                _Xint19
                0x0000000000117349                _Xint20
                0x0000000000117357                _Xint21
                0x0000000000117365                _Xint22
                0x0000000000117373                _Xint23
                0x0000000000117381                _Xint24
                0x000000000011738f                _Xint25
                0x000000000011739d                _Xint26
                0x00000000001173ab                _Xint27
                0x00000000001173b9                _Xint28
                0x00000000001173c7                _Xint29
                0x00000000001173d5                _Xint30
                0x00000000001173e3                _Xint31
                0x00000000001173f1                _Xint32
                0x00000000001173ff                _Xint33
                0x000000000011740d                _Xint34
                0x000000000011741b                _Xint35
                0x0000000000117429                _Xint36
                0x0000000000117437                _Xint37
                0x0000000000117445                _Xint38
                0x0000000000117453                _Xint39
                0x0000000000117461                _Xint40
                0x000000000011746f                _Xint41
                0x000000000011747d                _Xint42
                0x000000000011748b                _Xint43
                0x0000000000117499                _Xint44
                0x00000000001174a7                _Xint45
                0x00000000001174b5                _Xint46
                0x00000000001174c3                defevec
 .text          0x0000000000117583        0xf binaries/ttydispatch.o
                0x0000000000117583                ttydispatch
 .text          0x0000000000117592       0x13 binaries/ethdispatch.o
                0x0000000000117592                ethdispatch
 *(.rodata .rodata.*)
 *fill*         0x00000000001175a5        0x3 
 .rodata        0x00000000001175a8       0x8e binaries/ascdate.o
 .rodata        0x0000000000117636       0xae binaries/conf.o
 .rodata        0x00000000001176e4      0x22f binaries/evec.o
 *fill*         0x0000000000117913        0x1 
 .rodata        0x0000000000117914       0x61 binaries/getutime.o
 *fill*         0x0000000000117975        0x3 
 .rodata        0x0000000000117978       0x90 binaries/i386.o
 .rodata        0x0000000000117a08      0x181 binaries/initialize.o
 *fill*         0x0000000000117b89        0x3 
 .rodata        0x0000000000117b8c       0x20 binaries/kill.o
 *fill*         0x0000000000117bac        0x4 
 .rodata        0x0000000000117bb0       0x80 binaries/main.o
 .rodata        0x0000000000117c30        0xf binaries/panic.o
 *fill*         0x0000000000117c3f        0x1 
 .rodata        0x0000000000117c40      0x1ec binaries/pci.o
 .rodata        0x0000000000117e2c       0x1d binaries/ptinit.o
 *fill*         0x0000000000117e49        0x3 
 .rodata        0x0000000000117e4c       0x25 binaries/ptsend.o
 *fill*         0x0000000000117e71        0x3 
 .rodata        0x0000000000117e74       0xb7 binaries/stacktrace.o
 *fill*         0x0000000000117f2b        0x1 
 .rodata        0x0000000000117f2c       0x27 binaries/xdone.o
 *fill*         0x0000000000117f53        0xd 
 .rodata        0x0000000000117f60       0x81 binaries/ctype_.o
                0x0000000000117f60                _ctype_
 *fill*         0x0000000000117fe1        0x3 
 .rodata        0x0000000000117fe4       0xee binaries/doprnt.o
 *fill*         0x00000000001180d2        0x2 
 .rodata        0x00000000001180d4       0x98 binaries/doscan.o
 .rodata        0x000000000011816c       0xae binaries/fdoprnt.o
 *fill*         0x000000000011821a        0x2 
 .rodata        0x000000000011821c       0x20 binaries/ttycontrol.o
 .rodata        0x000000000011823c       0x34 binaries/ttyhandler.o
 .rodata        0x0000000000118270       0x80 binaries/naminit.o
 .rodata        0x00000000001182f0       0x2e binaries/82545EMInit.o
 *fill*         0x000000000011831e        0x2 
 .rodata        0x0000000000118320       0x78 binaries/ethinit.o
 .rodata        0x0000000000118398       0x18 binaries/ethread.o
 .rodata        0x00000000001183b0       0x2c binaries/rdsbufalloc.o
 .rodata        0x00000000001183dc       0x76 binaries/rdscomm.o
 *fill*         0x0000000000118452        0x2 
 .rodata        0x0000000000118454       0x48 binaries/rdscontrol.o
 .rodata        0x000000000011849c       0x96 binaries/rdsinit.o
 *fill*         0x0000000000118532        0x2 
 .rodata        0x0000000000118534       0x22 binaries/rdsopen.o
 *fill*         0x0000000000118556        0x2 
 .rodata        0x0000000000118558       0x4d binaries/rdsprocess.o
 .rodata        0x00000000001185a5        0x9 binaries/raminit.o
 *fill*         0x00000000001185ae        0x2 
 .rodata        0x00000000001185b0       0x37 binaries/lfdballoc.o
 .rodata        0x00000000001185e7       0x14 binaries/lfiballoc.o
 *fill*         0x00000000001185fb        0x1 
 .rodata        0x00000000001185fc       0x23 binaries/lflcontrol.o
 *fill*         0x000000000011861f        0x1 
 .rodata        0x0000000000118620      0x11b binaries/lfsckfmt.o
 *fill*         0x000000000011873b        0x1 
 .rodata        0x000000000011873c       0x2a binaries/lfsopen.o
 *fill*         0x0000000000118766        0x2 
 .rodata        0x0000000000118768       0x21 binaries/rflread.o
 *fill*         0x0000000000118789        0x3 
 .rodata        0x000000000011878c       0x21 binaries/rflwrite.o
 *fill*         0x00000000001187ad        0x3 
 .rodata        0x00000000001187b0       0x75 binaries/rfscomm.o
 *fill*         0x0000000000118825        0x3 
 .rodata        0x0000000000118828       0x3c binaries/rfscontrol.o
 .rodata        0x0000000000118864       0x63 binaries/rfsinit.o
 *fill*         0x00000000001188c7        0x1 
 .rodata        0x00000000001188c8       0x2a binaries/rfsndmsg.o
 *fill*         0x00000000001188f2        0x2 
 .rodata        0x00000000001188f4       0x22 binaries/rfsopen.o
 *fill*         0x0000000000118916        0x2 
 .rodata        0x0000000000118918       0x3a binaries/arp.o
 *fill*         0x0000000000118952        0x2 
 .rodata        0x0000000000118954       0xcf binaries/dhcp.o
 .rodata        0x0000000000118a23       0x1a binaries/dns.o
 *fill*         0x0000000000118a3d        0x3 
 .rodata        0x0000000000118a40       0xc9 binaries/hexdump.o
 *fill*         0x0000000000118b09        0x3 
 .rodata        0x0000000000118b0c       0x29 binaries/icmp.o
 *fill*         0x0000000000118b35        0x3 
 .rodata        0x0000000000118b38       0x6e binaries/ip.o
 *fill*         0x0000000000118ba6        0x2 
 .rodata        0x0000000000118ba8       0x4f binaries/net.o
 *fill*         0x0000000000118bf7        0x1 
 .rodata        0x0000000000118bf8      0x26f binaries/pdump.o
 *fill*         0x0000000000118e67        0x1 
 .rodata        0x0000000000118e68      0x154 binaries/tftp.o
 *fill*         0x0000000000118fbc        0x4 
 .rodata        0x0000000000118fc0      0x3c1 binaries/shell.o
                0x0000000000119040                cmdtab
 .rodata        0x0000000000119381       0x28 binaries/xsh_argecho.o
 *fill*         0x00000000001193a9        0x3 
 .rodata        0x00000000001193ac      0x123 binaries/xsh_arp.o
 *fill*         0x00000000001194cf        0x1 
 .rodata        0x00000000001194d0       0xc9 binaries/xsh_cat.o
 .rodata        0x0000000000119599       0x19 binaries/xsh_clear.o
 *fill*         0x00000000001195b2        0x2 
 .rodata        0x00000000001195b4      0x1c3 binaries/xsh_date.o
 .rodata        0x0000000000119777       0x5d binaries/xsh_devdump.o
 .rodata        0x00000000001197d4        0x9 binaries/xsh_echo.o
 *fill*         0x00000000001197dd        0x3 
 .rodata        0x00000000001197e0      0x169 binaries/xsh_help.o
 *fill*         0x0000000000119949        0x3 
 .rodata        0x000000000011994c      0x12e binaries/xsh_kill.o
 *fill*         0x0000000000119a7a        0x2 
 .rodata        0x0000000000119a7c      0x266 binaries/xsh_memdump.o
 *fill*         0x0000000000119ce2        0x2 
 .rodata        0x0000000000119ce4      0x225 binaries/xsh_memstat.o
 *fill*         0x0000000000119f09        0x3 
 .rodata        0x0000000000119f0c      0x1b0 binaries/xsh_netinfo.o
 .rodata        0x000000000011a0bc      0x1a1 binaries/xsh_ping.o
 *fill*         0x000000000011a25d        0x3 
 .rodata        0x000000000011a260      0x1e0 binaries/xsh_ps.o
 .rodata        0x000000000011a440       0xeb binaries/xsh_sleep.o
 *fill*         0x000000000011a52b        0x1 
 .rodata        0x000000000011a52c      0x1b8 binaries/xsh_udpdump.o
 .rodata        0x000000000011a6e4      0x215 binaries/xsh_udpecho.o
 *fill*         0x000000000011a8f9        0x3 
 .rodata        0x000000000011a8fc      0x12b binaries/xsh_udpserver.o
 *fill*         0x000000000011aa27        0x1 
 .rodata        0x000000000011aa28      0x105 binaries/xsh_uptime.o
                0x000000000011ab2d                etext = ABSOLUTE (.)
                0x000000000011b000                . = ALIGN (0x1000)
 *fill*         0x000000000011ab2d      0x4d3 

.eh_frame       0x000000000011b000     0x2d24
 .eh_frame      0x000000000011b000       0x38 binaries/ascdate.o
 .eh_frame      0x000000000011b038       0x20 binaries/bufinit.o
                                         0x38 (size before relaxing)
 .eh_frame      0x000000000011b058       0x20 binaries/chprio.o
                                         0x38 (size before relaxing)
 .eh_frame      0x000000000011b078       0x20 binaries/clkhandler.o
                                         0x38 (size before relaxing)
 .eh_frame      0x000000000011b098       0x20 binaries/clkinit.o
                                         0x38 (size before relaxing)
 .eh_frame      0x000000000011b0b8       0x20 binaries/close.o
                                         0x38 (size before relaxing)
 .eh_frame      0x000000000011b0d8       0x20 binaries/control.o
                                         0x38 (size before relaxing)
 .eh_frame      0x000000000011b0f8       0x40 binaries/create.o
                                         0x58 (size before relaxing)
 .eh_frame      0x000000000011b138       0x9c binaries/create_user_proc.o
                                         0xb4 (size before relaxing)
 .eh_frame      0x000000000011b1d4       0x60 binaries/evec.o
                                         0x78 (size before relaxing)
 .eh_frame      0x000000000011b234       0x20 binaries/exit.o
                                         0x38 (size before relaxing)
 .eh_frame      0x000000000011b254       0x20 binaries/freebuf.o
                                         0x38 (size before relaxing)
 .eh_frame      0x000000000011b274       0x20 binaries/freemem.o
                                         0x38 (size before relaxing)
 .eh_frame      0x000000000011b294       0x20 binaries/getbuf.o
                                         0x38 (size before relaxing)
 .eh_frame      0x000000000011b2b4       0x20 binaries/getc.o
                                         0x38 (size before relaxing)
 .eh_frame      0x000000000011b2d4       0x20 binaries/getdev.o
                                         0x38 (size before relaxing)
 .eh_frame      0x000000000011b2f4       0x60 binaries/getitem.o
                                         0x78 (size before relaxing)
 .eh_frame      0x000000000011b354       0x20 binaries/getmem.o
                                         0x38 (size before relaxing)
 .eh_frame      0x000000000011b374       0x20 binaries/getpid.o
                                         0x38 (size before relaxing)
 .eh_frame      0x000000000011b394       0x20 binaries/getprio.o
                                         0x38 (size before relaxing)
 .eh_frame      0x000000000011b3b4       0x20 binaries/getstk.o
                                         0x38 (size before relaxing)
 .eh_frame      0x000000000011b3d4       0x20 binaries/getticks.o
                                         0x38 (size before relaxing)
 .eh_frame      0x000000000011b3f4       0x20 binaries/gettime.o
                                         0x38 (size before relaxing)
 .eh_frame      0x000000000011b414       0x20 binaries/getutime.o
                                         0x38 (size before relaxing)
 .eh_frame      0x000000000011b434       0x8c binaries/i386.o
                                         0xa4 (size before relaxing)
 .eh_frame      0x000000000011b4c0       0x20 binaries/init.o
                                         0x38 (size before relaxing)
 .eh_frame      0x000000000011b4e0       0xa0 binaries/initialize.o
                                         0xb8 (size before relaxing)
 .eh_frame      0x000000000011b580       0x20 binaries/insert.o
                                         0x38 (size before relaxing)
 .eh_frame      0x000000000011b5a0       0x20 binaries/insertd.o
                                         0x38 (size before relaxing)
 .eh_frame      0x000000000011b5c0       0x20 binaries/ioerr.o
                                         0x38 (size before relaxing)
 .eh_frame      0x000000000011b5e0       0x20 binaries/ionull.o
                                         0x38 (size before relaxing)
 .eh_frame      0x000000000011b600       0x20 binaries/kill.o
                                         0x38 (size before relaxing)
 .eh_frame      0x000000000011b620       0x60 binaries/kprintf.o
                                         0x78 (size before relaxing)
 .eh_frame      0x000000000011b680       0x84 binaries/main.o
                                         0x9c (size before relaxing)
 .eh_frame      0x000000000011b704       0x40 binaries/mark.o
                                         0x58 (size before relaxing)
 .eh_frame      0x000000000011b744       0x20 binaries/meminit.o
                                         0x38 (size before relaxing)
 .eh_frame      0x000000000011b764       0x20 binaries/mkbufpool.o
                                         0x38 (size before relaxing)
 .eh_frame      0x000000000011b784       0x20 binaries/newqueue.o
                                         0x38 (size before relaxing)
 .eh_frame      0x000000000011b7a4       0x20 binaries/open.o
                                         0x38 (size before relaxing)
 .eh_frame      0x000000000011b7c4       0x1c binaries/panic.o
                                         0x34 (size before relaxing)
 .eh_frame      0x000000000011b7e0      0x1c8 binaries/pci.o
                                        0x1e0 (size before relaxing)
 .eh_frame      0x000000000011b9a8       0x20 binaries/ptclear.o
                                         0x38 (size before relaxing)
 .eh_frame      0x000000000011b9c8       0x20 binaries/ptcount.o
                                         0x38 (size before relaxing)
 .eh_frame      0x000000000011b9e8       0x20 binaries/ptcreate.o
                                         0x38 (size before relaxing)
 .eh_frame      0x000000000011ba08       0x20 binaries/ptdelete.o
                                         0x38 (size before relaxing)
 .eh_frame      0x000000000011ba28       0x20 binaries/ptinit.o
                                         0x38 (size before relaxing)
 .eh_frame      0x000000000011ba48       0x20 binaries/ptrecv.o
                                         0x38 (size before relaxing)
 .eh_frame      0x000000000011ba68       0x20 binaries/ptreset.o
                                         0x38 (size before relaxing)
 .eh_frame      0x000000000011ba88       0x20 binaries/ptsend.o
                                         0x38 (size before relaxing)
 .eh_frame      0x000000000011baa8       0x20 binaries/putc.o
                                         0x38 (size before relaxing)
 .eh_frame      0x000000000011bac8       0x40 binaries/queue.o
                                         0x58 (size before relaxing)
 .eh_frame      0x000000000011bb08       0x20 binaries/read.o
                                         0x38 (size before relaxing)
 .eh_frame      0x000000000011bb28       0x24 binaries/ready.o
                                         0x3c (size before relaxing)
 .eh_frame      0x000000000011bb4c       0x20 binaries/receive.o
                                         0x38 (size before relaxing)
 .eh_frame      0x000000000011bb6c       0x20 binaries/recvclr.o
                                         0x38 (size before relaxing)
 .eh_frame      0x000000000011bb8c       0x20 binaries/recvtime.o
                                         0x38 (size before relaxing)
 .eh_frame      0x000000000011bbac       0x40 binaries/resched.o
                                         0x58 (size before relaxing)
 .eh_frame      0x000000000011bbec       0x20 binaries/resume.o
                                         0x38 (size before relaxing)
 .eh_frame      0x000000000011bc0c       0x20 binaries/seek.o
                                         0x38 (size before relaxing)
 .eh_frame      0x000000000011bc2c       0x20 binaries/semcount.o
                                         0x38 (size before relaxing)
 .eh_frame      0x000000000011bc4c       0x40 binaries/semcreate.o
                                         0x58 (size before relaxing)
 .eh_frame      0x000000000011bc8c       0x20 binaries/semdelete.o
                                         0x38 (size before relaxing)
 .eh_frame      0x000000000011bcac       0x20 binaries/semreset.o
                                         0x38 (size before relaxing)
 .eh_frame      0x000000000011bccc       0x20 binaries/send.o
                                         0x38 (size before relaxing)
 .eh_frame      0x000000000011bcec       0x20 binaries/signal.o
                                         0x38 (size before relaxing)
 .eh_frame      0x000000000011bd0c       0x20 binaries/signaln.o
                                         0x38 (size before relaxing)
 .eh_frame      0x000000000011bd2c       0x40 binaries/sleep.o
                                         0x58 (size before relaxing)
 .eh_frame      0x000000000011bd6c       0x20 binaries/stacktrace.o
                                         0x38 (size before relaxing)
 .eh_frame      0x000000000011bd8c       0x20 binaries/suspend.o
                                         0x38 (size before relaxing)
 .eh_frame      0x000000000011bdac       0x20 binaries/unsleep.o
                                         0x38 (size before relaxing)
 .eh_frame      0x000000000011bdcc       0x20 binaries/userret.o
                                         0x38 (size before relaxing)
 .eh_frame      0x000000000011bdec       0x20 binaries/wait.o
                                         0x38 (size before relaxing)
 .eh_frame      0x000000000011be0c       0x20 binaries/wakeup.o
                                         0x38 (size before relaxing)
 .eh_frame      0x000000000011be2c       0x20 binaries/write.o
                                         0x38 (size before relaxing)
 .eh_frame      0x000000000011be4c       0x20 binaries/xdone.o
                                         0x38 (size before relaxing)
 .eh_frame      0x000000000011be6c       0x20 binaries/yield.o
                                         0x38 (size before relaxing)
 .eh_frame      0x000000000011be8c       0x20 binaries/abs.o
                                         0x38 (size before relaxing)
 .eh_frame      0x000000000011beac       0x20 binaries/atoi.o
                                         0x38 (size before relaxing)
 .eh_frame      0x000000000011becc       0x20 binaries/atol.o
                                         0x38 (size before relaxing)
 .eh_frame      0x000000000011beec       0x20 binaries/bzero.o
                                         0x38 (size before relaxing)
 .eh_frame      0x000000000011bf0c       0xe0 binaries/doprnt.o
                                         0xf8 (size before relaxing)
 .eh_frame      0x000000000011bfec       0xb0 binaries/doscan.o
                                         0xc8 (size before relaxing)
 .eh_frame      0x000000000011c09c       0xc0 binaries/fdoprnt.o
                                         0xd8 (size before relaxing)
 .eh_frame      0x000000000011c15c       0x20 binaries/fgetc.o
                                         0x38 (size before relaxing)
 .eh_frame      0x000000000011c17c       0x20 binaries/fgets.o
                                         0x38 (size before relaxing)
 .eh_frame      0x000000000011c19c       0x20 binaries/fprintf.o
                                         0x38 (size before relaxing)
 .eh_frame      0x000000000011c1bc       0x20 binaries/fputc.o
                                         0x38 (size before relaxing)
 .eh_frame      0x000000000011c1dc       0x20 binaries/fputs.o
                                         0x38 (size before relaxing)
 .eh_frame      0x000000000011c1fc       0x60 binaries/fscanf.o
                                         0x78 (size before relaxing)
 .eh_frame      0x000000000011c25c       0x20 binaries/getchar.o
                                         0x38 (size before relaxing)
 .eh_frame      0x000000000011c27c       0x20 binaries/labs.o
                                         0x38 (size before relaxing)
 .eh_frame      0x000000000011c29c       0x20 binaries/memcmp.o
                                         0x38 (size before relaxing)
 .eh_frame      0x000000000011c2bc       0x24 binaries/memcpy.o
                                         0x3c (size before relaxing)
 .eh_frame      0x000000000011c2e0       0x24 binaries/memset.o
                                         0x3c (size before relaxing)
 .eh_frame      0x000000000011c304       0x20 binaries/printf.o
                                         0x38 (size before relaxing)
 .eh_frame      0x000000000011c324       0x20 binaries/putchar.o
                                         0x38 (size before relaxing)
 .eh_frame      0x000000000011c344       0xa8 binaries/qsort.o
                                         0xc0 (size before relaxing)
 .eh_frame      0x000000000011c3ec       0x60 binaries/rand.o
                                         0x78 (size before relaxing)
 .eh_frame      0x000000000011c44c       0x40 binaries/sprintf.o
                                         0x58 (size before relaxing)
 .eh_frame      0x000000000011c48c       0x60 binaries/sscanf.o
                                         0x78 (size before relaxing)
 .eh_frame      0x000000000011c4ec       0x20 binaries/strchr.o
                                         0x38 (size before relaxing)
 .eh_frame      0x000000000011c50c       0x20 binaries/strcmp.o
                                         0x38 (size before relaxing)
 .eh_frame      0x000000000011c52c       0x20 binaries/strcpy.o
                                         0x38 (size before relaxing)
 .eh_frame      0x000000000011c54c       0x20 binaries/strlen.o
                                         0x38 (size before relaxing)
 .eh_frame      0x000000000011c56c       0x20 binaries/strncat.o
                                         0x38 (size before relaxing)
 .eh_frame      0x000000000011c58c       0x20 binaries/strncmp.o
                                         0x38 (size before relaxing)
 .eh_frame      0x000000000011c5ac       0x28 binaries/strncpy.o
                                         0x40 (size before relaxing)
 .eh_frame      0x000000000011c5d4       0x20 binaries/strnlen.o
                                         0x38 (size before relaxing)
 .eh_frame      0x000000000011c5f4       0x20 binaries/strrchr.o
                                         0x38 (size before relaxing)
 .eh_frame      0x000000000011c614       0x20 binaries/strstr.o
                                         0x38 (size before relaxing)
 .eh_frame      0x000000000011c634       0x20 binaries/ttycontrol.o
                                         0x38 (size before relaxing)
 .eh_frame      0x000000000011c654       0x20 binaries/ttygetc.o
                                         0x38 (size before relaxing)
 .eh_frame      0x000000000011c674       0x80 binaries/ttyhandle_in.o
                                         0x98 (size before relaxing)
 .eh_frame      0x000000000011c6f4       0x20 binaries/ttyhandle_out.o
                                         0x38 (size before relaxing)
 .eh_frame      0x000000000011c714       0x20 binaries/ttyhandler.o
                                         0x38 (size before relaxing)
 .eh_frame      0x000000000011c734       0x20 binaries/ttyinit.o
                                         0x38 (size before relaxing)
 .eh_frame      0x000000000011c754       0x20 binaries/ttykickout.o
                                         0x38 (size before relaxing)
 .eh_frame      0x000000000011c774       0x20 binaries/ttyputc.o
                                         0x38 (size before relaxing)
 .eh_frame      0x000000000011c794       0x24 binaries/ttyread.o
                                         0x3c (size before relaxing)
 .eh_frame      0x000000000011c7b8       0x20 binaries/ttywrite.o
                                         0x38 (size before relaxing)
 .eh_frame      0x000000000011c7d8       0x40 binaries/mount.o
                                         0x58 (size before relaxing)
 .eh_frame      0x000000000011c818       0x20 binaries/naminit.o
                                         0x38 (size before relaxing)
 .eh_frame      0x000000000011c838       0x60 binaries/nammap.o
                                         0x78 (size before relaxing)
 .eh_frame      0x000000000011c898       0x20 binaries/namopen.o
                                         0x38 (size before relaxing)
 .eh_frame      0x000000000011c8b8      0x150 binaries/82545EMInit.o
                                        0x168 (size before relaxing)
 .eh_frame      0x000000000011ca08       0xa0 binaries/ethcontrol.o
                                         0xb8 (size before relaxing)
 .eh_frame      0x000000000011caa8       0x80 binaries/ethhandler.o
                                         0x98 (size before relaxing)
 .eh_frame      0x000000000011cb28       0x20 binaries/ethinit.o
                                         0x38 (size before relaxing)
 .eh_frame      0x000000000011cb48       0x60 binaries/ethread.o
                                         0x78 (size before relaxing)
 .eh_frame      0x000000000011cba8       0x60 binaries/ethwrite.o
                                         0x78 (size before relaxing)
 .eh_frame      0x000000000011cc08       0x20 binaries/rdsbufalloc.o
                                         0x38 (size before relaxing)
 .eh_frame      0x000000000011cc28       0x20 binaries/rdsclose.o
                                         0x38 (size before relaxing)
 .eh_frame      0x000000000011cc48       0x20 binaries/rdscomm.o
                                         0x38 (size before relaxing)
 .eh_frame      0x000000000011cc68       0x20 binaries/rdscontrol.o
                                         0x38 (size before relaxing)
 .eh_frame      0x000000000011cc88       0x20 binaries/rdsinit.o
                                         0x38 (size before relaxing)
 .eh_frame      0x000000000011cca8       0x20 binaries/rdsopen.o
                                         0x38 (size before relaxing)
 .eh_frame      0x000000000011ccc8       0x1c binaries/rdsprocess.o
                                         0x34 (size before relaxing)
 .eh_frame      0x000000000011cce4       0x20 binaries/rdsread.o
                                         0x38 (size before relaxing)
 .eh_frame      0x000000000011cd04       0x20 binaries/rdswrite.o
                                         0x38 (size before relaxing)
 .eh_frame      0x000000000011cd24       0x20 binaries/ramclose.o
                                         0x38 (size before relaxing)
 .eh_frame      0x000000000011cd44       0x20 binaries/raminit.o
                                         0x38 (size before relaxing)
 .eh_frame      0x000000000011cd64       0x20 binaries/ramopen.o
                                         0x38 (size before relaxing)
 .eh_frame      0x000000000011cd84       0x20 binaries/ramread.o
                                         0x38 (size before relaxing)
 .eh_frame      0x000000000011cda4       0x20 binaries/ramwrite.o
                                         0x38 (size before relaxing)
 .eh_frame      0x000000000011cdc4       0x20 binaries/lfdballoc.o
                                         0x38 (size before relaxing)
 .eh_frame      0x000000000011cde4       0x20 binaries/lfdbfree.o
                                         0x38 (size before relaxing)
 .eh_frame      0x000000000011ce04       0x20 binaries/lfflush.o
                                         0x38 (size before relaxing)
 .eh_frame      0x000000000011ce24       0x20 binaries/lfgetmode.o
                                         0x38 (size before relaxing)
 .eh_frame      0x000000000011ce44       0x20 binaries/lfiballoc.o
                                         0x38 (size before relaxing)
 .eh_frame      0x000000000011ce64       0x20 binaries/lfibclear.o
                                         0x38 (size before relaxing)
 .eh_frame      0x000000000011ce84       0x20 binaries/lfibget.o
                                         0x38 (size before relaxing)
 .eh_frame      0x000000000011cea4       0x20 binaries/lfibput.o
                                         0x38 (size before relaxing)
 .eh_frame      0x000000000011cec4       0x20 binaries/lflclose.o
                                         0x38 (size before relaxing)
 .eh_frame      0x000000000011cee4       0x20 binaries/lflcontrol.o
                                         0x38 (size before relaxing)
 .eh_frame      0x000000000011cf04       0x20 binaries/lflgetc.o
                                         0x38 (size before relaxing)
 .eh_frame      0x000000000011cf24       0x20 binaries/lflinit.o
                                         0x38 (size before relaxing)
 .eh_frame      0x000000000011cf44       0x20 binaries/lflputc.o
                                         0x38 (size before relaxing)
 .eh_frame      0x000000000011cf64       0x20 binaries/lflread.o
                                         0x38 (size before relaxing)
 .eh_frame      0x000000000011cf84       0x20 binaries/lflseek.o
                                         0x38 (size before relaxing)
 .eh_frame      0x000000000011cfa4       0x20 binaries/lflwrite.o
                                         0x38 (size before relaxing)
 .eh_frame      0x000000000011cfc4       0x20 binaries/lfscheck.o
                                         0x38 (size before relaxing)
 .eh_frame      0x000000000011cfe4       0x20 binaries/lfsckfmt.o
                                         0x38 (size before relaxing)
 .eh_frame      0x000000000011d004       0x20 binaries/lfscreate.o
                                         0x38 (size before relaxing)
 .eh_frame      0x000000000011d024       0x20 binaries/lfsetup.o
                                         0x38 (size before relaxing)
 .eh_frame      0x000000000011d044       0x20 binaries/lfsinit.o
                                         0x38 (size before relaxing)
 .eh_frame      0x000000000011d064       0x20 binaries/lfsopen.o
                                         0x38 (size before relaxing)
 .eh_frame      0x000000000011d084       0x20 binaries/lftruncate.o
                                         0x38 (size before relaxing)
 .eh_frame      0x000000000011d0a4       0x20 binaries/rflclose.o
                                         0x38 (size before relaxing)
 .eh_frame      0x000000000011d0c4       0x20 binaries/rflgetc.o
                                         0x38 (size before relaxing)
 .eh_frame      0x000000000011d0e4       0x20 binaries/rflinit.o
                                         0x38 (size before relaxing)
 .eh_frame      0x000000000011d104       0x20 binaries/rflputc.o
                                         0x38 (size before relaxing)
 .eh_frame      0x000000000011d124       0x20 binaries/rflread.o
                                         0x38 (size before relaxing)
 .eh_frame      0x000000000011d144       0x20 binaries/rflseek.o
                                         0x38 (size before relaxing)
 .eh_frame      0x000000000011d164       0x20 binaries/rflwrite.o
                                         0x38 (size before relaxing)
 .eh_frame      0x000000000011d184       0x20 binaries/rfscomm.o
                                         0x38 (size before relaxing)
 .eh_frame      0x000000000011d1a4       0x20 binaries/rfscontrol.o
                                         0x38 (size before relaxing)
 .eh_frame      0x000000000011d1c4       0x20 binaries/rfsgetmode.o
                                         0x38 (size before relaxing)
 .eh_frame      0x000000000011d1e4       0x20 binaries/rfsinit.o
                                         0x38 (size before relaxing)
 .eh_frame      0x000000000011d204       0x20 binaries/rfsndmsg.o
                                         0x38 (size before relaxing)
 .eh_frame      0x000000000011d224       0x20 binaries/rfsopen.o
                                         0x38 (size before relaxing)
 .eh_frame      0x000000000011d244       0xc0 binaries/arp.o
                                         0xd8 (size before relaxing)
 .eh_frame      0x000000000011d304       0xa0 binaries/dhcp.o
                                         0xb8 (size before relaxing)
 .eh_frame      0x000000000011d3a4       0x80 binaries/dns.o
                                         0x98 (size before relaxing)
 .eh_frame      0x000000000011d424       0x20 binaries/dot2ip.o
                                         0x38 (size before relaxing)
 .eh_frame      0x000000000011d444       0x40 binaries/hexdump.o
                                         0x58 (size before relaxing)
 .eh_frame      0x000000000011d484      0x14c binaries/icmp.o
                                        0x164 (size before relaxing)
 .eh_frame      0x000000000011d5d0      0x11c binaries/ip.o
                                        0x134 (size before relaxing)
 .eh_frame      0x000000000011d6ec       0xa0 binaries/net.o
                                         0xb8 (size before relaxing)
 .eh_frame      0x000000000011d78c       0x60 binaries/pdump.o
                                         0x78 (size before relaxing)
 .eh_frame      0x000000000011d7ec       0x60 binaries/tftp.o
                                         0x78 (size before relaxing)
 .eh_frame      0x000000000011d84c      0x140 binaries/udp.o
                                        0x158 (size before relaxing)
 .eh_frame      0x000000000011d98c       0x20 binaries/addargs.o
                                         0x38 (size before relaxing)
 .eh_frame      0x000000000011d9ac       0x20 binaries/lexan.o
                                         0x38 (size before relaxing)
 .eh_frame      0x000000000011d9cc       0x20 binaries/shell.o
                                         0x38 (size before relaxing)
 .eh_frame      0x000000000011d9ec       0x20 binaries/xsh_argecho.o
                                         0x38 (size before relaxing)
 .eh_frame      0x000000000011da0c       0x40 binaries/xsh_arp.o
                                         0x58 (size before relaxing)
 .eh_frame      0x000000000011da4c       0x20 binaries/xsh_cat.o
                                         0x38 (size before relaxing)
 .eh_frame      0x000000000011da6c       0x20 binaries/xsh_clear.o
                                         0x38 (size before relaxing)
 .eh_frame      0x000000000011da8c       0x20 binaries/xsh_date.o
                                         0x38 (size before relaxing)
 .eh_frame      0x000000000011daac       0x20 binaries/xsh_devdump.o
                                         0x38 (size before relaxing)
 .eh_frame      0x000000000011dacc       0x20 binaries/xsh_echo.o
                                         0x38 (size before relaxing)
 .eh_frame      0x000000000011daec       0x20 binaries/xsh_exit.o
                                         0x38 (size before relaxing)
 .eh_frame      0x000000000011db0c       0x20 binaries/xsh_help.o
                                         0x38 (size before relaxing)
 .eh_frame      0x000000000011db2c       0x20 binaries/xsh_kill.o
                                         0x38 (size before relaxing)
 .eh_frame      0x000000000011db4c       0x40 binaries/xsh_memdump.o
                                         0x58 (size before relaxing)
 .eh_frame      0x000000000011db8c       0x60 binaries/xsh_memstat.o
                                         0x78 (size before relaxing)
 .eh_frame      0x000000000011dbec       0x30 binaries/xsh_netinfo.o
                                         0x48 (size before relaxing)
 .eh_frame      0x000000000011dc1c       0x24 binaries/xsh_ping.o
                                         0x3c (size before relaxing)
 .eh_frame      0x000000000011dc40       0x30 binaries/xsh_ps.o
                                         0x48 (size before relaxing)
 .eh_frame      0x000000000011dc70       0x20 binaries/xsh_sleep.o
                                         0x38 (size before relaxing)
 .eh_frame      0x000000000011dc90       0x20 binaries/xsh_udpdump.o
                                         0x38 (size before relaxing)
 .eh_frame      0x000000000011dcb0       0x30 binaries/xsh_udpecho.o
                                         0x48 (size before relaxing)
 .eh_frame      0x000000000011dce0       0x24 binaries/xsh_udpserver.o
                                         0x3c (size before relaxing)
 .eh_frame      0x000000000011dd04       0x20 binaries/xsh_uptime.o
                                         0x38 (size before relaxing)

.iplt           0x000000000011dd30        0x0
 .iplt          0x000000000011dd30        0x0 binaries/start.o

.rel.dyn        0x000000000011dd24        0x0
 .rel.iplt      0x000000000011dd24        0x0 binaries/start.o
 .rel.text      0x000000000011dd24        0x0 binaries/start.o
 .rel.data      0x000000000011dd24        0x0 binaries/start.o
 .rel.rodata    0x000000000011dd24        0x0 binaries/start.o

.data           0x000000000011dd40     0x12c0
                0x000000000011dd40                data = ABSOLUTE (.)
 *(.data .data.*)
 .data          0x000000000011dd40      0x460 binaries/start.o
                0x000000000011dd40                gdt
                0x000000000011dd80                gdtr
                0x000000000011dd86                idt
                0x000000000011e186                idtr
                0x000000000011e18c                cpudelay
                0x000000000011e190                _bootdev
                0x000000000011e194                _cyloffset
 .data          0x000000000011e1a0       0x88 binaries/ascdate.o
                0x000000000011e1a0                Date
 .data          0x000000000011e228        0x0 binaries/bufinit.o
 .data          0x000000000011e228        0x0 binaries/chprio.o
 .data          0x000000000011e228        0x4 binaries/clkhandler.o
 .data          0x000000000011e22c        0x0 binaries/clkinit.o
 .data          0x000000000011e22c        0x0 binaries/close.o
 *fill*         0x000000000011e22c       0x14 
 .data          0x000000000011e240      0x5a0 binaries/conf.o
                0x000000000011e240                devtab
 .data          0x000000000011e7e0        0x0 binaries/control.o
 .data          0x000000000011e7e0        0x4 binaries/create.o
 .data          0x000000000011e7e4        0x4 binaries/create_user_proc.o
 *fill*         0x000000000011e7e8       0x18 
 .data          0x000000000011e800       0x40 binaries/evec.o
                0x000000000011e800                inames
 .data          0x000000000011e840        0x0 binaries/exit.o
 .data          0x000000000011e840        0x0 binaries/freebuf.o
 .data          0x000000000011e840        0x0 binaries/freemem.o
 .data          0x000000000011e840        0x0 binaries/getbuf.o
 .data          0x000000000011e840        0x0 binaries/getc.o
 .data          0x000000000011e840        0x0 binaries/getdev.o
 .data          0x000000000011e840        0x0 binaries/getitem.o
 .data          0x000000000011e840        0x0 binaries/getmem.o
 .data          0x000000000011e840        0x0 binaries/getpid.o
 .data          0x000000000011e840        0x0 binaries/getprio.o
 .data          0x000000000011e840        0x0 binaries/getstk.o
 .data          0x000000000011e840        0x0 binaries/getticks.o
 .data          0x000000000011e840        0x0 binaries/gettime.o
 .data          0x000000000011e840        0x0 binaries/getutime.o
 .data          0x000000000011e840       0x40 binaries/i386.o
                0x000000000011e840                gdt_copy
 .data          0x000000000011e880        0x0 binaries/init.o
 .data          0x000000000011e880        0x0 binaries/initialize.o
 .data          0x000000000011e880        0x0 binaries/insert.o
 .data          0x000000000011e880        0x0 binaries/insertd.o
 .data          0x000000000011e880        0x0 binaries/ioerr.o
 .data          0x000000000011e880        0x0 binaries/ionull.o
 .data          0x000000000011e880        0x0 binaries/kill.o
 .data          0x000000000011e880        0x0 binaries/kprintf.o
 .data          0x000000000011e880        0x0 binaries/main.o
 .data          0x000000000011e880        0x0 binaries/mark.o
 .data          0x000000000011e880        0x0 binaries/meminit.o
 .data          0x000000000011e880        0x0 binaries/mkbufpool.o
 .data          0x000000000011e880        0x2 binaries/newqueue.o
 .data          0x000000000011e882        0x0 binaries/open.o
 .data          0x000000000011e882        0x0 binaries/panic.o
 *fill*         0x000000000011e882        0x2 
 .data          0x000000000011e884       0x10 binaries/pci.o
 .data          0x000000000011e894        0x0 binaries/ptclear.o
 .data          0x000000000011e894        0x0 binaries/ptcount.o
 .data          0x000000000011e894        0x0 binaries/ptcreate.o
 .data          0x000000000011e894        0x0 binaries/ptdelete.o
 .data          0x000000000011e894        0x0 binaries/ptinit.o
 .data          0x000000000011e894        0x0 binaries/ptrecv.o
 .data          0x000000000011e894        0x0 binaries/ptreset.o
[...]
 .comment       0x000000000000001d       0x1e binaries/dns.o
 .comment       0x000000000000001d       0x1e binaries/dot2ip.o
 .comment       0x000000000000001d       0x1e binaries/hexdump.o
 .comment       0x000000000000001d       0x1e binaries/icmp.o
 .comment       0x000000000000001d       0x1e binaries/ip.o
 .comment       0x000000000000001d       0x1e binaries/net.o
 .comment       0x000000000000001d       0x1e binaries/pdump.o
 .comment       0x000000000000001d       0x1e binaries/tftp.o
 .comment       0x000000000000001d       0x1e binaries/udp.o
 .comment       0x000000000000001d       0x1e binaries/addargs.o
 .comment       0x000000000000001d       0x1e binaries/lexan.o
 .comment       0x000000000000001d       0x1e binaries/shell.o
 .comment       0x000000000000001d       0x1e binaries/xsh_argecho.o
 .comment       0x000000000000001d       0x1e binaries/xsh_arp.o
 .comment       0x000000000000001d       0x1e binaries/xsh_cat.o
 .comment       0x000000000000001d       0x1e binaries/xsh_clear.o
 .comment       0x000000000000001d       0x1e binaries/xsh_date.o
 .comment       0x000000000000001d       0x1e binaries/xsh_devdump.o
 .comment       0x000000000000001d       0x1e binaries/xsh_echo.o
 .comment       0x000000000000001d       0x1e binaries/xsh_exit.o
 .comment       0x000000000000001d       0x1e binaries/xsh_help.o
 .comment       0x000000000000001d       0x1e binaries/xsh_kill.o
 .comment       0x000000000000001d       0x1e binaries/xsh_memdump.o
 .comment       0x000000000000001d       0x1e binaries/xsh_memstat.o
 .comment       0x000000000000001d       0x1e binaries/xsh_netinfo.o
 .comment       0x000000000000001d       0x1e binaries/xsh_ping.o
 .comment       0x000000000000001d       0x1e binaries/xsh_ps.o
 .comment       0x000000000000001d       0x1e binaries/xsh_sleep.o
 .comment       0x000000000000001d       0x1e binaries/xsh_udpdump.o
 .comment       0x000000000000001d       0x1e binaries/xsh_udpecho.o
 .comment       0x000000000000001d       0x1e binaries/xsh_udpserver.o
 .comment       0x000000000000001d       0x1e binaries/xsh_uptime.o

.note.GNU-stack
                0x0000000000000000        0x0
 .note.GNU-stack
                0x0000000000000000        0x0 binaries/ascdate.o
 .note.GNU-stack
                0x0000000000000000        0x0 binaries/bufinit.o
 .note.GNU-stack
                0x0000000000000000        0x0 binaries/chprio.o
 .note.GNU-stack
                0x0000000000000000        0x0 binaries/clkhandler.o
 .note.GNU-stack
                0x0000000000000000        0x0 binaries/clkinit.o
 .note.GNU-stack
                0x0000000000000000        0x0 binaries/close.o
 .note.GNU-stack
                0x0000000000000000        0x0 binaries/conf.o
 .note.GNU-stack
                0x0000000000000000        0x0 binaries/control.o
 .note.GNU-stack
                0x0000000000000000        0x0 binaries/create.o
 .note.GNU-stack
                0x0000000000000000        0x0 binaries/create_user_proc.o
 .note.GNU-stack
                0x0000000000000000        0x0 binaries/evec.o
 .note.GNU-stack
                0x0000000000000000        0x0 binaries/exit.o
 .note.GNU-stack
                0x0000000000000000        0x0 binaries/freebuf.o
 .note.GNU-stack
                0x0000000000000000        0x0 binaries/freemem.o
 .note.GNU-stack
                0x0000000000000000        0x0 binaries/getbuf.o
 .note.GNU-stack
                0x0000000000000000        0x0 binaries/getc.o
 .note.GNU-stack
                0x0000000000000000        0x0 binaries/getdev.o
 .note.GNU-stack
                0x0000000000000000        0x0 binaries/getitem.o
 .note.GNU-stack
                0x0000000000000000        0x0 binaries/getmem.o
 .note.GNU-stack
                0x0000000000000000        0x0 binaries/getpid.o
 .note.GNU-stack
                0x0000000000000000        0x0 binaries/getprio.o
 .note.GNU-stack
                0x0000000000000000        0x0 binaries/getstk.o
 .note.GNU-stack
                0x0000000000000000        0x0 binaries/getticks.o
 .note.GNU-stack
                0x0000000000000000        0x0 binaries/gettime.o
 .note.GNU-stack
                0x0000000000000000        0x0 binaries/getutime.o
 .note.GNU-stack
                0x0000000000000000        0x0 binaries/i386.o
 .note.GNU-stack
                0x0000000000000000        0x0 binaries/init.o
 .note.GNU-stack
                0x0000000000000000        0x0 binaries/initialize.o
 .note.GNU-stack
                0x0000000000000000        0x0 binaries/insert.o
 .note.GNU-stack
                0x0000000000000000        0x0 binaries/insertd.o
 .note.GNU-stack
                0x0000000000000000        0x0 binaries/ioerr.o
 .note.GNU-stack
                0x0000000000000000        0x0 binaries/ionull.o
 .note.GNU-stack
                0x0000000000000000        0x0 binaries/kill.o
 .note.GNU-stack
                0x0000000000000000        0x0 binaries/kprintf.o
 .note.GNU-stack
                0x0000000000000000        0x0 binaries/main.o
 .note.GNU-stack
                0x0000000000000000        0x0 binaries/mark.o
 .note.GNU-stack
                0x0000000000000000        0x0 binaries/meminit.o
 .note.GNU-stack
                0x0000000000000000        0x0 binaries/mkbufpool.o
 .note.GNU-stack
                0x0000000000000000        0x0 binaries/newqueue.o
 .note.GNU-stack
                0x0000000000000000        0x0 binaries/open.o
 .note.GNU-stack
                0x0000000000000000        0x0 binaries/panic.o
 .note.GNU-stack
                0x0000000000000000        0x0 binaries/pci.o
 .note.GNU-stack
                0x0000000000000000        0x0 binaries/ptclear.o
 .note.GNU-stack
                0x0000000000000000        0x0 binaries/ptcount.o
 .note.GNU-stack
                0x0000000000000000        0x0 binaries/ptcreate.o
 .note.GNU-stack
                0x0000000000000000        0x0 binaries/ptdelete.o
 .note.GNU-stack
                0x0000000000000000        0x0 binaries/ptinit.o
 .note.GNU-stack
                0x0000000000000000        0x0 binaries/ptrecv.o
 .note.GNU-stack
                0x0000000000000000        0x0 binaries/ptreset.o
 .note.GNU-stack
                0x0000000000000000        0x0 binaries/ptsend.o
 .note.GNU-stack
                0x0000000000000000        0x0 binaries/putc.o
 .note.GNU-stack
                0x0000000000000000        0x0 binaries/queue.o
 .note.GNU-stack
                0x0000000000000000        0x0 binaries/read.o
 .note.GNU-stack
                0x0000000000000000        0x0 binaries/ready.o
 .note.GNU-stack
                0x0000000000000000        0x0 binaries/receive.o
 .note.GNU-stack
                0x0000000000000000        0x0 binaries/recvclr.o
 .note.GNU-stack
                0x0000000000000000        0x0 binaries/recvtime.o
 .note.GNU-stack
                0x0000000000000000        0x0 binaries/resched.o
 .note.GNU-stack
                0x0000000000000000        0x0 binaries/resume.o
 .note.GNU-stack
                0x0000000000000000        0x0 binaries/seek.o
 .note.GNU-stack
                0x0000000000000000        0x0 binaries/semcount.o
 .note.GNU-stack
                0x0000000000000000        0x0 binaries/semcreate.o
 .note.GNU-stack
                0x0000000000000000        0x0 binaries/semdelete.o
 .note.GNU-stack
                0x0000000000000000        0x0 binaries/semreset.o
 .note.GNU-stack
                0x0000000000000000        0x0 binaries/send.o
 .note.GNU-stack
                0x0000000000000000        0x0 binaries/signal.o
 .note.GNU-stack
                0x0000000000000000        0x0 binaries/signaln.o
 .note.GNU-stack
                0x0000000000000000        0x0 binaries/sleep.o
 .note.GNU-stack
                0x0000000000000000        0x0 binaries/stacktrace.o
 .note.GNU-stack
                0x0000000000000000        0x0 binaries/suspend.o
 .note.GNU-stack
                0x0000000000000000        0x0 binaries/unsleep.o
 .note.GNU-stack
                0x0000000000000000        0x0 binaries/userret.o
 .note.GNU-stack
                0x0000000000000000        0x0 binaries/wait.o
 .note.GNU-stack
                0x0000000000000000        0x0 binaries/wakeup.o
 .note.GNU-stack
                0x0000000000000000        0x0 binaries/write.o
 .note.GNU-stack
                0x0000000000000000        0x0 binaries/xdone.o
 .note.GNU-stack
                0x0000000000000000        0x0 binaries/yield.o
 .note.GNU-stack
                0x0000000000000000        0x0 binaries/abs.o
 .note.GNU-stack
                0x0000000000000000        0x0 binaries/atoi.o
 .note.GNU-stack
                0x0000000000000000        0x0 binaries/atol.o
 .note.GNU-stack
                0x0000000000000000        0x0 binaries/bzero.o
 .note.GNU-stack
                0x0000000000000000        0x0 binaries/ctype_.o
 .note.GNU-stack
                0x0000000000000000        0x0 binaries/doprnt.o
 .note.GNU-stack
                0x0000000000000000        0x0 binaries/doscan.o
 .note.GNU-stack
                0x0000000000000000        0x0 binaries/fdoprnt.o
 .note.GNU-stack
                0x0000000000000000        0x0 binaries/fgetc.o
 .note.GNU-stack
                0x0000000000000000        0x0 binaries/fgets.o
 .note.GNU-stack
                0x0000000000000000        0x0 binaries/fprintf.o
 .note.GNU-stack
                0x0000000000000000        0x0 binaries/fputc.o
 .note.GNU-stack
                0x0000000000000000        0x0 binaries/fputs.o
 .note.GNU-stack
                0x0000000000000000        0x0 binaries/fscanf.o
 .note.GNU-stack
                0x0000000000000000        0x0 binaries/getchar.o
 .note.GNU-stack
                0x0000000000000000        0x0 binaries/labs.o
 .note.GNU-stack
                0x0000000000000000        0x0 binaries/memchr.o
 .note.GNU-stack
                0x0000000000000000        0x0 binaries/memcmp.o
 .note.GNU-stack
                0x0000000000000000        0x0 binaries/memcpy.o
 .note.GNU-stack
                0x0000000000000000        0x0 binaries/memset.o
 .note.GNU-stack
                0x0000000000000000        0x0 binaries/printf.o
 .note.GNU-stack
                0x0000000000000000        0x0 binaries/putchar.o
 .note.GNU-stack
                0x0000000000000000        0x0 binaries/qsort.o
 .note.GNU-stack
                0x0000000000000000        0x0 binaries/rand.o
 .note.GNU-stack
                0x0000000000000000        0x0 binaries/sprintf.o
 .note.GNU-stack
                0x0000000000000000        0x0 binaries/sscanf.o
 .note.GNU-stack
                0x0000000000000000        0x0 binaries/strchr.o
 .note.GNU-stack
                0x0000000000000000        0x0 binaries/strcmp.o
 .note.GNU-stack
                0x0000000000000000        0x0 binaries/strcpy.o
 .note.GNU-stack
                0x0000000000000000        0x0 binaries/strlen.o
 .note.GNU-stack
                0x0000000000000000        0x0 binaries/strncat.o
 .note.GNU-stack
                0x0000000000000000        0x0 binaries/strncmp.o
 .note.GNU-stack
                0x0000000000000000        0x0 binaries/strncpy.o
 .note.GNU-stack
                0x0000000000000000        0x0 binaries/strnlen.o
 .note.GNU-stack
                0x0000000000000000        0x0 binaries/strrchr.o
 .note.GNU-stack
                0x0000000000000000        0x0 binaries/strstr.o
 .note.GNU-stack
                0x0000000000000000        0x0 binaries/ttycontrol.o
 .note.GNU-stack
                0x0000000000000000        0x0 binaries/ttygetc.o
 .note.GNU-stack
                0x0000000000000000        0x0 binaries/ttyhandle_in.o
 .note.GNU-stack
                0x0000000000000000        0x0 binaries/ttyhandle_out.o
 .note.GNU-stack
                0x0000000000000000        0x0 binaries/ttyhandler.o
 .note.GNU-stack
                0x0000000000000000        0x0 binaries/ttyinit.o
 .note.GNU-stack
                0x0000000000000000        0x0 binaries/ttykickout.o
 .note.GNU-stack
                0x0000000000000000        0x0 binaries/ttyputc.o
 .note.GNU-stack
                0x0000000000000000        0x0 binaries/ttyread.o
 .note.GNU-stack
                0x0000000000000000        0x0 binaries/ttywrite.o
 .note.GNU-stack
                0x0000000000000000        0x0 binaries/mount.o
 .note.GNU-stack
                0x0000000000000000        0x0 binaries/naminit.o
 .note.GNU-stack
                0x0000000000000000        0x0 binaries/nammap.o
 .note.GNU-stack
                0x0000000000000000        0x0 binaries/namopen.o
 .note.GNU-stack
                0x0000000000000000        0x0 binaries/82545EMInit.o
 .note.GNU-stack
                0x0000000000000000        0x0 binaries/ethcontrol.o
 .note.GNU-stack
                0x0000000000000000        0x0 binaries/ethhandler.o
 .note.GNU-stack
                0x0000000000000000        0x0 binaries/ethinit.o
 .note.GNU-stack
                0x0000000000000000        0x0 binaries/ethread.o
 .note.GNU-stack
                0x0000000000000000        0x0 binaries/ethwrite.o
 .note.GNU-stack
                0x0000000000000000        0x0 binaries/rdsbufalloc.o
 .note.GNU-stack
                0x0000000000000000        0x0 binaries/rdsclose.o
 .note.GNU-stack
                0x0000000000000000        0x0 binaries/rdscomm.o
 .note.GNU-stack
                0x0000000000000000        0x0 binaries/rdscontrol.o
 .note.GNU-stack
                0x0000000000000000        0x0 binaries/rdsinit.o
 .note.GNU-stack
                0x0000000000000000        0x0 binaries/rdsopen.o
 .note.GNU-stack
                0x0000000000000000        0x0 binaries/rdsprocess.o
 .note.GNU-stack
                0x0000000000000000        0x0 binaries/rdsread.o
 .note.GNU-stack
                0x0000000000000000        0x0 binaries/rdswrite.o
 .note.GNU-stack
                0x0000000000000000        0x0 binaries/ramclose.o
 .note.GNU-stack
                0x0000000000000000        0x0 binaries/raminit.o
 .note.GNU-stack
                0x0000000000000000        0x0 binaries/ramopen.o
 .note.GNU-stack
                0x0000000000000000        0x0 binaries/ramread.o
 .note.GNU-stack
                0x0000000000000000        0x0 binaries/ramwrite.o
 .note.GNU-stack
                0x0000000000000000        0x0 binaries/lfdballoc.o
 .note.GNU-stack
                0x0000000000000000        0x0 binaries/lfdbfree.o
 .note.GNU-stack
                0x0000000000000000        0x0 binaries/lfflush.o
 .note.GNU-stack
                0x0000000000000000        0x0 binaries/lfgetmode.o
 .note.GNU-stack
                0x0000000000000000        0x0 binaries/lfiballoc.o
 .note.GNU-stack
                0x0000000000000000        0x0 binaries/lfibclear.o
 .note.GNU-stack
                0x0000000000000000        0x0 binaries/lfibget.o
 .note.GNU-stack
                0x0000000000000000        0x0 binaries/lfibput.o
 .note.GNU-stack
                0x0000000000000000        0x0 binaries/lflclose.o
 .note.GNU-stack
                0x0000000000000000        0x0 binaries/lflcontrol.o
 .note.GNU-stack
                0x0000000000000000        0x0 binaries/lflgetc.o
 .note.GNU-stack
                0x0000000000000000        0x0 binaries/lflinit.o
 .note.GNU-stack
                0x0000000000000000        0x0 binaries/lflputc.o
 .note.GNU-stack
                0x0000000000000000        0x0 binaries/lflread.o
 .note.GNU-stack
                0x0000000000000000        0x0 binaries/lflseek.o
 .note.GNU-stack
                0x0000000000000000        0x0 binaries/lflwrite.o
 .note.GNU-stack
                0x0000000000000000        0x0 binaries/lfscheck.o
 .note.GNU-stack
                0x0000000000000000        0x0 binaries/lfsckfmt.o
 .note.GNU-stack
                0x0000000000000000        0x0 binaries/lfscreate.o
 .note.GNU-stack
                0x0000000000000000        0x0 binaries/lfsetup.o
 .note.GNU-stack
                0x0000000000000000        0x0 binaries/lfsinit.o
 .note.GNU-stack
                0x0000000000000000        0x0 binaries/lfsopen.o
 .note.GNU-stack
                0x0000000000000000        0x0 binaries/lftruncate.o
 .note.GNU-stack
                0x0000000000000000        0x0 binaries/rflclose.o
 .note.GNU-stack
                0x0000000000000000        0x0 binaries/rflgetc.o
 .note.GNU-stack
                0x0000000000000000        0x0 binaries/rflinit.o
 .note.GNU-stack
                0x0000000000000000        0x0 binaries/rflputc.o
 .note.GNU-stack
                0x0000000000000000        0x0 binaries/rflread.o
 .note.GNU-stack
                0x0000000000000000        0x0 binaries/rflseek.o
 .note.GNU-stack
                0x0000000000000000        0x0 binaries/rflwrite.o
 .note.GNU-stack
                0x0000000000000000        0x0 binaries/rfscomm.o
 .note.GNU-stack
                0x0000000000000000        0x0 binaries/rfscontrol.o
 .note.GNU-stack
                0x0000000000000000        0x0 binaries/rfsgetmode.o
 .note.GNU-stack
                0x0000000000000000        0x0 binaries/rfsinit.o
 .note.GNU-stack
                0x0000000000000000        0x0 binaries/rfsndmsg.o
 .note.GNU-stack
                0x0000000000000000        0x0 binaries/rfsopen.o
 .note.GNU-stack
                0x0000000000000000        0x0 binaries/arp.o
 .note.GNU-stack
                0x0000000000000000        0x0 binaries/dhcp.o
 .note.GNU-stack
                0x0000000000000000        0x0 binaries/dns.o
 .note.GNU-stack
                0x0000000000000000        0x0 binaries/dot2ip.o
 .note.GNU-stack
                0x0000000000000000        0x0 binaries/hexdump.o
 .note.GNU-stack
                0x0000000000000000        0x0 binaries/icmp.o
 .note.GNU-stack
                0x0000000000000000        0x0 binaries/ip.o
 .note.GNU-stack
                0x0000000000000000        0x0 binaries/net.o
 .note.GNU-stack
                0x0000000000000000        0x0 binaries/pdump.o
 .note.GNU-stack
                0x0000000000000000        0x0 binaries/tftp.o
 .note.GNU-stack
                0x0000000000000000        0x0 binaries/udp.o
 .note.GNU-stack
                0x0000000000000000        0x0 binaries/addargs.o
 .note.GNU-stack
                0x0000000000000000        0x0 binaries/lexan.o
 .note.GNU-stack
                0x0000000000000000        0x0 binaries/shell.o
 .note.GNU-stack
                0x0000000000000000        0x0 binaries/xsh_argecho.o
 .note.GNU-stack
                0x0000000000000000        0x0 binaries/xsh_arp.o
 .note.GNU-stack
                0x0000000000000000        0x0 binaries/xsh_cat.o
 .note.GNU-stack
                0x0000000000000000        0x0 binaries/xsh_clear.o
 .note.GNU-stack
                0x0000000000000000        0x0 binaries/xsh_date.o
 .note.GNU-stack
                0x0000000000000000        0x0 binaries/xsh_devdump.o
 .note.GNU-stack
                0x0000000000000000        0x0 binaries/xsh_echo.o
 .note.GNU-stack
                0x0000000000000000        0x0 binaries/xsh_exit.o
 .note.GNU-stack
                0x0000000000000000        0x0 binaries/xsh_help.o
 .note.GNU-stack
                0x0000000000000000        0x0 binaries/xsh_kill.o
 .note.GNU-stack
                0x0000000000000000        0x0 binaries/xsh_memdump.o
 .note.GNU-stack
                0x0000000000000000        0x0 binaries/xsh_memstat.o
 .note.GNU-stack
                0x0000000000000000        0x0 binaries/xsh_netinfo.o
 .note.GNU-stack
                0x0000000000000000        0x0 binaries/xsh_ping.o
 .note.GNU-stack
                0x0000000000000000        0x0 binaries/xsh_ps.o
 .note.GNU-stack
                0x0000000000000000        0x0 binaries/xsh_sleep.o
 .note.GNU-stack
                0x0000000000000000        0x0 binaries/xsh_udpdump.o
 .note.GNU-stack
                0x0000000000000000        0x0 binaries/xsh_udpecho.o
 .note.GNU-stack
                0x0000000000000000        0x0 binaries/xsh_udpserver.o
 .note.GNU-stack
                0x0000000000000000        0x0 binaries/xsh_uptime.o
