
Allocating common symbols
Common symbol       size              file

netbufpool          0x4               binaries/net.o
readylist           0x2               binaries/ready.o
rfltab              0x5a0             binaries/rflinit.o
netportseed         0x8               binaries/net.o
sleepq              0x2               binaries/clkinit.o
nnames              0x4               binaries/naminit.o
udptab              0x168             binaries/udp.o
minheap             0x4               binaries/meminit.o
marks               0x50              binaries/mark.o
currpid             0x4               binaries/initialize.o
Lf_data             0x20c             binaries/lfsinit.o
porttab             0x2d0             binaries/ptinit.o
girmask             0x2               binaries/evec.o
ttytab              0x110             binaries/ttyinit.o
ticketsTotal        0x4               binaries/initialize.o
proctab             0x20d0            binaries/initialize.o
prcount             0x4               binaries/initialize.o
lfltab              0xf00             binaries/lflinit.o
rdstab              0x8c              binaries/rdsinit.o
ethertab            0x130             binaries/ethinit.o
NetData             0xb0              binaries/net.o
nmarks              0x4               binaries/mark.o
initsp              0x4               binaries/i386.o
Defer               0x8               binaries/resched.o
semtab              0x4b0             binaries/initialize.o
maxheap             0x4               binaries/meminit.o
preempt             0x4               binaries/clkinit.o
buftab              0xf0              binaries/bufinit.o
Rf_data             0x18              binaries/rfsinit.o
mkmutex             0x4               binaries/mark.o
clktime             0x4               binaries/clkinit.o
arpcache            0x140             binaries/arp.o
icmptab             0x230             binaries/icmp.o
nbpools             0x4               binaries/bufinit.o
queuetab            0x980             binaries/queue.o
ptnextid            0x4               binaries/ptinit.o
Ram                 0x19000           binaries/raminit.o
ipoqueue            0x2c              binaries/ip.o
memlist             0x8               binaries/initialize.o
nametab             0x19a0            binaries/naminit.o
ptfree              0x4               binaries/ptinit.o

Memory Configuration

Name             Origin             Length             Attributes
*default*        0x0000000000000000 0xffffffffffffffff

Linker script and memory map

                0x0000000000100000                physbase = 0x100000
                0x0000000000100000                . = physbase
                0x0000000000100000                . = ALIGN (0x1000)

.text           0x0000000000100000    0x1b000
                0x0000000000100000                text = ABSOLUTE (.)
 *(.text .text.*)
 .text          0x0000000000100000      0x165 binaries/start.o
                0x0000000000100020                entry
                0x000000000010003d                start
                0x00000000001000a5                inb
                0x00000000001000ad                inw
                0x00000000001000b6                inl
                0x00000000001000be                outb
                0x00000000001000c8                outw
                0x00000000001000d3                outl
                0x00000000001000dd                _rtcin
                0x00000000001000e8                ___udivsi3
                0x00000000001000f3                ___divsi3
                0x00000000001000ff                sbzero
                0x000000000010010f                bcopy
                0x0000000000100123                insw
                0x0000000000100139                outsw
                0x000000000010014f                lidt
                0x0000000000100157                jumptocode
                0x000000000010015e                jumptobootcode
 .text          0x0000000000100165      0x3e3 binaries/ascdate.o
                0x0000000000100165                ascdate
 .text          0x0000000000100548       0x14 binaries/bufinit.o
                0x0000000000100548                bufinit
 .text          0x000000000010055c       0x97 binaries/chprio.o
                0x000000000010055c                chprio
 .text          0x00000000001005f3      0x102 binaries/clkhandler.o
                0x00000000001005f3                clkhandler
 .text          0x00000000001006f5       0x7e binaries/clkinit.o
                0x00000000001006f5                clkinit
 .text          0x0000000000100773       0x75 binaries/close.o
                0x0000000000100773                close
 .text          0x00000000001007e8        0x0 binaries/conf.o
 .text          0x00000000001007e8       0x7b binaries/control.o
                0x00000000001007e8                control
 .text          0x0000000000100863      0x2eb binaries/create.o
                0x0000000000100863                create
 .text          0x0000000000100b4e      0x359 binaries/create_user_proc.o
                0x0000000000100b4e                create_user_proc
                0x0000000000100e3b                timed_execution
                0x0000000000100e6c                set_tickets
 .text          0x0000000000100ea7      0x361 binaries/evec.o
                0x0000000000100ea7                initevec
                0x0000000000100efe                set_evec
                0x0000000000100fa0                trap
 .text          0x0000000000101208       0x19 binaries/exit.o
                0x0000000000101208                exit
 .text          0x0000000000101221       0x8c binaries/freebuf.o
                0x0000000000101221                freebuf
 .text          0x00000000001012ad      0x172 binaries/freemem.o
                0x00000000001012ad                freemem
 .text          0x000000000010141f       0x8a binaries/getbuf.o
                0x000000000010141f                getbuf
 .text          0x00000000001014a9       0x75 binaries/getc.o
                0x00000000001014a9                getc
 .text          0x000000000010151e       0x74 binaries/getdev.o
                0x000000000010151e                getdev
 .text          0x0000000000101592       0xd0 binaries/getitem.o
                0x0000000000101592                getfirst
                0x00000000001015d7                getlast
                0x000000000010161e                getitem
 .text          0x0000000000101662      0x10a binaries/getmem.o
                0x0000000000101662                getmem
 .text          0x000000000010176c        0xa binaries/getpid.o
                0x000000000010176c                getpid
 .text          0x0000000000101776       0x7f binaries/getprio.o
                0x0000000000101776                getprio
 .text          0x00000000001017f5       0xfb binaries/getstk.o
                0x00000000001017f5                getstk
 .text          0x00000000001018f0       0x16 binaries/getticks.o
                0x00000000001018f0                getticks
 .text          0x0000000000101906       0x3a binaries/gettime.o
                0x0000000000101906                gettime
 .text          0x0000000000101940      0x1ec binaries/getutime.o
                0x0000000000101940                getutime
 .text          0x0000000000101b2c      0x3c5 binaries/i386.o
                0x0000000000101b2c                setsegs
                0x0000000000101c3e                init8259
                0x0000000000101cf0                pseg
                0x0000000000101e98                setirmask
 .text          0x0000000000101ef1       0x75 binaries/init.o
                0x0000000000101ef1                init
 .text          0x0000000000101f66      0x422 binaries/initialize.o
                0x0000000000101f66                nulluser
                0x000000000010232f                stop
                0x000000000010235a                delay
 .text          0x0000000000102388      0x27b binaries/insert.o
                0x0000000000102388                insert
 .text          0x0000000000102603      0x111 binaries/insertd.o
                0x0000000000102603                insertd
 .text          0x0000000000102714        0xa binaries/ioerr.o
                0x0000000000102714                ioerr
 .text          0x000000000010271e        0xa binaries/ionull.o
                0x000000000010271e                ionull
 .text          0x0000000000102728      0x214 binaries/kill.o
                0x0000000000102728                kill
 .text          0x000000000010293c      0x14e binaries/kprintf.o
                0x000000000010293c                kputc
                0x00000000001029cf                kgetc
                0x0000000000102a60                kprintf
 .text          0x0000000000102a8a       0xc9 binaries/main.o
                0x0000000000102a8a                main
 .text          0x0000000000102b53       0xb5 binaries/mark.o
                0x0000000000102b53                markinit
                0x0000000000102b77                mark
 .text          0x0000000000102c08       0xcc binaries/meminit.o
                0x0000000000102c08                meminit
 .text          0x0000000000102cd4      0x174 binaries/mkbufpool.o
                0x0000000000102cd4                mkbufpool
 .text          0x0000000000102e48       0x94 binaries/newqueue.o
                0x0000000000102e48                newqueue
 .text          0x0000000000102edc       0x7b binaries/open.o
                0x0000000000102edc                open
 .text          0x0000000000102f57       0x20 binaries/panic.o
                0x0000000000102f57                panic
 .text          0x0000000000102f77      0x489 binaries/pci.o
                0x0000000000102f77                pci_init
                0x0000000000103234                find_pci_device
                0x0000000000103282                pci_bios_read_config_byte
                0x00000000001032c1                pci_bios_read_config_word
                0x0000000000103303                pci_bios_read_config_dword
                0x0000000000103342                pci_bios_write_config_byte
                0x0000000000103383                pci_bios_write_config_word
                0x00000000001033c5                pci_bios_write_config_dword
 .text          0x0000000000103400       0xbb binaries/print_ready_list.o
                0x0000000000103400                print_ready_list
 .text          0x00000000001034bb       0xf1 binaries/ptclear.o
                0x00000000001034bb                _ptclear
 .text          0x00000000001035ac       0x9d binaries/ptcount.o
                0x00000000001035ac                ptcount
 .text          0x0000000000103649      0x116 binaries/ptcreate.o
                0x0000000000103649                ptcreate
 .text          0x000000000010375f       0x7f binaries/ptdelete.o
                0x000000000010375f                ptdelete
 .text          0x00000000001037de       0xbf binaries/ptinit.o
                0x00000000001037de                ptinit
 .text          0x000000000010389d      0x11b binaries/ptrecv.o
                0x000000000010389d                ptrecv
 .text          0x00000000001039b8       0x77 binaries/ptreset.o
                0x00000000001039b8                ptreset
 .text          0x0000000000103a2f      0x13d binaries/ptsend.o
                0x0000000000103a2f                ptsend
 .text          0x0000000000103b6c       0x80 binaries/putc.o
                0x0000000000103b6c                putc
 .text          0x0000000000103bec      0x112 binaries/queue.o
                0x0000000000103bec                enqueue
                0x0000000000103c91                dequeue
 .text          0x0000000000103cfe       0x7b binaries/read.o
                0x0000000000103cfe                read
 .text          0x0000000000103d79       0x82 binaries/ready.o
                0x0000000000103d79                ready
 .text          0x0000000000103dfb       0x65 binaries/receive.o
                0x0000000000103dfb                receive
 .text          0x0000000000103e60       0x61 binaries/recvclr.o
                0x0000000000103e60                recvclr
 .text          0x0000000000103ec1       0xc0 binaries/recvtime.o
                0x0000000000103ec1                recvtime
 .text          0x0000000000103f81      0x5ac binaries/resched.o
                0x0000000000103f81                resched
                0x00000000001043fd                resched_cntl
 .text          0x000000000010452d       0xb4 binaries/resume.o
                0x000000000010452d                resume
 .text          0x00000000001045e1       0x79 binaries/seek.o
                0x00000000001045e1                seek
 .text          0x000000000010465a       0x70 binaries/semcount.o
                0x000000000010465a                semcount
 .text          0x00000000001046ca       0xd6 binaries/semcreate.o
                0x00000000001046ca                semcreate
 .text          0x00000000001047a0       0xcd binaries/semdelete.o
                0x00000000001047a0                semdelete
 .text          0x000000000010486d       0xcb binaries/semreset.o
                0x000000000010486d                semreset
 .text          0x0000000000104938       0xf0 binaries/send.o
                0x0000000000104938                send
 .text          0x0000000000104a28       0xa8 binaries/signal.o
                0x0000000000104a28                signal
 .text          0x0000000000104ad0       0xd6 binaries/signaln.o
                0x0000000000104ad0                signaln
 .text          0x0000000000104ba6       0xef binaries/sleep.o
                0x0000000000104ba6                sleep
                0x0000000000104bf4                sleepms
 .text          0x0000000000104c95      0x195 binaries/stacktrace.o
                0x0000000000104c95                stacktrace
 .text          0x0000000000104e2a       0xea binaries/suspend.o
                0x0000000000104e2a                suspend
 .text          0x0000000000104f14       0xec binaries/unsleep.o
                0x0000000000104f14                unsleep
 .text          0x0000000000105000       0x19 binaries/userret.o
                0x0000000000105000                userret
 .text          0x0000000000105019       0xe0 binaries/wait.o
                0x0000000000105019                wait
 .text          0x00000000001050f9       0x72 binaries/wakeup.o
                0x00000000001050f9                wakeup
 .text          0x000000000010516b       0x7b binaries/write.o
                0x000000000010516b                write
 .text          0x00000000001051e6       0x1d binaries/xdone.o
                0x00000000001051e6                xdone
 .text          0x0000000000105203       0x28 binaries/yield.o
                0x0000000000105203                yield
 .text          0x000000000010522b       0x11 binaries/abs.o
                0x000000000010522b                abs
 .text          0x000000000010523c       0x8f binaries/atoi.o
                0x000000000010523c                atoi
 .text          0x00000000001052cb       0x8f binaries/atol.o
                0x00000000001052cb                atol
 .text          0x000000000010535a       0x31 binaries/bzero.o
                0x000000000010535a                bzero
 .text          0x000000000010538b        0x0 binaries/ctype_.o
 .text          0x000000000010538b      0x8ed binaries/doprnt.o
                0x000000000010538b                _doprnt
 .text          0x0000000000105c78      0x65c binaries/doscan.o
                0x0000000000105c78                _doscan
 .text          0x00000000001062d4      0x711 binaries/fdoprnt.o
                0x00000000001062d4                _fdoprnt
 .text          0x00000000001069e5       0x29 binaries/fgetc.o
                0x00000000001069e5                fgetc
 .text          0x0000000000106a0e       0x75 binaries/fgets.o
                0x0000000000106a0e                fgets
 .text          0x0000000000106a83       0x2a binaries/fprintf.o
                0x0000000000106a83                fprintf
 .text          0x0000000000106aad       0x2c binaries/fputc.o
                0x0000000000106aad                fputc
 .text          0x0000000000106ad9       0x43 binaries/fputs.o
                0x0000000000106ad9                fputs
 .text          0x0000000000106b1c       0x8a binaries/fscanf.o
                0x0000000000106b1c                fscanf
 .text          0x0000000000106ba6       0x36 binaries/getchar.o
                0x0000000000106ba6                getchar
 .text          0x0000000000106bdc       0x11 binaries/labs.o
                0x0000000000106bdc                labs
 .text          0x0000000000106bed        0x0 binaries/memchr.o
 .text          0x0000000000106bed       0x51 binaries/memcmp.o
                0x0000000000106bed                memcmp
 .text          0x0000000000106c3e       0x3f binaries/memcpy.o
                0x0000000000106c3e                memcpy
 .text          0x0000000000106c7d       0x30 binaries/memset.o
                0x0000000000106c7d                memset
 .text          0x0000000000106cad       0x4c binaries/printf.o
                0x0000000000106cad                printf
 .text          0x0000000000106cf9       0x39 binaries/putchar.o
                0x0000000000106cf9                putchar
 .text          0x0000000000106d32      0x27e binaries/qsort.o
                0x0000000000106d32                qsort
 .text          0x0000000000106fb0       0x63 binaries/rand.o
                0x0000000000106fb0                rand
                0x0000000000106fc8                rand_r
                0x0000000000107006                srand
 .text          0x0000000000107013       0x66 binaries/sprintf.o
                0x0000000000107013                sprintf
 .text          0x0000000000107079       0x70 binaries/sscanf.o
                0x0000000000107079                sscanf
 .text          0x00000000001070e9       0x3c binaries/strchr.o
                0x00000000001070e9                strchr
 .text          0x0000000000107125       0x45 binaries/strcmp.o
                0x0000000000107125                strcmp
 .text          0x000000000010716a       0x27 binaries/strcpy.o
                0x000000000010716a                strcpy
 .text          0x0000000000107191       0x26 binaries/strlen.o
                0x0000000000107191                strlen
 .text          0x00000000001071b7       0x56 binaries/strncat.o
                0x00000000001071b7                strncat
 .text          0x000000000010720d       0x5f binaries/strncmp.o
                0x000000000010720d                strncmp
 .text          0x000000000010726c       0x4f binaries/strncpy.o
                0x000000000010726c                strncpy
 .text          0x00000000001072bb       0x2e binaries/strnlen.o
                0x00000000001072bb                strnlen
 .text          0x00000000001072e9       0x45 binaries/strrchr.o
                0x00000000001072e9                strrchr
 .text          0x000000000010732e       0x6d binaries/strstr.o
                0x000000000010732e                strstr
 .text          0x000000000010739b       0xe4 binaries/ttycontrol.o
                0x000000000010739b                ttycontrol
 .text          0x000000000010747f       0x97 binaries/ttygetc.o
                0x000000000010747f                ttygetc
 .text          0x0000000000107516      0x6ee binaries/ttyhandle_in.o
                0x0000000000107516                ttyhandle_in
 .text          0x0000000000107c04      0x1ae binaries/ttyhandle_out.o
                0x0000000000107c04                ttyhandle_out
 .text          0x0000000000107db2       0xce binaries/ttyhandler.o
                0x0000000000107db2                ttyhandler
 .text          0x0000000000107e80      0x22f binaries/ttyinit.o
                0x0000000000107e80                ttyinit
 .text          0x00000000001080af       0x1b binaries/ttykickout.o
                0x00000000001080af                ttykickout
 .text          0x00000000001080ca       0xb7 binaries/ttyputc.o
                0x00000000001080ca                ttyputc
 .text          0x0000000000108181      0x11b binaries/ttyread.o
                0x0000000000108181                ttyread
 .text          0x000000000010829c       0x4f binaries/ttywrite.o
                0x000000000010829c                ttywrite
 .text          0x00000000001082eb      0x14b binaries/mount.o
                0x00000000001082eb                mount
                0x0000000000108400                namlen
 .text          0x0000000000108436      0x1ea binaries/naminit.o
                0x0000000000108436                naminit
 .text          0x0000000000108620      0x211 binaries/nammap.o
                0x0000000000108620                nammap
                0x00000000001086ab                namrepl
                0x00000000001087e1                namcpy
 .text          0x0000000000108831       0x4e binaries/namopen.o
                0x0000000000108831                namopen
 .text          0x000000000010887f      0xec3 binaries/82545EMInit.o
                0x00000000001088dd                _82545EMInit
                0x00000000001095ae                _82545EM_read_phy_reg
                0x0000000000109674                _82545EM_write_phy_reg
 .text          0x0000000000109742      0x241 binaries/ethcontrol.o
                0x00000000001097a0                ethcontrol
                0x0000000000109916                ethIrqDisable
                0x000000000010994b                ethIrqEnable
 .text          0x0000000000109983      0x252 binaries/ethhandler.o
                0x0000000000109af3                ethhandler
 .text          0x0000000000109bd5      0x126 binaries/ethinit.o
                0x0000000000109bd5                ethinit
 .text          0x0000000000109cfb      0x1f4 binaries/ethread.o
                0x0000000000109d59                ethread
 .text          0x0000000000109eef      0x19f binaries/ethwrite.o
                0x0000000000109f4d                ethwrite
 .text          0x000000000010a08e       0x9e binaries/rdsbufalloc.o
                0x000000000010a08e                rdsbufalloc
 .text          0x000000000010a12c       0xcc binaries/rdsclose.o
                0x000000000010a12c                rdsclose
 .text          0x000000000010a1f8      0x2e8 binaries/rdscomm.o
                0x000000000010a1f8                rdscomm
 .text          0x000000000010a4e0      0x233 binaries/rdscontrol.o
                0x000000000010a4e0                rdscontrol
 .text          0x000000000010a713      0x1f3 binaries/rdsinit.o
                0x000000000010a713                rdsinit
 .text          0x000000000010a906      0x19b binaries/rdsopen.o
                0x000000000010a906                rdsopen
 .text          0x000000000010aaa1      0x461 binaries/rdsprocess.o
                0x000000000010aaa1                rdsprocess
 .text          0x000000000010af02      0x259 binaries/rdsread.o
                0x000000000010af02                rdsread
 .text          0x000000000010b15b      0x1fe binaries/rdswrite.o
                0x000000000010b15b                rdswrite
 .text          0x000000000010b359        0xa binaries/ramclose.o
                0x000000000010b359                ramclose
 .text          0x000000000010b363       0x3e binaries/raminit.o
                0x000000000010b363                raminit
 .text          0x000000000010b3a1        0xa binaries/ramopen.o
                0x000000000010b3a1                ramopen
 .text          0x000000000010b3ab       0x32 binaries/ramread.o
                0x000000000010b3ab                ramread
 .text          0x000000000010b3dd       0x32 binaries/ramwrite.o
                0x000000000010b3dd                ramwrite
 .text          0x000000000010b40f       0x98 binaries/lfdballoc.o
                0x000000000010b40f                lfdballoc
 .text          0x000000000010b4a7       0x58 binaries/lfdbfree.o
                0x000000000010b4a7                lfdbfree
 .text          0x000000000010b4ff       0xb6 binaries/lfflush.o
                0x000000000010b4ff                lfflush
 .text          0x000000000010b5b5       0xd8 binaries/lfgetmode.o
                0x000000000010b5b5                lfgetmode
 .text          0x000000000010b68d       0x68 binaries/lfiballoc.o
                0x000000000010b68d                lfiballoc
 .text          0x000000000010b6f5       0x3b binaries/lfibclear.o
                0x000000000010b6f5                lfibclear
 .text          0x000000000010b730       0xad binaries/lfibget.o
                0x000000000010b730                lfibget
 .text          0x000000000010b7dd       0xdc binaries/lfibput.o
                0x000000000010b7dd                lfibput
 .text          0x000000000010b8b9       0xa2 binaries/lflclose.o
                0x000000000010b8b9                lflclose
 .text          0x000000000010b95b       0xd0 binaries/lflcontrol.o
                0x000000000010b95b                lflcontrol
 .text          0x000000000010ba2b       0xf2 binaries/lflgetc.o
                0x000000000010ba2b                lflgetc
 .text          0x000000000010bb1d       0xf1 binaries/lflinit.o
                0x000000000010bb1d                lflinit
 .text          0x000000000010bc0e      0x122 binaries/lflputc.o
                0x000000000010bc0e                lflputc
 .text          0x000000000010bd30       0x70 binaries/lflread.o
                0x000000000010bd30                lflread
 .text          0x000000000010bda0       0xac binaries/lflseek.o
                0x000000000010bda0                lflseek
 .text          0x000000000010be4c       0x55 binaries/lflwrite.o
                0x000000000010be4c                lflwrite
 .text          0x000000000010bea1       0x62 binaries/lfscheck.o
                0x000000000010bea1                lfscheck
 .text          0x000000000010bf03      0x175 binaries/lfsckfmt.o
                0x000000000010bf03                lfsckfmt
 .text          0x000000000010c078      0x1ad binaries/lfscreate.o
                0x000000000010c078                lfscreate
 .text          0x000000000010c225      0x278 binaries/lfsetup.o
                0x000000000010c225                lfsetup
 .text          0x000000000010c49d       0x51 binaries/lfsinit.o
                0x000000000010c49d                lfsinit
 .text          0x000000000010c4ee      0x3c0 binaries/lfsopen.o
                0x000000000010c4ee                lfsopen
 .text          0x000000000010c8ae      0x15e binaries/lftruncate.o
                0x000000000010c8ae                lftruncate
 .text          0x000000000010ca0c       0x71 binaries/rflclose.o
                0x000000000010ca0c                rflclose
 .text          0x000000000010ca7d       0x32 binaries/rflgetc.o
                0x000000000010ca7d                rflgetc
 .text          0x000000000010caaf       0x76 binaries/rflinit.o
                0x000000000010caaf                rflinit
 .text          0x000000000010cb25       0x33 binaries/rflputc.o
                0x000000000010cb25                rflputc
 .text          0x000000000010cb58      0x360 binaries/rflread.o
                0x000000000010cb58                rflread
 .text          0x000000000010ceb8       0x74 binaries/rflseek.o
                0x000000000010ceb8                rflseek
 .text          0x000000000010cf2c      0x34d binaries/rflwrite.o
                0x000000000010cf2c                rflwrite
 .text          0x000000000010d279      0x1e2 binaries/rfscomm.o
                0x000000000010d279                rfscomm
 .text          0x000000000010d45b      0x26d binaries/rfscontrol.o
                0x000000000010d45b                rfscontrol
 .text          0x000000000010d6c8       0xd8 binaries/rfsgetmode.o
                0x000000000010d6c8                rfsgetmode
 .text          0x000000000010d7a0       0x86 binaries/rfsinit.o
                0x000000000010d7a0                rfsinit
 .text          0x000000000010d826      0x111 binaries/rfsndmsg.o
                0x000000000010d826                rfsndmsg
 .text          0x000000000010d937      0x2aa binaries/rfsopen.o
                0x000000000010d937                rfsopen
 .text          0x000000000010dbe1      0x836 binaries/arp.o
                0x000000000010dbe1                arp_init
                0x000000000010dc13                arp_resolve
                0x000000000010dec7                arp_in
                0x000000000010e17f                arp_alloc
                0x000000000010e23f                arp_ntoh
                0x000000000010e32b                arp_hton
 .text          0x000000000010e417      0x8e3 binaries/dhcp.o
                0x000000000010e417                dhcp_get_opt_val
                0x000000000010e470                dhcp_bld_bootp_msg
                0x000000000010e57d                dhcp_bld_disc
                0x000000000010e666                dhcp_bld_req
                0x000000000010e7d8                getlocalip
 .text          0x000000000010ecfa      0x59f binaries/dns.o
                0x000000000010ecfa                dnslookup
 .text          0x000000000010f299       0xe8 binaries/dot2ip.o
                0x000000000010f299                dot2ip
 .text          0x000000000010f381      0x4c4 binaries/hexdump.o
                0x000000000010f381                hexdump
                0x000000000010f528                hexadump
 .text          0x000000000010f845      0x8af binaries/icmp.o
                0x000000000010f845                icmp_init
                0x000000000010f87c                icmp_in
                0x000000000010fa52                icmp_register
                0x000000000010fb4d                icmp_recv
                0x000000000010fcd9                icmp_send
                0x000000000010fd61                icmp_mkpkt
                0x000000000010fe7b                icmp_release
                0x000000000010ff79                icmp_cksum
                0x000000000011000c                icmp_hton
                0x0000000000110080                icmp_ntoh
 .text          0x00000000001100f4      0x8a5 binaries/ip.o
                0x00000000001100f4                ip_in
                0x0000000000110278                ip_send
                0x00000000001103d3                ip_local
                0x000000000011041f                ip_out
                0x0000000000110558                ipcksum
                0x00000000001105de                ip_ntoh
                0x00000000001106ca                ip_hton
                0x00000000001107b6                ipout
                0x00000000001108e5                ip_enqueue
 .text          0x0000000000110999      0x2cd binaries/net.o
                0x0000000000110999                net_init
                0x0000000000110ac1                netin
                0x0000000000110b7e                eth_hton
                0x0000000000110ba8                eth_ntoh
                0x0000000000110bd2                getport
 .text          0x0000000000110c66     0x147f binaries/pdump.o
                0x0000000000110c66                pdump
                0x0000000000111a23                pdumph
 .text          0x00000000001120e5      0x613 binaries/tftp.o
                0x00000000001120e5                tftp_send1
                0x000000000011225d                tftpget
                0x000000000011228f                tftpget_mb
 .text          0x00000000001126f8      0xb82 binaries/udp.o
                0x00000000001126f8                udp_init
                0x000000000011272d                udp_in
                0x000000000011286f                udp_register
                0x00000000001129ac                udp_recv
                0x0000000000112b48                udp_recvaddr
                0x0000000000112cfc                udp_send
                0x0000000000112ee4                udp_sendto
                0x0000000000113095                udp_release
                0x0000000000113190                udp_ntoh
                0x0000000000113205                udp_hton
 .text          0x000000000011327a      0x13d binaries/addargs.o
                0x000000000011327a                addargs
 .text          0x00000000001133b7      0x2c9 binaries/lexan.o
                0x00000000001133b7                lexan
 .text          0x0000000000113680      0x66d binaries/shell.o
                0x0000000000113680                shell
 .text          0x0000000000113ced       0x69 binaries/xsh_argecho.o
                0x0000000000113ced                xsh_argecho
 .text          0x0000000000113d56      0x275 binaries/xsh_arp.o
                0x0000000000113d56                xsh_arp
 .text          0x0000000000113fcb      0x290 binaries/xsh_cat.o
                0x0000000000113fcb                xsh_cat
 .text          0x000000000011425b       0x63 binaries/xsh_clear.o
                0x000000000011425b                xsh_clear
 .text          0x00000000001142be      0x313 binaries/xsh_date.o
                0x00000000001142be                xsh_date
 .text          0x00000000001145d1       0xb3 binaries/xsh_devdump.o
                0x00000000001145d1                xsh_devdump
 .text          0x0000000000114684       0x72 binaries/xsh_echo.o
                0x0000000000114684                xsh_echo
 .text          0x00000000001146f6        0xa binaries/xsh_exit.o
                0x00000000001146f6                xsh_exit
 .text          0x0000000000114700      0x393 binaries/xsh_help.o
                0x0000000000114700                xsh_help
 .text          0x0000000000114a93      0x262 binaries/xsh_kill.o
                0x0000000000114a93                xsh_kill
 .text          0x0000000000114cf5      0x563 binaries/xsh_memdump.o
                0x0000000000114cf5                xsh_memdump
 .text          0x0000000000115258      0x2bb binaries/xsh_memstat.o
                0x0000000000115258                xsh_memstat
 .text          0x0000000000115513      0x521 binaries/xsh_netinfo.o
                0x0000000000115513                xsh_netinfo
 .text          0x0000000000115a34      0x4bc binaries/xsh_ping.o
                0x0000000000115a34                xsh_ping
 .text          0x0000000000115ef0      0x233 binaries/xsh_ps.o
                0x0000000000115ef0                xsh_ps
 .text          0x0000000000116123      0x23e binaries/xsh_sleep.o
                0x0000000000116123                xsh_sleep
 .text          0x0000000000116361      0x284 binaries/xsh_udpdump.o
                0x0000000000116361                xsh_udpdump
 .text          0x00000000001165e5      0x4f4 binaries/xsh_udpecho.o
                0x00000000001165e5                xsh_udpecho
 .text          0x0000000000116ad9      0x2ce binaries/xsh_udpserver.o
                0x0000000000116ad9                xsh_udpeserver
 .text          0x0000000000116da7      0x1fd binaries/xsh_uptime.o
                0x0000000000116da7                xsh_uptime
 .text          0x0000000000116fa4        0xe binaries/clkdisp.o
                0x0000000000116fa4                clkdisp
 .text          0x0000000000116fb2       0x19 binaries/ctxsw.o
                0x0000000000116fb2                ctxsw
 .text          0x0000000000116fcb      0x36b binaries/intr.o
                0x0000000000116fcb                disable
                0x0000000000116fd4                restore
                0x0000000000116fe2                enable
                0x0000000000116fe4                pause
                0x0000000000116feb                halt
                0x0000000000116ff1                spurious_irq7
                0x0000000000116ff6                spurious_irq15
                0x0000000000117005                _Xint0
                0x0000000000117010                _Xint1
                0x000000000011701b                _Xint2
                0x0000000000117026                _Xint3
                0x0000000000117031                _Xint4
                0x000000000011703c                _Xint5
                0x0000000000117047                _Xint6
                0x0000000000117052                _Xint7
                0x000000000011705d                _Xint8
                0x0000000000117068                _Xint9
                0x0000000000117073                _Xint10
                0x000000000011707e                _Xint11
                0x000000000011708c                _Xint12
                0x000000000011709a                _Xint13
                0x00000000001170a8                _Xint14
                0x00000000001170b6                _Xint15
                0x00000000001170c4                _Xint16
                0x00000000001170d2                _Xint17
                0x00000000001170e0                _Xint18
                0x00000000001170ee                _Xint19
                0x00000000001170fc                _Xint20
                0x000000000011710a                _Xint21
                0x0000000000117118                _Xint22
                0x0000000000117126                _Xint23
                0x0000000000117134                _Xint24
                0x0000000000117142                _Xint25
                0x0000000000117150                _Xint26
                0x000000000011715e                _Xint27
                0x000000000011716c                _Xint28
                0x000000000011717a                _Xint29
                0x0000000000117188                _Xint30
                0x0000000000117196                _Xint31
                0x00000000001171a4                _Xint32
                0x00000000001171b2                _Xint33
                0x00000000001171c0                _Xint34
                0x00000000001171ce                _Xint35
                0x00000000001171dc                _Xint36
                0x00000000001171ea                _Xint37
                0x00000000001171f8                _Xint38
                0x0000000000117206                _Xint39
                0x0000000000117214                _Xint40
                0x0000000000117222                _Xint41
                0x0000000000117230                _Xint42
                0x000000000011723e                _Xint43
                0x000000000011724c                _Xint44
                0x000000000011725a                _Xint45
                0x0000000000117268                _Xint46
                0x0000000000117276                defevec
 .text          0x0000000000117336        0xf binaries/ttydispatch.o
                0x0000000000117336                ttydispatch
 .text          0x0000000000117345       0x13 binaries/ethdispatch.o
                0x0000000000117345                ethdispatch
 *(.rodata .rodata.*)
 .rodata        0x0000000000117358       0x8e binaries/ascdate.o
 .rodata        0x00000000001173e6       0xae binaries/conf.o
 .rodata        0x0000000000117494      0x22f binaries/evec.o
 *fill*         0x00000000001176c3        0x1 
 .rodata        0x00000000001176c4       0x61 binaries/getutime.o
 *fill*         0x0000000000117725        0x3 
 .rodata        0x0000000000117728       0x90 binaries/i386.o
 .rodata        0x00000000001177b8      0x180 binaries/initialize.o
 .rodata        0x0000000000117938       0x20 binaries/kill.o
 .rodata        0x0000000000117958       0x10 binaries/main.o
 .rodata        0x0000000000117968        0xf binaries/panic.o
 *fill*         0x0000000000117977        0x1 
 .rodata        0x0000000000117978      0x1ec binaries/pci.o
 .rodata        0x0000000000117b64       0x52 binaries/print_ready_list.o
 .rodata        0x0000000000117bb6       0x1d binaries/ptinit.o
 *fill*         0x0000000000117bd3        0x1 
 .rodata        0x0000000000117bd4       0x25 binaries/ptsend.o
 *fill*         0x0000000000117bf9        0x3 
 .rodata        0x0000000000117bfc       0x62 binaries/resched.o
 *fill*         0x0000000000117c5e        0x2 
 .rodata        0x0000000000117c60       0xb7 binaries/stacktrace.o
 *fill*         0x0000000000117d17        0x1 
 .rodata        0x0000000000117d18       0x27 binaries/xdone.o
 *fill*         0x0000000000117d3f        0x1 
 .rodata        0x0000000000117d40       0x81 binaries/ctype_.o
                0x0000000000117d40                _ctype_
 *fill*         0x0000000000117dc1        0x3 
 .rodata        0x0000000000117dc4       0xee binaries/doprnt.o
 *fill*         0x0000000000117eb2        0x2 
 .rodata        0x0000000000117eb4       0x98 binaries/doscan.o
 .rodata        0x0000000000117f4c       0xae binaries/fdoprnt.o
 *fill*         0x0000000000117ffa        0x2 
 .rodata        0x0000000000117ffc       0x20 binaries/ttycontrol.o
 .rodata        0x000000000011801c       0x34 binaries/ttyhandler.o
 .rodata        0x0000000000118050       0x80 binaries/naminit.o
 .rodata        0x00000000001180d0       0x2e binaries/82545EMInit.o
 *fill*         0x00000000001180fe        0x2 
 .rodata        0x0000000000118100       0x78 binaries/ethinit.o
 .rodata        0x0000000000118178       0x18 binaries/ethread.o
 .rodata        0x0000000000118190       0x2c binaries/rdsbufalloc.o
 .rodata        0x00000000001181bc       0x76 binaries/rdscomm.o
 *fill*         0x0000000000118232        0x2 
 .rodata        0x0000000000118234       0x48 binaries/rdscontrol.o
 .rodata        0x000000000011827c       0x96 binaries/rdsinit.o
 *fill*         0x0000000000118312        0x2 
 .rodata        0x0000000000118314       0x22 binaries/rdsopen.o
 *fill*         0x0000000000118336        0x2 
 .rodata        0x0000000000118338       0x4d binaries/rdsprocess.o
 .rodata        0x0000000000118385        0x9 binaries/raminit.o
 *fill*         0x000000000011838e        0x2 
 .rodata        0x0000000000118390       0x37 binaries/lfdballoc.o
 .rodata        0x00000000001183c7       0x14 binaries/lfiballoc.o
 *fill*         0x00000000001183db        0x1 
 .rodata        0x00000000001183dc       0x23 binaries/lflcontrol.o
 *fill*         0x00000000001183ff        0x1 
 .rodata        0x0000000000118400      0x11b binaries/lfsckfmt.o
 *fill*         0x000000000011851b        0x1 
 .rodata        0x000000000011851c       0x2a binaries/lfsopen.o
 *fill*         0x0000000000118546        0x2 
 .rodata        0x0000000000118548       0x21 binaries/rflread.o
 *fill*         0x0000000000118569        0x3 
 .rodata        0x000000000011856c       0x21 binaries/rflwrite.o
 *fill*         0x000000000011858d        0x3 
 .rodata        0x0000000000118590       0x75 binaries/rfscomm.o
 *fill*         0x0000000000118605        0x3 
 .rodata        0x0000000000118608       0x3c binaries/rfscontrol.o
 .rodata        0x0000000000118644       0x63 binaries/rfsinit.o
 *fill*         0x00000000001186a7        0x1 
 .rodata        0x00000000001186a8       0x2a binaries/rfsndmsg.o
 *fill*         0x00000000001186d2        0x2 
 .rodata        0x00000000001186d4       0x22 binaries/rfsopen.o
 *fill*         0x00000000001186f6        0x2 
 .rodata        0x00000000001186f8       0x3a binaries/arp.o
 *fill*         0x0000000000118732        0x2 
 .rodata        0x0000000000118734       0xcf binaries/dhcp.o
 .rodata        0x0000000000118803       0x1a binaries/dns.o
 *fill*         0x000000000011881d        0x3 
 .rodata        0x0000000000118820       0xc9 binaries/hexdump.o
 *fill*         0x00000000001188e9        0x3 
 .rodata        0x00000000001188ec       0x29 binaries/icmp.o
 *fill*         0x0000000000118915        0x3 
 .rodata        0x0000000000118918       0x6e binaries/ip.o
 *fill*         0x0000000000118986        0x2 
 .rodata        0x0000000000118988       0x4f binaries/net.o
 *fill*         0x00000000001189d7        0x1 
 .rodata        0x00000000001189d8      0x26f binaries/pdump.o
 *fill*         0x0000000000118c47        0x1 
 .rodata        0x0000000000118c48      0x154 binaries/tftp.o
 *fill*         0x0000000000118d9c        0x4 
 .rodata        0x0000000000118da0      0x3c1 binaries/shell.o
                0x0000000000118e20                cmdtab
 .rodata        0x0000000000119161       0x28 binaries/xsh_argecho.o
 *fill*         0x0000000000119189        0x3 
 .rodata        0x000000000011918c      0x123 binaries/xsh_arp.o
 *fill*         0x00000000001192af        0x1 
 .rodata        0x00000000001192b0       0xc9 binaries/xsh_cat.o
 .rodata        0x0000000000119379       0x19 binaries/xsh_clear.o
 *fill*         0x0000000000119392        0x2 
 .rodata        0x0000000000119394      0x1c3 binaries/xsh_date.o
 .rodata        0x0000000000119557       0x5d binaries/xsh_devdump.o
 .rodata        0x00000000001195b4        0x9 binaries/xsh_echo.o
 *fill*         0x00000000001195bd        0x3 
 .rodata        0x00000000001195c0      0x169 binaries/xsh_help.o
 *fill*         0x0000000000119729        0x3 
 .rodata        0x000000000011972c      0x12e binaries/xsh_kill.o
 *fill*         0x000000000011985a        0x2 
 .rodata        0x000000000011985c      0x266 binaries/xsh_memdump.o
 *fill*         0x0000000000119ac2        0x2 
 .rodata        0x0000000000119ac4      0x225 binaries/xsh_memstat.o
 *fill*         0x0000000000119ce9        0x3 
 .rodata        0x0000000000119cec      0x1b0 binaries/xsh_netinfo.o
 .rodata        0x0000000000119e9c      0x1a1 binaries/xsh_ping.o
 *fill*         0x000000000011a03d        0x3 
 .rodata        0x000000000011a040      0x1e0 binaries/xsh_ps.o
 .rodata        0x000000000011a220       0xeb binaries/xsh_sleep.o
 *fill*         0x000000000011a30b        0x1 
 .rodata        0x000000000011a30c      0x1b8 binaries/xsh_udpdump.o
 .rodata        0x000000000011a4c4      0x215 binaries/xsh_udpecho.o
 *fill*         0x000000000011a6d9        0x3 
 .rodata        0x000000000011a6dc      0x12b binaries/xsh_udpserver.o
 *fill*         0x000000000011a807        0x1 
 .rodata        0x000000000011a808      0x105 binaries/xsh_uptime.o
                0x000000000011a90d                etext = ABSOLUTE (.)
                0x000000000011b000                . = ALIGN (0x1000)
 *fill*         0x000000000011a90d      0x6f3 

.eh_frame       0x000000000011b000     0x2cf0
 .eh_frame      0x000000000011b000       0x38 binaries/ascdate.o
 .eh_frame      0x000000000011b038       0x20 binaries/bufinit.o
                                         0x38 (size before relaxing)
 .eh_frame      0x000000000011b058       0x20 binaries/chprio.o
                                         0x38 (size before relaxing)
 .eh_frame      0x000000000011b078       0x20 binaries/clkhandler.o
                                         0x38 (size before relaxing)
 .eh_frame      0x000000000011b098       0x20 binaries/clkinit.o
                                         0x38 (size before relaxing)
 .eh_frame      0x000000000011b0b8       0x20 binaries/close.o
                                         0x38 (size before relaxing)
 .eh_frame      0x000000000011b0d8       0x20 binaries/control.o
                                         0x38 (size before relaxing)
 .eh_frame      0x000000000011b0f8       0x40 binaries/create.o
                                         0x58 (size before relaxing)
 .eh_frame      0x000000000011b138       0x80 binaries/create_user_proc.o
                                         0x98 (size before relaxing)
 .eh_frame      0x000000000011b1b8       0x60 binaries/evec.o
                                         0x78 (size before relaxing)
 .eh_frame      0x000000000011b218       0x20 binaries/exit.o
                                         0x38 (size before relaxing)
 .eh_frame      0x000000000011b238       0x20 binaries/freebuf.o
                                         0x38 (size before relaxing)
 .eh_frame      0x000000000011b258       0x20 binaries/freemem.o
                                         0x38 (size before relaxing)
 .eh_frame      0x000000000011b278       0x20 binaries/getbuf.o
                                         0x38 (size before relaxing)
 .eh_frame      0x000000000011b298       0x20 binaries/getc.o
                                         0x38 (size before relaxing)
 .eh_frame      0x000000000011b2b8       0x20 binaries/getdev.o
                                         0x38 (size before relaxing)
 .eh_frame      0x000000000011b2d8       0x60 binaries/getitem.o
                                         0x78 (size before relaxing)
 .eh_frame      0x000000000011b338       0x20 binaries/getmem.o
                                         0x38 (size before relaxing)
 .eh_frame      0x000000000011b358       0x20 binaries/getpid.o
                                         0x38 (size before relaxing)
 .eh_frame      0x000000000011b378       0x20 binaries/getprio.o
                                         0x38 (size before relaxing)
 .eh_frame      0x000000000011b398       0x20 binaries/getstk.o
                                         0x38 (size before relaxing)
 .eh_frame      0x000000000011b3b8       0x20 binaries/getticks.o
                                         0x38 (size before relaxing)
 .eh_frame      0x000000000011b3d8       0x20 binaries/gettime.o
                                         0x38 (size before relaxing)
 .eh_frame      0x000000000011b3f8       0x20 binaries/getutime.o
                                         0x38 (size before relaxing)
 .eh_frame      0x000000000011b418       0x8c binaries/i386.o
                                         0xa4 (size before relaxing)
 .eh_frame      0x000000000011b4a4       0x20 binaries/init.o
                                         0x38 (size before relaxing)
 .eh_frame      0x000000000011b4c4       0xa0 binaries/initialize.o
                                         0xb8 (size before relaxing)
 .eh_frame      0x000000000011b564       0x20 binaries/insert.o
                                         0x38 (size before relaxing)
 .eh_frame      0x000000000011b584       0x20 binaries/insertd.o
                                         0x38 (size before relaxing)
 .eh_frame      0x000000000011b5a4       0x20 binaries/ioerr.o
                                         0x38 (size before relaxing)
 .eh_frame      0x000000000011b5c4       0x20 binaries/ionull.o
                                         0x38 (size before relaxing)
 .eh_frame      0x000000000011b5e4       0x20 binaries/kill.o
                                         0x38 (size before relaxing)
 .eh_frame      0x000000000011b604       0x60 binaries/kprintf.o
                                         0x78 (size before relaxing)
 .eh_frame      0x000000000011b664       0x2c binaries/main.o
                                         0x44 (size before relaxing)
 .eh_frame      0x000000000011b690       0x40 binaries/mark.o
                                         0x58 (size before relaxing)
 .eh_frame      0x000000000011b6d0       0x20 binaries/meminit.o
                                         0x38 (size before relaxing)
 .eh_frame      0x000000000011b6f0       0x20 binaries/mkbufpool.o
                                         0x38 (size before relaxing)
 .eh_frame      0x000000000011b710       0x20 binaries/newqueue.o
                                         0x38 (size before relaxing)
 .eh_frame      0x000000000011b730       0x20 binaries/open.o
                                         0x38 (size before relaxing)
 .eh_frame      0x000000000011b750       0x1c binaries/panic.o
                                         0x34 (size before relaxing)
 .eh_frame      0x000000000011b76c      0x1c8 binaries/pci.o
                                        0x1e0 (size before relaxing)
 .eh_frame      0x000000000011b934       0x20 binaries/print_ready_list.o
                                         0x38 (size before relaxing)
 .eh_frame      0x000000000011b954       0x20 binaries/ptclear.o
                                         0x38 (size before relaxing)
 .eh_frame      0x000000000011b974       0x20 binaries/ptcount.o
                                         0x38 (size before relaxing)
 .eh_frame      0x000000000011b994       0x20 binaries/ptcreate.o
                                         0x38 (size before relaxing)
 .eh_frame      0x000000000011b9b4       0x20 binaries/ptdelete.o
                                         0x38 (size before relaxing)
 .eh_frame      0x000000000011b9d4       0x20 binaries/ptinit.o
                                         0x38 (size before relaxing)
 .eh_frame      0x000000000011b9f4       0x20 binaries/ptrecv.o
                                         0x38 (size before relaxing)
 .eh_frame      0x000000000011ba14       0x20 binaries/ptreset.o
                                         0x38 (size before relaxing)
 .eh_frame      0x000000000011ba34       0x20 binaries/ptsend.o
                                         0x38 (size before relaxing)
 .eh_frame      0x000000000011ba54       0x20 binaries/putc.o
                                         0x38 (size before relaxing)
 .eh_frame      0x000000000011ba74       0x40 binaries/queue.o
                                         0x58 (size before relaxing)
 .eh_frame      0x000000000011bab4       0x20 binaries/read.o
                                         0x38 (size before relaxing)
 .eh_frame      0x000000000011bad4       0x24 binaries/ready.o
                                         0x3c (size before relaxing)
 .eh_frame      0x000000000011baf8       0x20 binaries/receive.o
                                         0x38 (size before relaxing)
 .eh_frame      0x000000000011bb18       0x20 binaries/recvclr.o
                                         0x38 (size before relaxing)
 .eh_frame      0x000000000011bb38       0x20 binaries/recvtime.o
                                         0x38 (size before relaxing)
 .eh_frame      0x000000000011bb58       0x60 binaries/resched.o
                                         0x78 (size before relaxing)
 .eh_frame      0x000000000011bbb8       0x20 binaries/resume.o
                                         0x38 (size before relaxing)
 .eh_frame      0x000000000011bbd8       0x20 binaries/seek.o
                                         0x38 (size before relaxing)
 .eh_frame      0x000000000011bbf8       0x20 binaries/semcount.o
                                         0x38 (size before relaxing)
 .eh_frame      0x000000000011bc18       0x40 binaries/semcreate.o
                                         0x58 (size before relaxing)
 .eh_frame      0x000000000011bc58       0x20 binaries/semdelete.o
                                         0x38 (size before relaxing)
 .eh_frame      0x000000000011bc78       0x20 binaries/semreset.o
                                         0x38 (size before relaxing)
 .eh_frame      0x000000000011bc98       0x20 binaries/send.o
                                         0x38 (size before relaxing)
 .eh_frame      0x000000000011bcb8       0x20 binaries/signal.o
                                         0x38 (size before relaxing)
 .eh_frame      0x000000000011bcd8       0x20 binaries/signaln.o
                                         0x38 (size before relaxing)
 .eh_frame      0x000000000011bcf8       0x40 binaries/sleep.o
                                         0x58 (size before relaxing)
 .eh_frame      0x000000000011bd38       0x20 binaries/stacktrace.o
                                         0x38 (size before relaxing)
 .eh_frame      0x000000000011bd58       0x20 binaries/suspend.o
                                         0x38 (size before relaxing)
 .eh_frame      0x000000000011bd78       0x20 binaries/unsleep.o
                                         0x38 (size before relaxing)
 .eh_frame      0x000000000011bd98       0x20 binaries/userret.o
                                         0x38 (size before relaxing)
 .eh_frame      0x000000000011bdb8       0x20 binaries/wait.o
                                         0x38 (size before relaxing)
 .eh_frame      0x000000000011bdd8       0x20 binaries/wakeup.o
                                         0x38 (size before relaxing)
 .eh_frame      0x000000000011bdf8       0x20 binaries/write.o
                                         0x38 (size before relaxing)
 .eh_frame      0x000000000011be18       0x20 binaries/xdone.o
                                         0x38 (size before relaxing)
 .eh_frame      0x000000000011be38       0x20 binaries/yield.o
                                         0x38 (size before relaxing)
 .eh_frame      0x000000000011be58       0x20 binaries/abs.o
                                         0x38 (size before relaxing)
 .eh_frame      0x000000000011be78       0x20 binaries/atoi.o
                                         0x38 (size before relaxing)
 .eh_frame      0x000000000011be98       0x20 binaries/atol.o
                                         0x38 (size before relaxing)
 .eh_frame      0x000000000011beb8       0x20 binaries/bzero.o
                                         0x38 (size before relaxing)
 .eh_frame      0x000000000011bed8       0xe0 binaries/doprnt.o
                                         0xf8 (size before relaxing)
 .eh_frame      0x000000000011bfb8       0xb0 binaries/doscan.o
                                         0xc8 (size before relaxing)
 .eh_frame      0x000000000011c068       0xc0 binaries/fdoprnt.o
                                         0xd8 (size before relaxing)
 .eh_frame      0x000000000011c128       0x20 binaries/fgetc.o
                                         0x38 (size before relaxing)
 .eh_frame      0x000000000011c148       0x20 binaries/fgets.o
                                         0x38 (size before relaxing)
 .eh_frame      0x000000000011c168       0x20 binaries/fprintf.o
                                         0x38 (size before relaxing)
 .eh_frame      0x000000000011c188       0x20 binaries/fputc.o
                                         0x38 (size before relaxing)
 .eh_frame      0x000000000011c1a8       0x20 binaries/fputs.o
                                         0x38 (size before relaxing)
 .eh_frame      0x000000000011c1c8       0x60 binaries/fscanf.o
                                         0x78 (size before relaxing)
 .eh_frame      0x000000000011c228       0x20 binaries/getchar.o
                                         0x38 (size before relaxing)
 .eh_frame      0x000000000011c248       0x20 binaries/labs.o
                                         0x38 (size before relaxing)
 .eh_frame      0x000000000011c268       0x20 binaries/memcmp.o
                                         0x38 (size before relaxing)
 .eh_frame      0x000000000011c288       0x24 binaries/memcpy.o
                                         0x3c (size before relaxing)
 .eh_frame      0x000000000011c2ac       0x24 binaries/memset.o
                                         0x3c (size before relaxing)
 .eh_frame      0x000000000011c2d0       0x20 binaries/printf.o
                                         0x38 (size before relaxing)
 .eh_frame      0x000000000011c2f0       0x20 binaries/putchar.o
                                         0x38 (size before relaxing)
 .eh_frame      0x000000000011c310       0xa8 binaries/qsort.o
                                         0xc0 (size before relaxing)
 .eh_frame      0x000000000011c3b8       0x60 binaries/rand.o
                                         0x78 (size before relaxing)
 .eh_frame      0x000000000011c418       0x40 binaries/sprintf.o
                                         0x58 (size before relaxing)
 .eh_frame      0x000000000011c458       0x60 binaries/sscanf.o
                                         0x78 (size before relaxing)
 .eh_frame      0x000000000011c4b8       0x20 binaries/strchr.o
                                         0x38 (size before relaxing)
 .eh_frame      0x000000000011c4d8       0x20 binaries/strcmp.o
                                         0x38 (size before relaxing)
 .eh_frame      0x000000000011c4f8       0x20 binaries/strcpy.o
                                         0x38 (size before relaxing)
 .eh_frame      0x000000000011c518       0x20 binaries/strlen.o
                                         0x38 (size before relaxing)
 .eh_frame      0x000000000011c538       0x20 binaries/strncat.o
                                         0x38 (size before relaxing)
 .eh_frame      0x000000000011c558       0x20 binaries/strncmp.o
                                         0x38 (size before relaxing)
 .eh_frame      0x000000000011c578       0x28 binaries/strncpy.o
                                         0x40 (size before relaxing)
 .eh_frame      0x000000000011c5a0       0x20 binaries/strnlen.o
                                         0x38 (size before relaxing)
 .eh_frame      0x000000000011c5c0       0x20 binaries/strrchr.o
                                         0x38 (size before relaxing)
 .eh_frame      0x000000000011c5e0       0x20 binaries/strstr.o
                                         0x38 (size before relaxing)
 .eh_frame      0x000000000011c600       0x20 binaries/ttycontrol.o
                                         0x38 (size before relaxing)
 .eh_frame      0x000000000011c620       0x20 binaries/ttygetc.o
                                         0x38 (size before relaxing)
 .eh_frame      0x000000000011c640       0x80 binaries/ttyhandle_in.o
                                         0x98 (size before relaxing)
 .eh_frame      0x000000000011c6c0       0x20 binaries/ttyhandle_out.o
                                         0x38 (size before relaxing)
 .eh_frame      0x000000000011c6e0       0x20 binaries/ttyhandler.o
                                         0x38 (size before relaxing)
 .eh_frame      0x000000000011c700       0x20 binaries/ttyinit.o
                                         0x38 (size before relaxing)
 .eh_frame      0x000000000011c720       0x20 binaries/ttykickout.o
                                         0x38 (size before relaxing)
 .eh_frame      0x000000000011c740       0x20 binaries/ttyputc.o
                                         0x38 (size before relaxing)
 .eh_frame      0x000000000011c760       0x24 binaries/ttyread.o
                                         0x3c (size before relaxing)
 .eh_frame      0x000000000011c784       0x20 binaries/ttywrite.o
                                         0x38 (size before relaxing)
 .eh_frame      0x000000000011c7a4       0x40 binaries/mount.o
                                         0x58 (size before relaxing)
 .eh_frame      0x000000000011c7e4       0x20 binaries/naminit.o
                                         0x38 (size before relaxing)
 .eh_frame      0x000000000011c804       0x60 binaries/nammap.o
                                         0x78 (size before relaxing)
 .eh_frame      0x000000000011c864       0x20 binaries/namopen.o
                                         0x38 (size before relaxing)
 .eh_frame      0x000000000011c884      0x150 binaries/82545EMInit.o
                                        0x168 (size before relaxing)
 .eh_frame      0x000000000011c9d4       0xa0 binaries/ethcontrol.o
                                         0xb8 (size before relaxing)
 .eh_frame      0x000000000011ca74       0x80 binaries/ethhandler.o
                                         0x98 (size before relaxing)
 .eh_frame      0x000000000011caf4       0x20 binaries/ethinit.o
                                         0x38 (size before relaxing)
 .eh_frame      0x000000000011cb14       0x60 binaries/ethread.o
                                         0x78 (size before relaxing)
 .eh_frame      0x000000000011cb74       0x60 binaries/ethwrite.o
                                         0x78 (size before relaxing)
 .eh_frame      0x000000000011cbd4       0x20 binaries/rdsbufalloc.o
                                         0x38 (size before relaxing)
 .eh_frame      0x000000000011cbf4       0x20 binaries/rdsclose.o
                                         0x38 (size before relaxing)
 .eh_frame      0x000000000011cc14       0x20 binaries/rdscomm.o
                                         0x38 (size before relaxing)
 .eh_frame      0x000000000011cc34       0x20 binaries/rdscontrol.o
                                         0x38 (size before relaxing)
 .eh_frame      0x000000000011cc54       0x20 binaries/rdsinit.o
                                         0x38 (size before relaxing)
 .eh_frame      0x000000000011cc74       0x20 binaries/rdsopen.o
                                         0x38 (size before relaxing)
 .eh_frame      0x000000000011cc94       0x1c binaries/rdsprocess.o
                                         0x34 (size before relaxing)
 .eh_frame      0x000000000011ccb0       0x20 binaries/rdsread.o
                                         0x38 (size before relaxing)
 .eh_frame      0x000000000011ccd0       0x20 binaries/rdswrite.o
                                         0x38 (size before relaxing)
 .eh_frame      0x000000000011ccf0       0x20 binaries/ramclose.o
                                         0x38 (size before relaxing)
 .eh_frame      0x000000000011cd10       0x20 binaries/raminit.o
                                         0x38 (size before relaxing)
 .eh_frame      0x000000000011cd30       0x20 binaries/ramopen.o
                                         0x38 (size before relaxing)
 .eh_frame      0x000000000011cd50       0x20 binaries/ramread.o
                                         0x38 (size before relaxing)
 .eh_frame      0x000000000011cd70       0x20 binaries/ramwrite.o
                                         0x38 (size before relaxing)
 .eh_frame      0x000000000011cd90       0x20 binaries/lfdballoc.o
                                         0x38 (size before relaxing)
 .eh_frame      0x000000000011cdb0       0x20 binaries/lfdbfree.o
                                         0x38 (size before relaxing)
 .eh_frame      0x000000000011cdd0       0x20 binaries/lfflush.o
                                         0x38 (size before relaxing)
 .eh_frame      0x000000000011cdf0       0x20 binaries/lfgetmode.o
                                         0x38 (size before relaxing)
 .eh_frame      0x000000000011ce10       0x20 binaries/lfiballoc.o
                                         0x38 (size before relaxing)
 .eh_frame      0x000000000011ce30       0x20 binaries/lfibclear.o
                                         0x38 (size before relaxing)
 .eh_frame      0x000000000011ce50       0x20 binaries/lfibget.o
                                         0x38 (size before relaxing)
 .eh_frame      0x000000000011ce70       0x20 binaries/lfibput.o
                                         0x38 (size before relaxing)
 .eh_frame      0x000000000011ce90       0x20 binaries/lflclose.o
                                         0x38 (size before relaxing)
 .eh_frame      0x000000000011ceb0       0x20 binaries/lflcontrol.o
                                         0x38 (size before relaxing)
 .eh_frame      0x000000000011ced0       0x20 binaries/lflgetc.o
                                         0x38 (size before relaxing)
 .eh_frame      0x000000000011cef0       0x20 binaries/lflinit.o
                                         0x38 (size before relaxing)
 .eh_frame      0x000000000011cf10       0x20 binaries/lflputc.o
                                         0x38 (size before relaxing)
 .eh_frame      0x000000000011cf30       0x20 binaries/lflread.o
                                         0x38 (size before relaxing)
 .eh_frame      0x000000000011cf50       0x20 binaries/lflseek.o
                                         0x38 (size before relaxing)
 .eh_frame      0x000000000011cf70       0x20 binaries/lflwrite.o
                                         0x38 (size before relaxing)
 .eh_frame      0x000000000011cf90       0x20 binaries/lfscheck.o
                                         0x38 (size before relaxing)
 .eh_frame      0x000000000011cfb0       0x20 binaries/lfsckfmt.o
                                         0x38 (size before relaxing)
 .eh_frame      0x000000000011cfd0       0x20 binaries/lfscreate.o
                                         0x38 (size before relaxing)
 .eh_frame      0x000000000011cff0       0x20 binaries/lfsetup.o
                                         0x38 (size before relaxing)
 .eh_frame      0x000000000011d010       0x20 binaries/lfsinit.o
                                         0x38 (size before relaxing)
 .eh_frame      0x000000000011d030       0x20 binaries/lfsopen.o
                                         0x38 (size before relaxing)
 .eh_frame      0x000000000011d050       0x20 binaries/lftruncate.o
                                         0x38 (size before relaxing)
 .eh_frame      0x000000000011d070       0x20 binaries/rflclose.o
                                         0x38 (size before relaxing)
 .eh_frame      0x000000000011d090       0x20 binaries/rflgetc.o
                                         0x38 (size before relaxing)
 .eh_frame      0x000000000011d0b0       0x20 binaries/rflinit.o
                                         0x38 (size before relaxing)
 .eh_frame      0x000000000011d0d0       0x20 binaries/rflputc.o
                                         0x38 (size before relaxing)
 .eh_frame      0x000000000011d0f0       0x20 binaries/rflread.o
                                         0x38 (size before relaxing)
 .eh_frame      0x000000000011d110       0x20 binaries/rflseek.o
                                         0x38 (size before relaxing)
 .eh_frame      0x000000000011d130       0x20 binaries/rflwrite.o
                                         0x38 (size before relaxing)
 .eh_frame      0x000000000011d150       0x20 binaries/rfscomm.o
                                         0x38 (size before relaxing)
 .eh_frame      0x000000000011d170       0x20 binaries/rfscontrol.o
                                         0x38 (size before relaxing)
 .eh_frame      0x000000000011d190       0x20 binaries/rfsgetmode.o
                                         0x38 (size before relaxing)
 .eh_frame      0x000000000011d1b0       0x20 binaries/rfsinit.o
                                         0x38 (size before relaxing)
 .eh_frame      0x000000000011d1d0       0x20 binaries/rfsndmsg.o
                                         0x38 (size before relaxing)
 .eh_frame      0x000000000011d1f0       0x20 binaries/rfsopen.o
                                         0x38 (size before relaxing)
 .eh_frame      0x000000000011d210       0xc0 binaries/arp.o
                                         0xd8 (size before relaxing)
 .eh_frame      0x000000000011d2d0       0xa0 binaries/dhcp.o
                                         0xb8 (size before relaxing)
 .eh_frame      0x000000000011d370       0x80 binaries/dns.o
                                         0x98 (size before relaxing)
 .eh_frame      0x000000000011d3f0       0x20 binaries/dot2ip.o
                                         0x38 (size before relaxing)
 .eh_frame      0x000000000011d410       0x40 binaries/hexdump.o
                                         0x58 (size before relaxing)
 .eh_frame      0x000000000011d450      0x14c binaries/icmp.o
                                        0x164 (size before relaxing)
 .eh_frame      0x000000000011d59c      0x11c binaries/ip.o
                                        0x134 (size before relaxing)
 .eh_frame      0x000000000011d6b8       0xa0 binaries/net.o
                                         0xb8 (size before relaxing)
 .eh_frame      0x000000000011d758       0x60 binaries/pdump.o
                                         0x78 (size before relaxing)
 .eh_frame      0x000000000011d7b8       0x60 binaries/tftp.o
                                         0x78 (size before relaxing)
 .eh_frame      0x000000000011d818      0x140 binaries/udp.o
                                        0x158 (size before relaxing)
 .eh_frame      0x000000000011d958       0x20 binaries/addargs.o
                                         0x38 (size before relaxing)
 .eh_frame      0x000000000011d978       0x20 binaries/lexan.o
                                         0x38 (size before relaxing)
 .eh_frame      0x000000000011d998       0x20 binaries/shell.o
                                         0x38 (size before relaxing)
 .eh_frame      0x000000000011d9b8       0x20 binaries/xsh_argecho.o
                                         0x38 (size before relaxing)
 .eh_frame      0x000000000011d9d8       0x40 binaries/xsh_arp.o
                                         0x58 (size before relaxing)
 .eh_frame      0x000000000011da18       0x20 binaries/xsh_cat.o
                                         0x38 (size before relaxing)
 .eh_frame      0x000000000011da38       0x20 binaries/xsh_clear.o
                                         0x38 (size before relaxing)
 .eh_frame      0x000000000011da58       0x20 binaries/xsh_date.o
                                         0x38 (size before relaxing)
 .eh_frame      0x000000000011da78       0x20 binaries/xsh_devdump.o
                                         0x38 (size before relaxing)
 .eh_frame      0x000000000011da98       0x20 binaries/xsh_echo.o
                                         0x38 (size before relaxing)
 .eh_frame      0x000000000011dab8       0x20 binaries/xsh_exit.o
                                         0x38 (size before relaxing)
 .eh_frame      0x000000000011dad8       0x20 binaries/xsh_help.o
                                         0x38 (size before relaxing)
 .eh_frame      0x000000000011daf8       0x20 binaries/xsh_kill.o
                                         0x38 (size before relaxing)
 .eh_frame      0x000000000011db18       0x40 binaries/xsh_memdump.o
                                         0x58 (size before relaxing)
 .eh_frame      0x000000000011db58       0x60 binaries/xsh_memstat.o
                                         0x78 (size before relaxing)
 .eh_frame      0x000000000011dbb8       0x30 binaries/xsh_netinfo.o
                                         0x48 (size before relaxing)
 .eh_frame      0x000000000011dbe8       0x24 binaries/xsh_ping.o
                                         0x3c (size before relaxing)
 .eh_frame      0x000000000011dc0c       0x30 binaries/xsh_ps.o
                                         0x48 (size before relaxing)
 .eh_frame      0x000000000011dc3c       0x20 binaries/xsh_sleep.o
                                         0x38 (size before relaxing)
 .eh_frame      0x000000000011dc5c       0x20 binaries/xsh_udpdump.o
                                         0x38 (size before relaxing)
 .eh_frame      0x000000000011dc7c       0x30 binaries/xsh_udpecho.o
                                         0x48 (size before relaxing)
 .eh_frame      0x000000000011dcac       0x24 binaries/xsh_udpserver.o
                                         0x3c (size before relaxing)
 .eh_frame      0x000000000011dcd0       0x20 binaries/xsh_uptime.o
                                         0x38 (size before relaxing)

.iplt           0x000000000011dcf0        0x0
 .iplt          0x000000000011dcf0        0x0 binaries/start.o

.rel.dyn        0x000000000011dcf0        0x0
 .rel.iplt      0x000000000011dcf0        0x0 binaries/start.o
 .rel.text      0x000000000011dcf0        0x0 binaries/start.o
 .rel.data      0x000000000011dcf0        0x0 binaries/start.o
 .rel.rodata    0x000000000011dcf0        0x0 binaries/start.o

.data           0x000000000011dd00     0x1300
                0x000000000011dd00                data = ABSOLUTE (.)
 *(.data .data.*)
 .data          0x000000000011dd00      0x460 binaries/start.o
                0x000000000011dd00                gdt
                0x000000000011dd40                gdtr
                0x000000000011dd46                idt
                0x000000000011e146                idtr
                0x000000000011e14c                cpudelay
                0x000000000011e150                _bootdev
                0x000000000011e154                _cyloffset
 .data          0x000000000011e160       0x88 binaries/ascdate.o
                0x000000000011e160                Date
 .data          0x000000000011e1e8        0x0 binaries/bufinit.o
 .data          0x000000000011e1e8        0x0 binaries/chprio.o
 .data          0x000000000011e1e8        0x4 binaries/clkhandler.o
 .data          0x000000000011e1ec        0x0 binaries/clkinit.o
 .data          0x000000000011e1ec        0x0 binaries/close.o
 *fill*         0x000000000011e1ec       0x14 
 .data          0x000000000011e200      0x5a0 binaries/conf.o
                0x000000000011e200                devtab
 .data          0x000000000011e7a0        0x0 binaries/control.o
 .data          0x000000000011e7a0        0x4 binaries/create.o
 .data          0x000000000011e7a4        0x4 binaries/create_user_proc.o
 *fill*         0x000000000011e7a8       0x18 
 .data          0x000000000011e7c0       0x40 binaries/evec.o
                0x000000000011e7c0                inames
 .data          0x000000000011e800        0x0 binaries/exit.o
 .data          0x000000000011e800        0x0 binaries/freebuf.o
 .data          0x000000000011e800        0x0 binaries/freemem.o
 .data          0x000000000011e800        0x0 binaries/getbuf.o
 .data          0x000000000011e800        0x0 binaries/getc.o
 .data          0x000000000011e800        0x0 binaries/getdev.o
 .data          0x000000000011e800        0x0 binaries/getitem.o
 .data          0x000000000011e800        0x0 binaries/getmem.o
 .data          0x000000000011e800        0x0 binaries/getpid.o
 .data          0x000000000011e800        0x0 binaries/getprio.o
 .data          0x000000000011e800        0x0 binaries/getstk.o
 .data          0x000000000011e800        0x0 binaries/getticks.o
 .data          0x000000000011e800        0x0 binaries/gettime.o
 .data          0x000000000011e800        0x0 binaries/getutime.o
 .data          0x000000000011e800       0x40 binaries/i386.o
                0x000000000011e800                gdt_copy
 .data          0x000000000011e840        0x0 binaries/init.o
 .data          0x000000000011e840        0x0 binaries/initialize.o
 .data          0x000000000011e840        0x0 binaries/insert.o
 .data          0x000000000011e840        0x0 binaries/insertd.o
 .data          0x000000000011e840        0x0 binaries/ioerr.o
 .data          0x000000000011e840        0x0 binaries/ionull.o
 .data          0x000000000011e840        0x0 binaries/kill.o
 .data          0x000000000011e840        0x0 binaries/kprintf.o
 .data          0x000000000011e840        0x0 binaries/main.o
 .data          0x000000000011e840        0x0 binaries/mark.o
 .data          0x000000000011e840        0x0 binaries/meminit.o
 .data          0x000000000011e840        0x0 binaries/mkbufpool.o
 .data          0x000000000011e840        0x2 binaries/newqueue.o
 .data          0x000000000011e842        0x0 binaries/open.o
 .data          0x000000000011e842        0x0 binaries/panic.o
 *fill*         0x000000000011e842        0x2 
 .data          0x000000000011e844       0x10 binaries/pci.o
 .data          0x000000000011e854        0x0 binaries/print_ready_list.o
 .data          0x000000000011e854        0x0 binaries/ptclear.o
 .data          0x000000000011e854        0x0 binaries/ptcount.o
 .data          0x000000000011e854        0x0 binaries/ptcreate.o
 .data          0x000000000011e854        0x0 binaries/ptdelete.o
 .data          0x000000000011e854        0x0 binaries/ptinit.o
 .data          0x000000000011e854        0x0 binaries/ptrecv.o
 .data          0x000000000011e854        0x0 binaries/ptreset.o
 .data          0x000000000011e854        0x0 binaries/ptsend.o
 .data          0x000000000011e854        0x0 binaries/putc.o
 .data          0x000000000011e854        0x0 binaries/queue.o
[...]
 .comment       0x000000000000001d       0x1e binaries/dot2ip.o
 .comment       0x000000000000001d       0x1e binaries/hexdump.o
 .comment       0x000000000000001d       0x1e binaries/icmp.o
 .comment       0x000000000000001d       0x1e binaries/ip.o
 .comment       0x000000000000001d       0x1e binaries/net.o
 .comment       0x000000000000001d       0x1e binaries/pdump.o
 .comment       0x000000000000001d       0x1e binaries/tftp.o
 .comment       0x000000000000001d       0x1e binaries/udp.o
 .comment       0x000000000000001d       0x1e binaries/addargs.o
 .comment       0x000000000000001d       0x1e binaries/lexan.o
 .comment       0x000000000000001d       0x1e binaries/shell.o
 .comment       0x000000000000001d       0x1e binaries/xsh_argecho.o
 .comment       0x000000000000001d       0x1e binaries/xsh_arp.o
 .comment       0x000000000000001d       0x1e binaries/xsh_cat.o
 .comment       0x000000000000001d       0x1e binaries/xsh_clear.o
 .comment       0x000000000000001d       0x1e binaries/xsh_date.o
 .comment       0x000000000000001d       0x1e binaries/xsh_devdump.o
 .comment       0x000000000000001d       0x1e binaries/xsh_echo.o
 .comment       0x000000000000001d       0x1e binaries/xsh_exit.o
 .comment       0x000000000000001d       0x1e binaries/xsh_help.o
 .comment       0x000000000000001d       0x1e binaries/xsh_kill.o
 .comment       0x000000000000001d       0x1e binaries/xsh_memdump.o
 .comment       0x000000000000001d       0x1e binaries/xsh_memstat.o
 .comment       0x000000000000001d       0x1e binaries/xsh_netinfo.o
 .comment       0x000000000000001d       0x1e binaries/xsh_ping.o
 .comment       0x000000000000001d       0x1e binaries/xsh_ps.o
 .comment       0x000000000000001d       0x1e binaries/xsh_sleep.o
 .comment       0x000000000000001d       0x1e binaries/xsh_udpdump.o
 .comment       0x000000000000001d       0x1e binaries/xsh_udpecho.o
 .comment       0x000000000000001d       0x1e binaries/xsh_udpserver.o
 .comment       0x000000000000001d       0x1e binaries/xsh_uptime.o

.note.GNU-stack
                0x0000000000000000        0x0
 .note.GNU-stack
                0x0000000000000000        0x0 binaries/ascdate.o
 .note.GNU-stack
                0x0000000000000000        0x0 binaries/bufinit.o
 .note.GNU-stack
                0x0000000000000000        0x0 binaries/chprio.o
 .note.GNU-stack
                0x0000000000000000        0x0 binaries/clkhandler.o
 .note.GNU-stack
                0x0000000000000000        0x0 binaries/clkinit.o
 .note.GNU-stack
                0x0000000000000000        0x0 binaries/close.o
 .note.GNU-stack
                0x0000000000000000        0x0 binaries/conf.o
 .note.GNU-stack
                0x0000000000000000        0x0 binaries/control.o
 .note.GNU-stack
                0x0000000000000000        0x0 binaries/create.o
 .note.GNU-stack
                0x0000000000000000        0x0 binaries/create_user_proc.o
 .note.GNU-stack
                0x0000000000000000        0x0 binaries/evec.o
 .note.GNU-stack
                0x0000000000000000        0x0 binaries/exit.o
 .note.GNU-stack
                0x0000000000000000        0x0 binaries/freebuf.o
 .note.GNU-stack
                0x0000000000000000        0x0 binaries/freemem.o
 .note.GNU-stack
                0x0000000000000000        0x0 binaries/getbuf.o
 .note.GNU-stack
                0x0000000000000000        0x0 binaries/getc.o
 .note.GNU-stack
                0x0000000000000000        0x0 binaries/getdev.o
 .note.GNU-stack
                0x0000000000000000        0x0 binaries/getitem.o
 .note.GNU-stack
                0x0000000000000000        0x0 binaries/getmem.o
 .note.GNU-stack
                0x0000000000000000        0x0 binaries/getpid.o
 .note.GNU-stack
                0x0000000000000000        0x0 binaries/getprio.o
 .note.GNU-stack
                0x0000000000000000        0x0 binaries/getstk.o
 .note.GNU-stack
                0x0000000000000000        0x0 binaries/getticks.o
 .note.GNU-stack
                0x0000000000000000        0x0 binaries/gettime.o
 .note.GNU-stack
                0x0000000000000000        0x0 binaries/getutime.o
 .note.GNU-stack
                0x0000000000000000        0x0 binaries/i386.o
 .note.GNU-stack
                0x0000000000000000        0x0 binaries/init.o
 .note.GNU-stack
                0x0000000000000000        0x0 binaries/initialize.o
 .note.GNU-stack
                0x0000000000000000        0x0 binaries/insert.o
 .note.GNU-stack
                0x0000000000000000        0x0 binaries/insertd.o
 .note.GNU-stack
                0x0000000000000000        0x0 binaries/ioerr.o
 .note.GNU-stack
                0x0000000000000000        0x0 binaries/ionull.o
 .note.GNU-stack
                0x0000000000000000        0x0 binaries/kill.o
 .note.GNU-stack
                0x0000000000000000        0x0 binaries/kprintf.o
 .note.GNU-stack
                0x0000000000000000        0x0 binaries/main.o
 .note.GNU-stack
                0x0000000000000000        0x0 binaries/mark.o
 .note.GNU-stack
                0x0000000000000000        0x0 binaries/meminit.o
 .note.GNU-stack
                0x0000000000000000        0x0 binaries/mkbufpool.o
 .note.GNU-stack
                0x0000000000000000        0x0 binaries/newqueue.o
 .note.GNU-stack
                0x0000000000000000        0x0 binaries/open.o
 .note.GNU-stack
                0x0000000000000000        0x0 binaries/panic.o
 .note.GNU-stack
                0x0000000000000000        0x0 binaries/pci.o
 .note.GNU-stack
                0x0000000000000000        0x0 binaries/print_ready_list.o
 .note.GNU-stack
                0x0000000000000000        0x0 binaries/ptclear.o
 .note.GNU-stack
                0x0000000000000000        0x0 binaries/ptcount.o
 .note.GNU-stack
                0x0000000000000000        0x0 binaries/ptcreate.o
 .note.GNU-stack
                0x0000000000000000        0x0 binaries/ptdelete.o
 .note.GNU-stack
                0x0000000000000000        0x0 binaries/ptinit.o
 .note.GNU-stack
                0x0000000000000000        0x0 binaries/ptrecv.o
 .note.GNU-stack
                0x0000000000000000        0x0 binaries/ptreset.o
 .note.GNU-stack
                0x0000000000000000        0x0 binaries/ptsend.o
 .note.GNU-stack
                0x0000000000000000        0x0 binaries/putc.o
 .note.GNU-stack
                0x0000000000000000        0x0 binaries/queue.o
 .note.GNU-stack
                0x0000000000000000        0x0 binaries/read.o
 .note.GNU-stack
                0x0000000000000000        0x0 binaries/ready.o
 .note.GNU-stack
                0x0000000000000000        0x0 binaries/receive.o
 .note.GNU-stack
                0x0000000000000000        0x0 binaries/recvclr.o
 .note.GNU-stack
                0x0000000000000000        0x0 binaries/recvtime.o
 .note.GNU-stack
                0x0000000000000000        0x0 binaries/resched.o
 .note.GNU-stack
                0x0000000000000000        0x0 binaries/resume.o
 .note.GNU-stack
                0x0000000000000000        0x0 binaries/seek.o
 .note.GNU-stack
                0x0000000000000000        0x0 binaries/semcount.o
 .note.GNU-stack
                0x0000000000000000        0x0 binaries/semcreate.o
 .note.GNU-stack
                0x0000000000000000        0x0 binaries/semdelete.o
 .note.GNU-stack
                0x0000000000000000        0x0 binaries/semreset.o
 .note.GNU-stack
                0x0000000000000000        0x0 binaries/send.o
 .note.GNU-stack
                0x0000000000000000        0x0 binaries/signal.o
 .note.GNU-stack
                0x0000000000000000        0x0 binaries/signaln.o
 .note.GNU-stack
                0x0000000000000000        0x0 binaries/sleep.o
 .note.GNU-stack
                0x0000000000000000        0x0 binaries/stacktrace.o
 .note.GNU-stack
                0x0000000000000000        0x0 binaries/suspend.o
 .note.GNU-stack
                0x0000000000000000        0x0 binaries/unsleep.o
 .note.GNU-stack
                0x0000000000000000        0x0 binaries/userret.o
 .note.GNU-stack
                0x0000000000000000        0x0 binaries/wait.o
 .note.GNU-stack
                0x0000000000000000        0x0 binaries/wakeup.o
 .note.GNU-stack
                0x0000000000000000        0x0 binaries/write.o
 .note.GNU-stack
                0x0000000000000000        0x0 binaries/xdone.o
 .note.GNU-stack
                0x0000000000000000        0x0 binaries/yield.o
 .note.GNU-stack
                0x0000000000000000        0x0 binaries/abs.o
 .note.GNU-stack
                0x0000000000000000        0x0 binaries/atoi.o
 .note.GNU-stack
                0x0000000000000000        0x0 binaries/atol.o
 .note.GNU-stack
                0x0000000000000000        0x0 binaries/bzero.o
 .note.GNU-stack
                0x0000000000000000        0x0 binaries/ctype_.o
 .note.GNU-stack
                0x0000000000000000        0x0 binaries/doprnt.o
 .note.GNU-stack
                0x0000000000000000        0x0 binaries/doscan.o
 .note.GNU-stack
                0x0000000000000000        0x0 binaries/fdoprnt.o
 .note.GNU-stack
                0x0000000000000000        0x0 binaries/fgetc.o
 .note.GNU-stack
                0x0000000000000000        0x0 binaries/fgets.o
 .note.GNU-stack
                0x0000000000000000        0x0 binaries/fprintf.o
 .note.GNU-stack
                0x0000000000000000        0x0 binaries/fputc.o
 .note.GNU-stack
                0x0000000000000000        0x0 binaries/fputs.o
 .note.GNU-stack
                0x0000000000000000        0x0 binaries/fscanf.o
 .note.GNU-stack
                0x0000000000000000        0x0 binaries/getchar.o
 .note.GNU-stack
                0x0000000000000000        0x0 binaries/labs.o
 .note.GNU-stack
                0x0000000000000000        0x0 binaries/memchr.o
 .note.GNU-stack
                0x0000000000000000        0x0 binaries/memcmp.o
 .note.GNU-stack
                0x0000000000000000        0x0 binaries/memcpy.o
 .note.GNU-stack
                0x0000000000000000        0x0 binaries/memset.o
 .note.GNU-stack
                0x0000000000000000        0x0 binaries/printf.o
 .note.GNU-stack
                0x0000000000000000        0x0 binaries/putchar.o
 .note.GNU-stack
                0x0000000000000000        0x0 binaries/qsort.o
 .note.GNU-stack
                0x0000000000000000        0x0 binaries/rand.o
 .note.GNU-stack
                0x0000000000000000        0x0 binaries/sprintf.o
 .note.GNU-stack
                0x0000000000000000        0x0 binaries/sscanf.o
 .note.GNU-stack
                0x0000000000000000        0x0 binaries/strchr.o
 .note.GNU-stack
                0x0000000000000000        0x0 binaries/strcmp.o
 .note.GNU-stack
                0x0000000000000000        0x0 binaries/strcpy.o
 .note.GNU-stack
                0x0000000000000000        0x0 binaries/strlen.o
 .note.GNU-stack
                0x0000000000000000        0x0 binaries/strncat.o
 .note.GNU-stack
                0x0000000000000000        0x0 binaries/strncmp.o
 .note.GNU-stack
                0x0000000000000000        0x0 binaries/strncpy.o
 .note.GNU-stack
                0x0000000000000000        0x0 binaries/strnlen.o
 .note.GNU-stack
                0x0000000000000000        0x0 binaries/strrchr.o
 .note.GNU-stack
                0x0000000000000000        0x0 binaries/strstr.o
 .note.GNU-stack
                0x0000000000000000        0x0 binaries/ttycontrol.o
 .note.GNU-stack
                0x0000000000000000        0x0 binaries/ttygetc.o
 .note.GNU-stack
                0x0000000000000000        0x0 binaries/ttyhandle_in.o
 .note.GNU-stack
                0x0000000000000000        0x0 binaries/ttyhandle_out.o
 .note.GNU-stack
                0x0000000000000000        0x0 binaries/ttyhandler.o
 .note.GNU-stack
                0x0000000000000000        0x0 binaries/ttyinit.o
 .note.GNU-stack
                0x0000000000000000        0x0 binaries/ttykickout.o
 .note.GNU-stack
                0x0000000000000000        0x0 binaries/ttyputc.o
 .note.GNU-stack
                0x0000000000000000        0x0 binaries/ttyread.o
 .note.GNU-stack
                0x0000000000000000        0x0 binaries/ttywrite.o
 .note.GNU-stack
                0x0000000000000000        0x0 binaries/mount.o
 .note.GNU-stack
                0x0000000000000000        0x0 binaries/naminit.o
 .note.GNU-stack
                0x0000000000000000        0x0 binaries/nammap.o
 .note.GNU-stack
                0x0000000000000000        0x0 binaries/namopen.o
 .note.GNU-stack
                0x0000000000000000        0x0 binaries/82545EMInit.o
 .note.GNU-stack
                0x0000000000000000        0x0 binaries/ethcontrol.o
 .note.GNU-stack
                0x0000000000000000        0x0 binaries/ethhandler.o
 .note.GNU-stack
                0x0000000000000000        0x0 binaries/ethinit.o
 .note.GNU-stack
                0x0000000000000000        0x0 binaries/ethread.o
 .note.GNU-stack
                0x0000000000000000        0x0 binaries/ethwrite.o
 .note.GNU-stack
                0x0000000000000000        0x0 binaries/rdsbufalloc.o
 .note.GNU-stack
                0x0000000000000000        0x0 binaries/rdsclose.o
 .note.GNU-stack
                0x0000000000000000        0x0 binaries/rdscomm.o
 .note.GNU-stack
                0x0000000000000000        0x0 binaries/rdscontrol.o
 .note.GNU-stack
                0x0000000000000000        0x0 binaries/rdsinit.o
 .note.GNU-stack
                0x0000000000000000        0x0 binaries/rdsopen.o
 .note.GNU-stack
                0x0000000000000000        0x0 binaries/rdsprocess.o
 .note.GNU-stack
                0x0000000000000000        0x0 binaries/rdsread.o
 .note.GNU-stack
                0x0000000000000000        0x0 binaries/rdswrite.o
 .note.GNU-stack
                0x0000000000000000        0x0 binaries/ramclose.o
 .note.GNU-stack
                0x0000000000000000        0x0 binaries/raminit.o
 .note.GNU-stack
                0x0000000000000000        0x0 binaries/ramopen.o
 .note.GNU-stack
                0x0000000000000000        0x0 binaries/ramread.o
 .note.GNU-stack
                0x0000000000000000        0x0 binaries/ramwrite.o
 .note.GNU-stack
                0x0000000000000000        0x0 binaries/lfdballoc.o
 .note.GNU-stack
                0x0000000000000000        0x0 binaries/lfdbfree.o
 .note.GNU-stack
                0x0000000000000000        0x0 binaries/lfflush.o
 .note.GNU-stack
                0x0000000000000000        0x0 binaries/lfgetmode.o
 .note.GNU-stack
                0x0000000000000000        0x0 binaries/lfiballoc.o
 .note.GNU-stack
                0x0000000000000000        0x0 binaries/lfibclear.o
 .note.GNU-stack
                0x0000000000000000        0x0 binaries/lfibget.o
 .note.GNU-stack
                0x0000000000000000        0x0 binaries/lfibput.o
 .note.GNU-stack
                0x0000000000000000        0x0 binaries/lflclose.o
 .note.GNU-stack
                0x0000000000000000        0x0 binaries/lflcontrol.o
 .note.GNU-stack
                0x0000000000000000        0x0 binaries/lflgetc.o
 .note.GNU-stack
                0x0000000000000000        0x0 binaries/lflinit.o
 .note.GNU-stack
                0x0000000000000000        0x0 binaries/lflputc.o
 .note.GNU-stack
                0x0000000000000000        0x0 binaries/lflread.o
 .note.GNU-stack
                0x0000000000000000        0x0 binaries/lflseek.o
 .note.GNU-stack
                0x0000000000000000        0x0 binaries/lflwrite.o
 .note.GNU-stack
                0x0000000000000000        0x0 binaries/lfscheck.o
 .note.GNU-stack
                0x0000000000000000        0x0 binaries/lfsckfmt.o
 .note.GNU-stack
                0x0000000000000000        0x0 binaries/lfscreate.o
 .note.GNU-stack
                0x0000000000000000        0x0 binaries/lfsetup.o
 .note.GNU-stack
                0x0000000000000000        0x0 binaries/lfsinit.o
 .note.GNU-stack
                0x0000000000000000        0x0 binaries/lfsopen.o
 .note.GNU-stack
                0x0000000000000000        0x0 binaries/lftruncate.o
 .note.GNU-stack
                0x0000000000000000        0x0 binaries/rflclose.o
 .note.GNU-stack
                0x0000000000000000        0x0 binaries/rflgetc.o
 .note.GNU-stack
                0x0000000000000000        0x0 binaries/rflinit.o
 .note.GNU-stack
                0x0000000000000000        0x0 binaries/rflputc.o
 .note.GNU-stack
                0x0000000000000000        0x0 binaries/rflread.o
 .note.GNU-stack
                0x0000000000000000        0x0 binaries/rflseek.o
 .note.GNU-stack
                0x0000000000000000        0x0 binaries/rflwrite.o
 .note.GNU-stack
                0x0000000000000000        0x0 binaries/rfscomm.o
 .note.GNU-stack
                0x0000000000000000        0x0 binaries/rfscontrol.o
 .note.GNU-stack
                0x0000000000000000        0x0 binaries/rfsgetmode.o
 .note.GNU-stack
                0x0000000000000000        0x0 binaries/rfsinit.o
 .note.GNU-stack
                0x0000000000000000        0x0 binaries/rfsndmsg.o
 .note.GNU-stack
                0x0000000000000000        0x0 binaries/rfsopen.o
 .note.GNU-stack
                0x0000000000000000        0x0 binaries/arp.o
 .note.GNU-stack
                0x0000000000000000        0x0 binaries/dhcp.o
 .note.GNU-stack
                0x0000000000000000        0x0 binaries/dns.o
 .note.GNU-stack
                0x0000000000000000        0x0 binaries/dot2ip.o
 .note.GNU-stack
                0x0000000000000000        0x0 binaries/hexdump.o
 .note.GNU-stack
                0x0000000000000000        0x0 binaries/icmp.o
 .note.GNU-stack
                0x0000000000000000        0x0 binaries/ip.o
 .note.GNU-stack
                0x0000000000000000        0x0 binaries/net.o
 .note.GNU-stack
                0x0000000000000000        0x0 binaries/pdump.o
 .note.GNU-stack
                0x0000000000000000        0x0 binaries/tftp.o
 .note.GNU-stack
                0x0000000000000000        0x0 binaries/udp.o
 .note.GNU-stack
                0x0000000000000000        0x0 binaries/addargs.o
 .note.GNU-stack
                0x0000000000000000        0x0 binaries/lexan.o
 .note.GNU-stack
                0x0000000000000000        0x0 binaries/shell.o
 .note.GNU-stack
                0x0000000000000000        0x0 binaries/xsh_argecho.o
 .note.GNU-stack
                0x0000000000000000        0x0 binaries/xsh_arp.o
 .note.GNU-stack
                0x0000000000000000        0x0 binaries/xsh_cat.o
 .note.GNU-stack
                0x0000000000000000        0x0 binaries/xsh_clear.o
 .note.GNU-stack
                0x0000000000000000        0x0 binaries/xsh_date.o
 .note.GNU-stack
                0x0000000000000000        0x0 binaries/xsh_devdump.o
 .note.GNU-stack
                0x0000000000000000        0x0 binaries/xsh_echo.o
 .note.GNU-stack
                0x0000000000000000        0x0 binaries/xsh_exit.o
 .note.GNU-stack
                0x0000000000000000        0x0 binaries/xsh_help.o
 .note.GNU-stack
                0x0000000000000000        0x0 binaries/xsh_kill.o
 .note.GNU-stack
                0x0000000000000000        0x0 binaries/xsh_memdump.o
 .note.GNU-stack
                0x0000000000000000        0x0 binaries/xsh_memstat.o
 .note.GNU-stack
                0x0000000000000000        0x0 binaries/xsh_netinfo.o
 .note.GNU-stack
                0x0000000000000000        0x0 binaries/xsh_ping.o
 .note.GNU-stack
                0x0000000000000000        0x0 binaries/xsh_ps.o
 .note.GNU-stack
                0x0000000000000000        0x0 binaries/xsh_sleep.o
 .note.GNU-stack
                0x0000000000000000        0x0 binaries/xsh_udpdump.o
 .note.GNU-stack
                0x0000000000000000        0x0 binaries/xsh_udpecho.o
 .note.GNU-stack
                0x0000000000000000        0x0 binaries/xsh_udpserver.o
 .note.GNU-stack
                0x0000000000000000        0x0 binaries/xsh_uptime.o
